Archive member included to satisfy reference by file (symbol)

C:/ST/STM32CubeIDE_2.0.0/STM32CubeIDE/plugins/com.st.stm32cube.ide.mcu.externaltools.gnu-tools-for-stm32.13.3.rel1.win32_1.0.100.202509120712/tools/bin/../lib/gcc/arm-none-eabi/13.3.1/../../../../arm-none-eabi/lib/thumb/v8-m.main+dp/hard\libc_nano.a(libc_a-exit.o)
                              C:/ST/STM32CubeIDE_2.0.0/STM32CubeIDE/plugins/com.st.stm32cube.ide.mcu.externaltools.gnu-tools-for-stm32.13.3.rel1.win32_1.0.100.202509120712/tools/bin/../lib/gcc/arm-none-eabi/13.3.1/../../../../arm-none-eabi/lib/thumb/v8-m.main+dp/hard/crt0.o (exit)
C:/ST/STM32CubeIDE_2.0.0/STM32CubeIDE/plugins/com.st.stm32cube.ide.mcu.externaltools.gnu-tools-for-stm32.13.3.rel1.win32_1.0.100.202509120712/tools/bin/../lib/gcc/arm-none-eabi/13.3.1/../../../../arm-none-eabi/lib/thumb/v8-m.main+dp/hard\libc_nano.a(libc_a-findfp.o)
                              C:/ST/STM32CubeIDE_2.0.0/STM32CubeIDE/plugins/com.st.stm32cube.ide.mcu.externaltools.gnu-tools-for-stm32.13.3.rel1.win32_1.0.100.202509120712/tools/bin/../lib/gcc/arm-none-eabi/13.3.1/../../../../arm-none-eabi/lib/thumb/v8-m.main+dp/hard\libc_nano.a(libc_a-exit.o) (__stdio_exit_handler)
C:/ST/STM32CubeIDE_2.0.0/STM32CubeIDE/plugins/com.st.stm32cube.ide.mcu.externaltools.gnu-tools-for-stm32.13.3.rel1.win32_1.0.100.202509120712/tools/bin/../lib/gcc/arm-none-eabi/13.3.1/../../../../arm-none-eabi/lib/thumb/v8-m.main+dp/hard\libc_nano.a(libc_a-fwalk.o)
                              C:/ST/STM32CubeIDE_2.0.0/STM32CubeIDE/plugins/com.st.stm32cube.ide.mcu.externaltools.gnu-tools-for-stm32.13.3.rel1.win32_1.0.100.202509120712/tools/bin/../lib/gcc/arm-none-eabi/13.3.1/../../../../arm-none-eabi/lib/thumb/v8-m.main+dp/hard\libc_nano.a(libc_a-findfp.o) (_fwalk_sglue)
C:/ST/STM32CubeIDE_2.0.0/STM32CubeIDE/plugins/com.st.stm32cube.ide.mcu.externaltools.gnu-tools-for-stm32.13.3.rel1.win32_1.0.100.202509120712/tools/bin/../lib/gcc/arm-none-eabi/13.3.1/../../../../arm-none-eabi/lib/thumb/v8-m.main+dp/hard\libc_nano.a(libc_a-printf.o)
                              ./Application/User/Core/main.o (printf)
C:/ST/STM32CubeIDE_2.0.0/STM32CubeIDE/plugins/com.st.stm32cube.ide.mcu.externaltools.gnu-tools-for-stm32.13.3.rel1.win32_1.0.100.202509120712/tools/bin/../lib/gcc/arm-none-eabi/13.3.1/../../../../arm-none-eabi/lib/thumb/v8-m.main+dp/hard\libc_nano.a(libc_a-stdio.o)
                              C:/ST/STM32CubeIDE_2.0.0/STM32CubeIDE/plugins/com.st.stm32cube.ide.mcu.externaltools.gnu-tools-for-stm32.13.3.rel1.win32_1.0.100.202509120712/tools/bin/../lib/gcc/arm-none-eabi/13.3.1/../../../../arm-none-eabi/lib/thumb/v8-m.main+dp/hard\libc_nano.a(libc_a-findfp.o) (__sread)
C:/ST/STM32CubeIDE_2.0.0/STM32CubeIDE/plugins/com.st.stm32cube.ide.mcu.externaltools.gnu-tools-for-stm32.13.3.rel1.win32_1.0.100.202509120712/tools/bin/../lib/gcc/arm-none-eabi/13.3.1/../../../../arm-none-eabi/lib/thumb/v8-m.main+dp/hard\libc_nano.a(libc_a-memset.o)
                              C:/ST/STM32CubeIDE_2.0.0/STM32CubeIDE/plugins/com.st.stm32cube.ide.mcu.externaltools.gnu-tools-for-stm32.13.3.rel1.win32_1.0.100.202509120712/tools/bin/../lib/gcc/arm-none-eabi/13.3.1/../../../../arm-none-eabi/lib/thumb/v8-m.main+dp/hard/crt0.o (memset)
C:/ST/STM32CubeIDE_2.0.0/STM32CubeIDE/plugins/com.st.stm32cube.ide.mcu.externaltools.gnu-tools-for-stm32.13.3.rel1.win32_1.0.100.202509120712/tools/bin/../lib/gcc/arm-none-eabi/13.3.1/../../../../arm-none-eabi/lib/thumb/v8-m.main+dp/hard\libc_nano.a(libc_a-closer.o)
                              C:/ST/STM32CubeIDE_2.0.0/STM32CubeIDE/plugins/com.st.stm32cube.ide.mcu.externaltools.gnu-tools-for-stm32.13.3.rel1.win32_1.0.100.202509120712/tools/bin/../lib/gcc/arm-none-eabi/13.3.1/../../../../arm-none-eabi/lib/thumb/v8-m.main+dp/hard\libc_nano.a(libc_a-stdio.o) (_close_r)
C:/ST/STM32CubeIDE_2.0.0/STM32CubeIDE/plugins/com.st.stm32cube.ide.mcu.externaltools.gnu-tools-for-stm32.13.3.rel1.win32_1.0.100.202509120712/tools/bin/../lib/gcc/arm-none-eabi/13.3.1/../../../../arm-none-eabi/lib/thumb/v8-m.main+dp/hard\libc_nano.a(libc_a-reent.o)
                              C:/ST/STM32CubeIDE_2.0.0/STM32CubeIDE/plugins/com.st.stm32cube.ide.mcu.externaltools.gnu-tools-for-stm32.13.3.rel1.win32_1.0.100.202509120712/tools/bin/../lib/gcc/arm-none-eabi/13.3.1/../../../../arm-none-eabi/lib/thumb/v8-m.main+dp/hard\libc_nano.a(libc_a-closer.o) (errno)
C:/ST/STM32CubeIDE_2.0.0/STM32CubeIDE/plugins/com.st.stm32cube.ide.mcu.externaltools.gnu-tools-for-stm32.13.3.rel1.win32_1.0.100.202509120712/tools/bin/../lib/gcc/arm-none-eabi/13.3.1/../../../../arm-none-eabi/lib/thumb/v8-m.main+dp/hard\libc_nano.a(libc_a-impure.o)
                              C:/ST/STM32CubeIDE_2.0.0/STM32CubeIDE/plugins/com.st.stm32cube.ide.mcu.externaltools.gnu-tools-for-stm32.13.3.rel1.win32_1.0.100.202509120712/tools/bin/../lib/gcc/arm-none-eabi/13.3.1/../../../../arm-none-eabi/lib/thumb/v8-m.main+dp/hard\libc_nano.a(libc_a-printf.o) (_impure_ptr)
[...]
Memory Configuration

Name             Origin             Length             Attributes
ROM              0x90100400         0x0007fc00         xrw
RAM              0x34000000         0x00200000         xrw
*default*        0x00000000         0xffffffff

Linker script and memory map

LOAD C:/ST/STM32CubeIDE_2.0.0/STM32CubeIDE/plugins/com.st.stm32cube.ide.mcu.externaltools.gnu-tools-for-stm32.13.3.rel1.win32_1.0.100.202509120712/tools/bin/../lib/gcc/arm-none-eabi/13.3.1/thumb/v8-m.main+dp/hard/crti.o
LOAD C:/ST/STM32CubeIDE_2.0.0/STM32CubeIDE/plugins/com.st.stm32cube.ide.mcu.externaltools.gnu-tools-for-stm32.13.3.rel1.win32_1.0.100.202509120712/tools/bin/../lib/gcc/arm-none-eabi/13.3.1/thumb/v8-m.main+dp/hard/crtbegin.o
LOAD C:/ST/STM32CubeIDE_2.0.0/STM32CubeIDE/plugins/com.st.stm32cube.ide.mcu.externaltools.gnu-tools-for-stm32.13.3.rel1.win32_1.0.100.202509120712/tools/bin/../lib/gcc/arm-none-eabi/13.3.1/../../../../arm-none-eabi/lib/thumb/v8-m.main+dp/hard/crt0.o
LOAD ./Application/User/Core/main.o
LOAD ./Application/User/Core/secure_nsc.o
LOAD ./Application/User/Core/stm32n6xx_hal_msp.o
LOAD ./Application/User/Core/stm32n6xx_it.o
LOAD ./Application/User/Core/syscalls.o
LOAD ./Application/User/Core/sysmem.o
LOAD ./Application/User/Startup/startup_stm32n657x0hxq.o
LOAD ./Drivers/CMSIS/system_stm32n6xx_s.o
LOAD ./Drivers/STM32N6xx_HAL_Driver/stm32n6xx_hal.o
LOAD ./Drivers/STM32N6xx_HAL_Driver/stm32n6xx_hal_cacheaxi.o
LOAD ./Drivers/STM32N6xx_HAL_Driver/stm32n6xx_hal_cortex.o
LOAD ./Drivers/STM32N6xx_HAL_Driver/stm32n6xx_hal_dma.o
LOAD ./Drivers/STM32N6xx_HAL_Driver/stm32n6xx_hal_dma_ex.o
LOAD ./Drivers/STM32N6xx_HAL_Driver/stm32n6xx_hal_exti.o
LOAD ./Drivers/STM32N6xx_HAL_Driver/stm32n6xx_hal_gpio.o
LOAD ./Drivers/STM32N6xx_HAL_Driver/stm32n6xx_hal_pwr.o
LOAD ./Drivers/STM32N6xx_HAL_Driver/stm32n6xx_hal_pwr_ex.o
LOAD ./Drivers/STM32N6xx_HAL_Driver/stm32n6xx_hal_ramcfg.o
LOAD ./Drivers/STM32N6xx_HAL_Driver/stm32n6xx_hal_rcc.o
LOAD ./Drivers/STM32N6xx_HAL_Driver/stm32n6xx_hal_rcc_ex.o
LOAD ./Drivers/STM32N6xx_HAL_Driver/stm32n6xx_hal_rif.o
LOAD ./Drivers/STM32N6xx_HAL_Driver/stm32n6xx_hal_uart.o
LOAD ./Drivers/STM32N6xx_HAL_Driver/stm32n6xx_hal_uart_ex.o
START GROUP
LOAD C:/ST/STM32CubeIDE_2.0.0/STM32CubeIDE/plugins/com.st.stm32cube.ide.mcu.externaltools.gnu-tools-for-stm32.13.3.rel1.win32_1.0.100.202509120712/tools/bin/../lib/gcc/arm-none-eabi/13.3.1/../../../../arm-none-eabi/lib/thumb/v8-m.main+dp/hard\libc_nano.a
LOAD C:/ST/STM32CubeIDE_2.0.0/STM32CubeIDE/plugins/com.st.stm32cube.ide.mcu.externaltools.gnu-tools-for-stm32.13.3.rel1.win32_1.0.100.202509120712/tools/bin/../lib/gcc/arm-none-eabi/13.3.1/../../../../arm-none-eabi/lib/thumb/v8-m.main+dp/hard\libm.a
END GROUP
START GROUP
LOAD C:/ST/STM32CubeIDE_2.0.0/STM32CubeIDE/plugins/com.st.stm32cube.ide.mcu.externaltools.gnu-tools-for-stm32.13.3.rel1.win32_1.0.100.202509120712/tools/bin/../lib/gcc/arm-none-eabi/13.3.1/thumb/v8-m.main+dp/hard\libgcc.a
LOAD C:/ST/STM32CubeIDE_2.0.0/STM32CubeIDE/plugins/com.st.stm32cube.ide.mcu.externaltools.gnu-tools-for-stm32.13.3.rel1.win32_1.0.100.202509120712/tools/bin/../lib/gcc/arm-none-eabi/13.3.1/../../../../arm-none-eabi/lib/thumb/v8-m.main+dp/hard\libc_nano.a
END GROUP
START GROUP
LOAD C:/ST/STM32CubeIDE_2.0.0/STM32CubeIDE/plugins/com.st.stm32cube.ide.mcu.externaltools.gnu-tools-for-stm32.13.3.rel1.win32_1.0.100.202509120712/tools/bin/../lib/gcc/arm-none-eabi/13.3.1/thumb/v8-m.main+dp/hard\libgcc.a
LOAD C:/ST/STM32CubeIDE_2.0.0/STM32CubeIDE/plugins/com.st.stm32cube.ide.mcu.externaltools.gnu-tools-for-stm32.13.3.rel1.win32_1.0.100.202509120712/tools/bin/../lib/gcc/arm-none-eabi/13.3.1/../../../../arm-none-eabi/lib/thumb/v8-m.main+dp/hard\libc_nano.a
LOAD C:/ST/STM32CubeIDE_2.0.0/STM32CubeIDE/plugins/com.st.stm32cube.ide.mcu.externaltools.gnu-tools-for-stm32.13.3.rel1.win32_1.0.100.202509120712/tools/bin/../lib/gcc/arm-none-eabi/13.3.1/../../../../arm-none-eabi/lib/thumb/v8-m.main+dp/hard\libnosys.a
END GROUP
START GROUP
LOAD C:/ST/STM32CubeIDE_2.0.0/STM32CubeIDE/plugins/com.st.stm32cube.ide.mcu.externaltools.gnu-tools-for-stm32.13.3.rel1.win32_1.0.100.202509120712/tools/bin/../lib/gcc/arm-none-eabi/13.3.1/thumb/v8-m.main+dp/hard\libgcc.a
LOAD C:/ST/STM32CubeIDE_2.0.0/STM32CubeIDE/plugins/com.st.stm32cube.ide.mcu.externaltools.gnu-tools-for-stm32.13.3.rel1.win32_1.0.100.202509120712/tools/bin/../lib/gcc/arm-none-eabi/13.3.1/../../../../arm-none-eabi/lib/thumb/v8-m.main+dp/hard\libc_nano.a
LOAD C:/ST/STM32CubeIDE_2.0.0/STM32CubeIDE/plugins/com.st.stm32cube.ide.mcu.externaltools.gnu-tools-for-stm32.13.3.rel1.win32_1.0.100.202509120712/tools/bin/../lib/gcc/arm-none-eabi/13.3.1/../../../../arm-none-eabi/lib/thumb/v8-m.main+dp/hard\libnosys.a
END GROUP
LOAD C:/ST/STM32CubeIDE_2.0.0/STM32CubeIDE/plugins/com.st.stm32cube.ide.mcu.externaltools.gnu-tools-for-stm32.13.3.rel1.win32_1.0.100.202509120712/tools/bin/../lib/gcc/arm-none-eabi/13.3.1/thumb/v8-m.main+dp/hard/crtend.o
LOAD C:/ST/STM32CubeIDE_2.0.0/STM32CubeIDE/plugins/com.st.stm32cube.ide.mcu.externaltools.gnu-tools-for-stm32.13.3.rel1.win32_1.0.100.202509120712/tools/bin/../lib/gcc/arm-none-eabi/13.3.1/thumb/v8-m.main+dp/hard/crtn.o
                0x00000200                        _Min_Heap_Size = 0x200
                0x00000800                        _Min_Stack_Size = 0x800
                0x34200000                        _estack = (ORIGIN (RAM) + LENGTH (RAM))
                0x341ff800                        _sstack = (_estack - _Min_Stack_Size)

.isr_vector     0x90100400      0x34c
                0x90100400                        . = ALIGN (0x4)
 *(.isr_vector)
 .isr_vector    0x90100400      0x34c ./Application/User/Startup/startup_stm32n657x0hxq.o
                0x90100400                g_pfnVectors
                0x9010074c                        . = ALIGN (0x4)

.text           0x9010074c     0xba74
                0x9010074c                        . = ALIGN (0x4)
 *(.text)
 .text          0x9010074c       0x40 C:/ST/STM32CubeIDE_2.0.0/STM32CubeIDE/plugins/com.st.stm32cube.ide.mcu.externaltools.gnu-tools-for-stm32.13.3.rel1.win32_1.0.100.202509120712/tools/bin/../lib/gcc/arm-none-eabi/13.3.1/thumb/v8-m.main+dp/hard/crtbegin.o
 .text          0x9010078c       0x30 C:/ST/STM32CubeIDE_2.0.0/STM32CubeIDE/plugins/com.st.stm32cube.ide.mcu.externaltools.gnu-tools-for-stm32.13.3.rel1.win32_1.0.100.202509120712/tools/bin/../lib/gcc/arm-none-eabi/13.3.1/thumb/v8-m.main+dp/hard\libgcc.a(_aeabi_uldivmod.o)
                0x9010078c                __aeabi_uldivmod
 .text          0x901007bc      0x348 C:/ST/STM32CubeIDE_2.0.0/STM32CubeIDE/plugins/com.st.stm32cube.ide.mcu.externaltools.gnu-tools-for-stm32.13.3.rel1.win32_1.0.100.202509120712/tools/bin/../lib/gcc/arm-none-eabi/13.3.1/thumb/v8-m.main+dp/hard\libgcc.a(_udivmoddi4.o)
                0x901007bc                __udivmoddi4
 .text          0x90100b04        0x4 C:/ST/STM32CubeIDE_2.0.0/STM32CubeIDE/plugins/com.st.stm32cube.ide.mcu.externaltools.gnu-tools-for-stm32.13.3.rel1.win32_1.0.100.202509120712/tools/bin/../lib/gcc/arm-none-eabi/13.3.1/thumb/v8-m.main+dp/hard\libgcc.a(_dvmd_tls.o)
                0x90100b04                __aeabi_idiv0
                0x90100b04                __aeabi_ldiv0
 *(.text*)
 .text.LL_MEM_EnableClock
                0x90100b08       0x2c ./Application/User/Core/main.o
 .text.LL_AHB3_GRP1_EnableClock
                0x90100b34       0x2c ./Application/User/Core/main.o
 .text.LL_AHB4_GRP1_EnableClock
                0x90100b60       0x2c ./Application/User/Core/main.o
 .text.LL_AHB5_GRP1_EnableClock
                0x90100b8c       0x2c ./Application/User/Core/main.o
 .text.LL_AHB5_GRP1_ForceReset
                0x90100bb8       0x20 ./Application/User/Core/main.o
 .text.LL_AHB5_GRP1_ReleaseReset
                0x90100bd8       0x28 ./Application/User/Core/main.o
 .text.main     0x90100c00       0x40 ./Application/User/Core/main.o
                0x90100c00                main
 .text.MX_CACHEAXI_Init
                0x90100c40       0x28 ./Application/User/Core/main.o
 .text.MX_RAMCFG_Init
                0x90100c68       0xbc ./Application/User/Core/main.o
 .text.SystemIsolation_Config
                0x90100d24      0x348 ./Application/User/Core/main.o
 .text.MX_SAU_Init
                0x9010106c        0xe ./Application/User/Core/main.o
 *fill*         0x9010107a        0x2 
 .text.MX_USART1_UART_Init
                0x9010107c       0x98 ./Application/User/Core/main.o
 .text.MX_GPIO_Init
                0x90101114       0x58 ./Application/User/Core/main.o
 .text._write   0x9010116c       0x2c ./Application/User/Core/main.o
                0x9010116c                _write
 .text.Error_Handler
                0x90101198        0xc ./Application/User/Core/main.o
                0x90101198                Error_Handler
 .text.SECURE_RegisterCallback
                0x901011a4       0x54 ./Application/User/Core/secure_nsc.o
                0x901011a4                __acle_se_SECURE_RegisterCallback
 .text.LL_AHB2_GRP1_EnableClock
                0x901011f8       0x2c ./Application/User/Core/stm32n6xx_hal_msp.o
 .text.LL_AHB4_GRP1_EnableClock
                0x90101224       0x2c ./Application/User/Core/stm32n6xx_hal_msp.o
 .text.LL_AHB5_GRP1_EnableClock
                0x90101250       0x2c ./Application/User/Core/stm32n6xx_hal_msp.o
 .text.LL_APB2_GRP1_EnableClock
                0x9010127c       0x2c ./Application/User/Core/stm32n6xx_hal_msp.o
 .text.HAL_MspInit
                0x901012a8       0x38 ./Application/User/Core/stm32n6xx_hal_msp.o
                0x901012a8                HAL_MspInit
 .text.HAL_CACHEAXI_MspInit
                0x901012e0       0x28 ./Application/User/Core/stm32n6xx_hal_msp.o
                0x901012e0                HAL_CACHEAXI_MspInit
 .text.HAL_RAMCFG_MspInit
                0x90101308       0x18 ./Application/User/Core/stm32n6xx_hal_msp.o
                0x90101308                HAL_RAMCFG_MspInit
 .text.HAL_UART_MspInit
                0x90101320      0x100 ./Application/User/Core/stm32n6xx_hal_msp.o
                0x90101320                HAL_UART_MspInit
 .text.NMI_Handler
                0x90101420        0x8 ./Application/User/Core/stm32n6xx_it.o
                0x90101420                NMI_Handler
 .text.HardFault_Handler
                0x90101428        0x8 ./Application/User/Core/stm32n6xx_it.o
                0x90101428                HardFault_Handler
 .text.MemManage_Handler
                0x90101430        0x8 ./Application/User/Core/stm32n6xx_it.o
                0x90101430                MemManage_Handler
 .text.BusFault_Handler
                0x90101438        0x8 ./Application/User/Core/stm32n6xx_it.o
                0x90101438                BusFault_Handler
 .text.UsageFault_Handler
                0x90101440        0x8 ./Application/User/Core/stm32n6xx_it.o
                0x90101440                UsageFault_Handler
 .text.SecureFault_Handler
                0x90101448        0x8 ./Application/User/Core/stm32n6xx_it.o
                0x90101448                SecureFault_Handler
 .text.SVC_Handler
                0x90101450        0xe ./Application/User/Core/stm32n6xx_it.o
                0x90101450                SVC_Handler
 .text.DebugMon_Handler
                0x9010145e        0xe ./Application/User/Core/stm32n6xx_it.o
                0x9010145e                DebugMon_Handler
 .text.PendSV_Handler
                0x9010146c        0xe ./Application/User/Core/stm32n6xx_it.o
                0x9010146c                PendSV_Handler
 .text.SysTick_Handler
                0x9010147a        0xc ./Application/User/Core/stm32n6xx_it.o
                0x9010147a                SysTick_Handler
 .text._read    0x90101486       0x3a ./Application/User/Core/syscalls.o
                0x90101486                _read
 .text._close   0x901014c0       0x18 ./Application/User/Core/syscalls.o
                0x901014c0                _close
 .text._fstat   0x901014d8       0x20 ./Application/User/Core/syscalls.o
                0x901014d8                _fstat
 .text._isatty  0x901014f8       0x16 ./Application/User/Core/syscalls.o
                0x901014f8                _isatty
 .text._lseek   0x9010150e       0x1a ./Application/User/Core/syscalls.o
                0x9010150e                _lseek
 .text._sbrk    0x90101528       0x6c ./Application/User/Core/sysmem.o
                0x90101528                _sbrk
 .text.Reset_Handler
                0x90101594       0x5c ./Application/User/Startup/startup_stm32n657x0hxq.o
                0x90101594                Reset_Handler
 .text.Default_Handler
                0x901015f0        0x2 ./Application/User/Startup/startup_stm32n657x0hxq.o
                0x901015f0                HPDMA1_Channel13_IRQHandler
                0x901015f0                EXTI2_IRQHandler
                0x901015f0                MCE2_IRQHandler
                0x901015f0                TIM8_CC_IRQHandler
                0x901015f0                USB2_OTG_HS_IRQHandler
                0x901015f0                SAI1_A_IRQHandler
                0x901015f0                EXTI5_IRQHandler
                0x901015f0                I3C1_ER_IRQHandler
                0x901015f0                UART8_IRQHandler
                0x901015f0                CTI_INT0_IRQHandler
                0x901015f0                SPI4_IRQHandler
                0x901015f0                LTDC_LO_IRQHandler
                0x901015f0                NPU2_IRQHandler
                0x901015f0                FDCAN3_IT0_IRQHandler
                0x901015f0                EXTI13_IRQHandler
                0x901015f0                TIM1_CC_IRQHandler
                0x901015f0                XSPI1_IRQHandler
                0x901015f0                TIM10_IRQHandler
                0x901015f0                JPEG_IRQHandler
                0x901015f0                TAMP_IRQHandler
                0x901015f0                CACHE_ECC_IRQHandler
                0x901015f0                TIM6_IRQHandler
                0x901015f0                CSI_IRQHandler
                0x901015f0                EXTI12_IRQHandler
                0x901015f0                GFXTIM_IRQHandler
                0x901015f0                EXTI3_IRQHandler
                0x901015f0                LPTIM4_IRQHandler
                0x901015f0                GPDMA1_Channel5_IRQHandler
                0x901015f0                EXTI8_IRQHandler
                0x901015f0                LPTIM2_IRQHandler
                0x901015f0                GFXMMU_IRQHandler
                0x901015f0                LTDC_LO_ERR_IRQHandler
                0x901015f0                I2C3_ER_IRQHandler
                0x901015f0                RIFSC_TAMPER_IRQHandler
                0x901015f0                USART10_IRQHandler
                0x901015f0                MDF1_FLT2_IRQHandler
                0x901015f0                LPTIM3_IRQHandler
                0x901015f0                SAI2_A_IRQHandler
                0x901015f0                EXTI0_IRQHandler
                0x901015f0                HPDMA1_Channel9_IRQHandler
                0x901015f0                I2C2_EV_IRQHandler
                0x901015f0                GPU2D_IRQHandler
                0x901015f0                FPU_IRQHandler
                0x901015f0                GPDMA1_Channel3_IRQHandler
                0x901015f0                GPDMA1_Channel7_IRQHandler
                0x901015f0                MDF1_FLT4_IRQHandler
                0x901015f0                FDCAN1_IT1_IRQHandler
                0x901015f0                HPDMA1_Channel3_IRQHandler
                0x901015f0                ADC1_2_IRQHandler
                0x901015f0                GPDMA1_Channel9_IRQHandler
                0x901015f0                SPI1_IRQHandler
                0x901015f0                CACHEAXI_IRQHandler
                0x901015f0                SAI1_B_IRQHandler
                0x901015f0                GPDMA1_Channel2_IRQHandler
                0x901015f0                PAHB_ERR_IRQHandler
                0x901015f0                TIM8_UP_IRQHandler
                0x901015f0                RCC_S_IRQHandler
                0x901015f0                MDF1_FLT1_IRQHandler
                0x901015f0                LTDC_UP_IRQHandler
                0x901015f0                LOCKUP_IRQHandler
                0x901015f0                PKA_IRQHandler
                0x901015f0                USART6_IRQHandler
                0x901015f0                HPDMA1_Channel2_IRQHandler
                0x901015f0                MDF1_FLT5_IRQHandler
                0x901015f0                MCE4_IRQHandler
                0x901015f0                I3C2_ER_IRQHandler
                0x901015f0                EXTI15_IRQHandler
                0x901015f0                TIM17_IRQHandler
                0x901015f0                USART3_IRQHandler
                0x901015f0                HPDMA1_Channel6_IRQHandler
                0x901015f0                CRYP_IRQHandler
                0x901015f0                RTC_IRQHandler
                0x901015f0                XSPI2_IRQHandler
                0x901015f0                EXTI9_IRQHandler
                0x901015f0                IAC_IRQHandler
                0x901015f0                HPDMA1_Channel0_IRQHandler
                0x901015f0                LPTIM5_IRQHandler
                0x901015f0                HPDMA1_Channel1_IRQHandler
                0x901015f0                UART5_IRQHandler
                0x901015f0                TIM4_IRQHandler
                0x901015f0                NPU3_IRQHandler
                0x901015f0                I3C2_EV_IRQHandler
                0x901015f0                I2C1_EV_IRQHandler
                0x901015f0                FDCAN_CU_IRQHandler
                0x901015f0                GPDMA1_Channel12_IRQHandler
                0x901015f0                HPDMA1_Channel7_IRQHandler
                0x901015f0                GPDMA1_Channel1_IRQHandler
                0x901015f0                TIM16_IRQHandler
                0x901015f0                GPDMA1_Channel15_IRQHandler
                0x901015f0                UART4_IRQHandler
                0x901015f0                TCM_ECC_IRQHandler
                0x901015f0                TIM3_IRQHandler
                0x901015f0                RCC_IRQHandler
                0x901015f0                UART9_IRQHandler
                0x901015f0                NPU1_IRQHandler
                0x901015f0                SAI2_B_IRQHandler
                0x901015f0                Default_Handler
                0x901015f0                GPDMA1_Channel8_IRQHandler
                0x901015f0                HPDMA1_Channel8_IRQHandler
                0x901015f0                TIM18_IRQHandler
                0x901015f0                TIM14_IRQHandler
                0x901015f0                TIM13_IRQHandler
                0x901015f0                CTI_INT1_IRQHandler
                0x901015f0                GPDMA1_Channel11_IRQHandler
                0x901015f0                GPU2D_ER_IRQHandler
                0x901015f0                SPI5_IRQHandler
                0x901015f0                TIM12_IRQHandler
                0x901015f0                TIM7_IRQHandler
                0x901015f0                FDCAN3_IT1_IRQHandler
                0x901015f0                HPDMA1_Channel10_IRQHandler
                0x901015f0                SDMMC1_IRQHandler
                0x901015f0                SAES_IRQHandler
                0x901015f0                TIM5_IRQHandler
                0x901015f0                UCPD1_IRQHandler
                0x901015f0                GPDMA1_Channel0_IRQHandler
                0x901015f0                I3C1_EV_IRQHandler
                0x901015f0                HPDMA1_Channel5_IRQHandler
                0x901015f0                TIM15_IRQHandler
                0x901015f0                I2C3_EV_IRQHandler
                0x901015f0                HPDMA1_Channel4_IRQHandler
                0x901015f0                HPDMA1_Channel15_IRQHandler
                0x901015f0                TIM9_IRQHandler
                0x901015f0                ETH1_IRQHandler
                0x901015f0                USB1_OTG_HS_IRQHandler
                0x901015f0                PVD_PVM_IRQHandler
                0x901015f0                SPI2_IRQHandler
                0x901015f0                TIM1_TRG_CCU_IRQHandler
                0x901015f0                HPDMA1_Channel11_IRQHandler
                0x901015f0                EXTI14_IRQHandler
                0x901015f0                EXTI11_IRQHandler
                0x901015f0                VENC_IRQHandler
                0x901015f0                GPDMA1_Channel14_IRQHandler
                0x901015f0                EXTI4_IRQHandler
                0x901015f0                RTC_S_IRQHandler
                0x901015f0                GPDMA1_Channel13_IRQHandler
                0x901015f0                RNG_IRQHandler
                0x901015f0                XSPI3_IRQHandler
                0x901015f0                FDCAN2_IT1_IRQHandler
                0x901015f0                TIM1_UP_IRQHandler
                0x901015f0                NPU0_IRQHandler
                0x901015f0                BCK_ECC_IRQHandler
                0x901015f0                WWDG_IRQHandler
                0x901015f0                SPI6_IRQHandler
                0x901015f0                MDIOS_IRQHandler
                0x901015f0                I2C4_EV_IRQHandler
                0x901015f0                FDCAN2_IT0_IRQHandler
                0x901015f0                IWDG_IRQHandler
                0x901015f0                HPDMA1_Channel14_IRQHandler
                0x901015f0                LPUART1_IRQHandler
                0x901015f0                FDCAN1_IT0_IRQHandler
                0x901015f0                MDF1_FLT0_IRQHandler
                0x901015f0                TIM2_IRQHandler
                0x901015f0                MCE3_IRQHandler
                0x901015f0                GPDMA1_Channel4_IRQHandler
                0x901015f0                EXTI7_IRQHandler
                0x901015f0                DMA2D_IRQHandler
                0x901015f0                TIM1_BRK_IRQHandler
                0x901015f0                EXTI1_IRQHandler
                0x901015f0                SDMMC2_IRQHandler
                0x901015f0                TIM11_IRQHandler
                0x901015f0                LTDC_UP_ERR_IRQHandler
                0x901015f0                UART7_IRQHandler
                0x901015f0                DTS_IRQHandler
                0x901015f0                MDF1_FLT3_IRQHandler
                0x901015f0                USART2_IRQHandler
                0x901015f0                GPDMA1_Channel6_IRQHandler
                0x901015f0                ADF1_FLT0_IRQHandler
                0x901015f0                I2C2_ER_IRQHandler
                0x901015f0                MCE1_IRQHandler
                0x901015f0                SPDIFRX_IRQHandler
                0x901015f0                TIM8_BRK_IRQHandler
                0x901015f0                HPDMA1_Channel12_IRQHandler
                0x901015f0                USART1_IRQHandler
                0x901015f0                EXTI10_IRQHandler
                0x901015f0                SPI3_IRQHandler
                0x901015f0                WAKEUP_PIN_IRQHandler
                0x901015f0                DCMIPP_IRQHandler
                0x901015f0                I2C1_ER_IRQHandler
                0x901015f0                FMC_IRQHandler
                0x901015f0                EXTI6_IRQHandler
                0x901015f0                LPTIM1_IRQHandler
                0x901015f0                DCMI_PSSI_IRQHandler
                0x901015f0                TIM8_TRG_CCU_IRQHandler
                0x901015f0                I2C4_ER_IRQHandler
                0x901015f0                GPDMA1_Channel10_IRQHandler
                0x901015f0                ICACHE_IRQHandler
                0x901015f0                HASH_IRQHandler
 *fill*         0x901015f2        0x2 
 .text.TZ_SAU_Setup
                0x901015f4       0x74 ./Drivers/CMSIS/system_stm32n6xx_s.o
 .text.SystemInit
                0x90101668       0x70 ./Drivers/CMSIS/system_stm32n6xx_s.o
                0x90101668                SystemInit
 .text.SystemCoreClockUpdate
                0x901016d8      0x350 ./Drivers/CMSIS/system_stm32n6xx_s.o
                0x901016d8                SystemCoreClockUpdate
 .text.SECURE_SystemCoreClockUpdate
                0x90101a28       0x2c ./Drivers/CMSIS/system_stm32n6xx_s.o
                0x90101a28                __acle_se_SECURE_SystemCoreClockUpdate
 .text.HAL_Init
                0x90101a54       0x28 ./Drivers/STM32N6xx_HAL_Driver/stm32n6xx_hal.o
                0x90101a54                HAL_Init
 .text.HAL_InitTick
                0x90101a7c       0x6c ./Drivers/STM32N6xx_HAL_Driver/stm32n6xx_hal.o
                0x90101a7c                HAL_InitTick
 .text.HAL_IncTick
                0x90101ae8       0x28 ./Drivers/STM32N6xx_HAL_Driver/stm32n6xx_hal.o
                0x90101ae8                HAL_IncTick
 .text.HAL_GetTick
                0x90101b10       0x18 ./Drivers/STM32N6xx_HAL_Driver/stm32n6xx_hal.o
                0x90101b10                HAL_GetTick
 .text.HAL_Delay
                0x90101b28       0x48 ./Drivers/STM32N6xx_HAL_Driver/stm32n6xx_hal.o
                0x90101b28                HAL_Delay
 .text.HAL_CACHEAXI_Init
                0x90101b70       0x42 ./Drivers/STM32N6xx_HAL_Driver/stm32n6xx_hal_cacheaxi.o
                0x90101b70                HAL_CACHEAXI_Init
 .text.HAL_CACHEAXI_Enable
                0x90101bb2       0x88 ./Drivers/STM32N6xx_HAL_Driver/stm32n6xx_hal_cacheaxi.o
                0x90101bb2                HAL_CACHEAXI_Enable
 *fill*         0x90101c3a        0x2 
 .text.__NVIC_SetPriorityGrouping
                0x90101c3c       0x48 ./Drivers/STM32N6xx_HAL_Driver/stm32n6xx_hal_cortex.o
 .text.__NVIC_GetPriorityGrouping
                0x90101c84       0x1c ./Drivers/STM32N6xx_HAL_Driver/stm32n6xx_hal_cortex.o
 .text.__NVIC_SetPriority
                0x90101ca0       0x54 ./Drivers/STM32N6xx_HAL_Driver/stm32n6xx_hal_cortex.o
 .text.NVIC_EncodePriority
                0x90101cf4       0x66 ./Drivers/STM32N6xx_HAL_Driver/stm32n6xx_hal_cortex.o
 *fill*         0x90101d5a        0x2 
 .text.SysTick_Config
                0x90101d5c       0x44 ./Drivers/STM32N6xx_HAL_Driver/stm32n6xx_hal_cortex.o
 .text.HAL_NVIC_SetPriorityGrouping
                0x90101da0       0x16 ./Drivers/STM32N6xx_HAL_Driver/stm32n6xx_hal_cortex.o
                0x90101da0                HAL_NVIC_SetPriorityGrouping
 .text.HAL_NVIC_SetPriority
                0x90101db6       0x3a ./Drivers/STM32N6xx_HAL_Driver/stm32n6xx_hal_cortex.o
                0x90101db6                HAL_NVIC_SetPriority
 .text.HAL_SYSTICK_Config
                0x90101df0       0x18 ./Drivers/STM32N6xx_HAL_Driver/stm32n6xx_hal_cortex.o
                0x90101df0                HAL_SYSTICK_Config
 .text.HAL_GPIO_Init
                0x90101e08      0x364 ./Drivers/STM32N6xx_HAL_Driver/stm32n6xx_hal_gpio.o
                0x90101e08                HAL_GPIO_Init
 .text.HAL_GPIO_WritePin
                0x9010216c       0x30 ./Drivers/STM32N6xx_HAL_Driver/stm32n6xx_hal_gpio.o
                0x9010216c                HAL_GPIO_WritePin
 .text.HAL_GPIO_TogglePin
                0x9010219c       0x34 ./Drivers/STM32N6xx_HAL_Driver/stm32n6xx_hal_gpio.o
                0x9010219c                HAL_GPIO_TogglePin
 .text.HAL_GPIO_ConfigPinAttributes
                0x901021d0       0x8e ./Drivers/STM32N6xx_HAL_Driver/stm32n6xx_hal_gpio.o
                0x901021d0                HAL_GPIO_ConfigPinAttributes
 *fill*         0x9010225e        0x2 
 .text.HAL_PWR_ConfigAttributes
                0x90102260       0xa8 ./Drivers/STM32N6xx_HAL_Driver/stm32n6xx_hal_pwr.o
                0x90102260                HAL_PWR_ConfigAttributes
 .text.HAL_PWREx_ConfigVddIORange
                0x90102308       0xa4 ./Drivers/STM32N6xx_HAL_Driver/stm32n6xx_hal_pwr_ex.o
                0x90102308                HAL_PWREx_ConfigVddIORange
 .text.HAL_PWREx_EnableVddIO2
                0x901023ac       0x20 ./Drivers/STM32N6xx_HAL_Driver/stm32n6xx_hal_pwr_ex.o
                0x901023ac                HAL_PWREx_EnableVddIO2
 .text.HAL_PWREx_EnableVddIO3
                0x901023cc       0x20 ./Drivers/STM32N6xx_HAL_Driver/stm32n6xx_hal_pwr_ex.o
                0x901023cc                HAL_PWREx_EnableVddIO3
 .text.HAL_PWREx_EnableVddIO4
                0x901023ec       0x20 ./Drivers/STM32N6xx_HAL_Driver/stm32n6xx_hal_pwr_ex.o
                0x901023ec                HAL_PWREx_EnableVddIO4
 .text.HAL_PWREx_EnableVddIO5
                0x9010240c       0x20 ./Drivers/STM32N6xx_HAL_Driver/stm32n6xx_hal_pwr_ex.o
                0x9010240c                HAL_PWREx_EnableVddIO5
 .text.HAL_RAMCFG_Init
                0x9010242c       0x68 ./Drivers/STM32N6xx_HAL_Driver/stm32n6xx_hal_ramcfg.o
                0x9010242c                HAL_RAMCFG_Init
 .text.LL_RCC_HSI_GetDivider
                0x90102494       0x1c ./Drivers/STM32N6xx_HAL_Driver/stm32n6xx_hal_rcc.o
 .text.LL_RCC_GetSysClkSource
                0x901024b0       0x1c ./Drivers/STM32N6xx_HAL_Driver/stm32n6xx_hal_rcc.o
 .text.LL_RCC_IC2_GetSource
                0x901024cc       0x1c ./Drivers/STM32N6xx_HAL_Driver/stm32n6xx_hal_rcc.o
 .text.LL_RCC_IC2_GetDivider
                0x901024e8       0x20 ./Drivers/STM32N6xx_HAL_Driver/stm32n6xx_hal_rcc.o
 .text.HAL_RCC_GetSysClockFreq
                0x90102508       0x1e ./Drivers/STM32N6xx_HAL_Driver/stm32n6xx_hal_rcc.o
                0x90102508                HAL_RCC_GetSysClockFreq
 *fill*         0x90102526        0x2 
 .text.RCC_GetSysClockFreq
                0x90102528      0x104 ./Drivers/STM32N6xx_HAL_Driver/stm32n6xx_hal_rcc.o
 .text.LL_RCC_HSE_SelectHSEAsDiv2Clock
                0x9010262c       0x20 ./Drivers/STM32N6xx_HAL_Driver/stm32n6xx_hal_rcc_ex.o
 .text.LL_RCC_HSE_SelectHSEDiv2AsDiv2Clock
                0x9010264c       0x20 ./Drivers/STM32N6xx_HAL_Driver/stm32n6xx_hal_rcc_ex.o
 .text.LL_RCC_HSE_IsSelectedHSEDiv2AsDiv2Clock
                0x9010266c       0x24 ./Drivers/STM32N6xx_HAL_Driver/stm32n6xx_hal_rcc_ex.o
 .text.LL_RCC_HSE_IsReady
                0x90102690       0x24 ./Drivers/STM32N6xx_HAL_Driver/stm32n6xx_hal_rcc_ex.o
 .text.LL_RCC_HSI_IsReady
                0x901026b4       0x24 ./Drivers/STM32N6xx_HAL_Driver/stm32n6xx_hal_rcc_ex.o
 .text.LL_RCC_HSI_GetDivider
                0x901026d8       0x1c ./Drivers/STM32N6xx_HAL_Driver/stm32n6xx_hal_rcc_ex.o
 .text.LL_RCC_MSI_IsReady
                0x901026f4       0x24 ./Drivers/STM32N6xx_HAL_Driver/stm32n6xx_hal_rcc_ex.o
 .text.LL_RCC_MSI_GetFrequency
                0x90102718       0x1c ./Drivers/STM32N6xx_HAL_Driver/stm32n6xx_hal_rcc_ex.o
 .text.LL_RCC_LSE_IsReady
                0x90102734       0x24 ./Drivers/STM32N6xx_HAL_Driver/stm32n6xx_hal_rcc_ex.o
 .text.LL_RCC_LSI_IsReady
                0x90102758       0x1c ./Drivers/STM32N6xx_HAL_Driver/stm32n6xx_hal_rcc_ex.o
 .text.LL_RCC_GetAHBPrescaler
                0x90102774       0x1c ./Drivers/STM32N6xx_HAL_Driver/stm32n6xx_hal_rcc_ex.o
 .text.LL_RCC_GetAPB1Prescaler
                0x90102790       0x1c ./Drivers/STM32N6xx_HAL_Driver/stm32n6xx_hal_rcc_ex.o
 .text.LL_RCC_GetAPB2Prescaler
                0x901027ac       0x1c ./Drivers/STM32N6xx_HAL_Driver/stm32n6xx_hal_rcc_ex.o
 .text.LL_RCC_GetAPB4Prescaler
                0x901027c8       0x1c ./Drivers/STM32N6xx_HAL_Driver/stm32n6xx_hal_rcc_ex.o
 .text.LL_RCC_GetAPB5Prescaler
                0x901027e4       0x1c ./Drivers/STM32N6xx_HAL_Driver/stm32n6xx_hal_rcc_ex.o
 .text.LL_RCC_SetClockSource
                0x90102800       0x54 ./Drivers/STM32N6xx_HAL_Driver/stm32n6xx_hal_rcc_ex.o
 .text.LL_RCC_GetADCPrescaler
                0x90102854       0x1c ./Drivers/STM32N6xx_HAL_Driver/stm32n6xx_hal_rcc_ex.o
 .text.LL_RCC_SetADFClockSource
                0x90102870       0x2c ./Drivers/STM32N6xx_HAL_Driver/stm32n6xx_hal_rcc_ex.o
 .text.LL_RCC_SetCLKPClockSource
                0x9010289c       0x2c ./Drivers/STM32N6xx_HAL_Driver/stm32n6xx_hal_rcc_ex.o
 .text.LL_RCC_SetDCMIPPClockSource
                0x901028c8       0x2c ./Drivers/STM32N6xx_HAL_Driver/stm32n6xx_hal_rcc_ex.o
 .text.LL_RCC_SetETHClockSource
                0x901028f4       0x2c ./Drivers/STM32N6xx_HAL_Driver/stm32n6xx_hal_rcc_ex.o
 .text.LL_RCC_SetETHPHYInterface
                0x90102920       0x2c ./Drivers/STM32N6xx_HAL_Driver/stm32n6xx_hal_rcc_ex.o
 .text.LL_RCC_GetETH1PTPDivider
                0x9010294c       0x1c ./Drivers/STM32N6xx_HAL_Driver/stm32n6xx_hal_rcc_ex.o
 .text.LL_RCC_SetETHREFRXClockSource
                0x90102968       0x2c ./Drivers/STM32N6xx_HAL_Driver/stm32n6xx_hal_rcc_ex.o
 .text.LL_RCC_SetETHREFTXClockSource
                0x90102994       0x2c ./Drivers/STM32N6xx_HAL_Driver/stm32n6xx_hal_rcc_ex.o
 .text.LL_RCC_SetFDCANClockSource
                0x901029c0       0x2c ./Drivers/STM32N6xx_HAL_Driver/stm32n6xx_hal_rcc_ex.o
 .text.LL_RCC_SetFMCClockSource
                0x901029ec       0x2c ./Drivers/STM32N6xx_HAL_Driver/stm32n6xx_hal_rcc_ex.o
 .text.LL_RCC_SetI2CClockSource
                0x90102a18       0x16 ./Drivers/STM32N6xx_HAL_Driver/stm32n6xx_hal_rcc_ex.o
 .text.LL_RCC_SetI3CClockSource
                0x90102a2e       0x16 ./Drivers/STM32N6xx_HAL_Driver/stm32n6xx_hal_rcc_ex.o
 .text.LL_RCC_SetLPTIMClockSource
                0x90102a44       0x16 ./Drivers/STM32N6xx_HAL_Driver/stm32n6xx_hal_rcc_ex.o
 *fill*         0x90102a5a        0x2 
 .text.LL_RCC_SetLPUARTClockSource
                0x90102a5c       0x2c ./Drivers/STM32N6xx_HAL_Driver/stm32n6xx_hal_rcc_ex.o
 .text.LL_RCC_SetLTDCClockSource
                0x90102a88       0x2c ./Drivers/STM32N6xx_HAL_Driver/stm32n6xx_hal_rcc_ex.o
 .text.LL_RCC_SetMDFClockSource
                0x90102ab4       0x2c ./Drivers/STM32N6xx_HAL_Driver/stm32n6xx_hal_rcc_ex.o
 .text.LL_RCC_SetOTGPHYClockSource
                0x90102ae0       0x16 ./Drivers/STM32N6xx_HAL_Driver/stm32n6xx_hal_rcc_ex.o
 .text.LL_RCC_SetOTGPHYCKREFClockSource
                0x90102af6       0x16 ./Drivers/STM32N6xx_HAL_Driver/stm32n6xx_hal_rcc_ex.o
 .text.LL_RCC_SetPSSIClockSource
                0x90102b0c       0x2c ./Drivers/STM32N6xx_HAL_Driver/stm32n6xx_hal_rcc_ex.o
 .text.LL_RCC_SetSAIClockSource
                0x90102b38       0x16 ./Drivers/STM32N6xx_HAL_Driver/stm32n6xx_hal_rcc_ex.o
 .text.LL_RCC_SetSDMMCClockSource
                0x90102b4e       0x16 ./Drivers/STM32N6xx_HAL_Driver/stm32n6xx_hal_rcc_ex.o
 .text.LL_RCC_SetSPDIFRXClockSource
                0x90102b64       0x2c ./Drivers/STM32N6xx_HAL_Driver/stm32n6xx_hal_rcc_ex.o
 .text.LL_RCC_SetSPIClockSource
                0x90102b90       0x16 ./Drivers/STM32N6xx_HAL_Driver/stm32n6xx_hal_rcc_ex.o
 .text.LL_RCC_SetUSARTClockSource
                0x90102ba6       0x16 ./Drivers/STM32N6xx_HAL_Driver/stm32n6xx_hal_rcc_ex.o
 .text.LL_RCC_SetXSPIClockSource
                0x90102bbc       0x16 ./Drivers/STM32N6xx_HAL_Driver/stm32n6xx_hal_rcc_ex.o
 *fill*         0x90102bd2        0x2 
 .text.LL_RCC_GetClockSource
                0x90102bd4       0x4c ./Drivers/STM32N6xx_HAL_Driver/stm32n6xx_hal_rcc_ex.o
 .text.LL_RCC_GetADCClockSource
                0x90102c20       0x24 ./Drivers/STM32N6xx_HAL_Driver/stm32n6xx_hal_rcc_ex.o
 .text.LL_RCC_GetADFClockSource
                0x90102c44       0x24 ./Drivers/STM32N6xx_HAL_Driver/stm32n6xx_hal_rcc_ex.o
 .text.LL_RCC_GetCLKPClockSource
                0x90102c68       0x24 ./Drivers/STM32N6xx_HAL_Driver/stm32n6xx_hal_rcc_ex.o
 .text.LL_RCC_GetDCMIPPClockSource
                0x90102c8c       0x24 ./Drivers/STM32N6xx_HAL_Driver/stm32n6xx_hal_rcc_ex.o
 .text.LL_RCC_GetETHClockSource
                0x90102cb0       0x24 ./Drivers/STM32N6xx_HAL_Driver/stm32n6xx_hal_rcc_ex.o
 .text.LL_RCC_GetETHPTPClockSource
                0x90102cd4       0x24 ./Drivers/STM32N6xx_HAL_Driver/stm32n6xx_hal_rcc_ex.o
 .text.LL_RCC_GetFDCANClockSource
                0x90102cf8       0x24 ./Drivers/STM32N6xx_HAL_Driver/stm32n6xx_hal_rcc_ex.o
 .text.LL_RCC_GetFMCClockSource
                0x90102d1c       0x24 ./Drivers/STM32N6xx_HAL_Driver/stm32n6xx_hal_rcc_ex.o
 .text.LL_RCC_GetI2CClockSource
                0x90102d40       0x18 ./Drivers/STM32N6xx_HAL_Driver/stm32n6xx_hal_rcc_ex.o
 .text.LL_RCC_GetI3CClockSource
                0x90102d58       0x18 ./Drivers/STM32N6xx_HAL_Driver/stm32n6xx_hal_rcc_ex.o
 .text.LL_RCC_GetLPTIMClockSource
                0x90102d70       0x18 ./Drivers/STM32N6xx_HAL_Driver/stm32n6xx_hal_rcc_ex.o
 .text.LL_RCC_GetLPUARTClockSource
                0x90102d88       0x24 ./Drivers/STM32N6xx_HAL_Driver/stm32n6xx_hal_rcc_ex.o
 .text.LL_RCC_GetLTDCClockSource
                0x90102dac       0x24 ./Drivers/STM32N6xx_HAL_Driver/stm32n6xx_hal_rcc_ex.o
 .text.LL_RCC_GetMDFClockSource
                0x90102dd0       0x24 ./Drivers/STM32N6xx_HAL_Driver/stm32n6xx_hal_rcc_ex.o
 .text.LL_RCC_GetPSSIClockSource
                0x90102df4       0x24 ./Drivers/STM32N6xx_HAL_Driver/stm32n6xx_hal_rcc_ex.o
 .text.LL_RCC_GetSAIClockSource
                0x90102e18       0x18 ./Drivers/STM32N6xx_HAL_Driver/stm32n6xx_hal_rcc_ex.o
 .text.LL_RCC_GetSDMMCClockSource
                0x90102e30       0x18 ./Drivers/STM32N6xx_HAL_Driver/stm32n6xx_hal_rcc_ex.o
 .text.LL_RCC_GetSPDIFRXClockSource
                0x90102e48       0x24 ./Drivers/STM32N6xx_HAL_Driver/stm32n6xx_hal_rcc_ex.o
 .text.LL_RCC_GetSPIClockSource
                0x90102e6c       0x18 ./Drivers/STM32N6xx_HAL_Driver/stm32n6xx_hal_rcc_ex.o
 .text.LL_RCC_GetUSARTClockSource
                0x90102e84       0x18 ./Drivers/STM32N6xx_HAL_Driver/stm32n6xx_hal_rcc_ex.o
 .text.LL_RCC_GetUARTClockSource
                0x90102e9c       0x18 ./Drivers/STM32N6xx_HAL_Driver/stm32n6xx_hal_rcc_ex.o
 .text.LL_RCC_GetUSBClockSource
                0x90102eb4       0x18 ./Drivers/STM32N6xx_HAL_Driver/stm32n6xx_hal_rcc_ex.o
 .text.LL_RCC_GetXSPIClockSource
                0x90102ecc       0x18 ./Drivers/STM32N6xx_HAL_Driver/stm32n6xx_hal_rcc_ex.o
 .text.LL_RCC_SetRTCClockSource
                0x90102ee4       0x2c ./Drivers/STM32N6xx_HAL_Driver/stm32n6xx_hal_rcc_ex.o
 .text.LL_RCC_GetRTCClockSource
                0x90102f10       0x1c ./Drivers/STM32N6xx_HAL_Driver/stm32n6xx_hal_rcc_ex.o
 .text.LL_RCC_SetRTC_HSEPrescaler
                0x90102f2c       0x2c ./Drivers/STM32N6xx_HAL_Driver/stm32n6xx_hal_rcc_ex.o
 .text.LL_RCC_SetTIMPrescaler
                0x90102f58       0x2c ./Drivers/STM32N6xx_HAL_Driver/stm32n6xx_hal_rcc_ex.o
 .text.LL_RCC_GetTIMPrescaler
                0x90102f84       0x1c ./Drivers/STM32N6xx_HAL_Driver/stm32n6xx_hal_rcc_ex.o
 .text.LL_RCC_PLL1_GetSource
                0x90102fa0       0x1c ./Drivers/STM32N6xx_HAL_Driver/stm32n6xx_hal_rcc_ex.o
 .text.LL_RCC_PLL1_IsReady
                0x90102fbc       0x28 ./Drivers/STM32N6xx_HAL_Driver/stm32n6xx_hal_rcc_ex.o
 .text.LL_RCC_PLL1_IsEnabledBypass
                0x90102fe4       0x28 ./Drivers/STM32N6xx_HAL_Driver/stm32n6xx_hal_rcc_ex.o
 .text.LL_RCC_PLL1_GetN
                0x9010300c       0x20 ./Drivers/STM32N6xx_HAL_Driver/stm32n6xx_hal_rcc_ex.o
 .text.LL_RCC_PLL1_GetM
                0x9010302c       0x20 ./Drivers/STM32N6xx_HAL_Driver/stm32n6xx_hal_rcc_ex.o
 .text.LL_RCC_PLL1_GetP1
                0x9010304c       0x20 ./Drivers/STM32N6xx_HAL_Driver/stm32n6xx_hal_rcc_ex.o
 .text.LL_RCC_PLL1_GetP2
                0x9010306c       0x20 ./Drivers/STM32N6xx_HAL_Driver/stm32n6xx_hal_rcc_ex.o
 .text.LL_RCC_PLL1P_IsEnabled
                0x9010308c       0x28 ./Drivers/STM32N6xx_HAL_Driver/stm32n6xx_hal_rcc_ex.o
 .text.LL_RCC_PLL1_GetFRACN
                0x901030b4       0x1c ./Drivers/STM32N6xx_HAL_Driver/stm32n6xx_hal_rcc_ex.o
 .text.LL_RCC_PLL2_GetSource
                0x901030d0       0x1c ./Drivers/STM32N6xx_HAL_Driver/stm32n6xx_hal_rcc_ex.o
 .text.LL_RCC_PLL2_IsReady
                0x901030ec       0x28 ./Drivers/STM32N6xx_HAL_Driver/stm32n6xx_hal_rcc_ex.o
 .text.LL_RCC_PLL2_IsEnabledBypass
                0x90103114       0x28 ./Drivers/STM32N6xx_HAL_Driver/stm32n6xx_hal_rcc_ex.o
 .text.LL_RCC_PLL2_GetN
                0x9010313c       0x20 ./Drivers/STM32N6xx_HAL_Driver/stm32n6xx_hal_rcc_ex.o
 .text.LL_RCC_PLL2_GetM
                0x9010315c       0x20 ./Drivers/STM32N6xx_HAL_Driver/stm32n6xx_hal_rcc_ex.o
 .text.LL_RCC_PLL2_GetP1
                0x9010317c       0x20 ./Drivers/STM32N6xx_HAL_Driver/stm32n6xx_hal_rcc_ex.o
 .text.LL_RCC_PLL2_GetP2
                0x9010319c       0x20 ./Drivers/STM32N6xx_HAL_Driver/stm32n6xx_hal_rcc_ex.o
 .text.LL_RCC_PLL2P_IsEnabled
                0x901031bc       0x28 ./Drivers/STM32N6xx_HAL_Driver/stm32n6xx_hal_rcc_ex.o
 .text.LL_RCC_PLL2_GetFRACN
                0x901031e4       0x1c ./Drivers/STM32N6xx_HAL_Driver/stm32n6xx_hal_rcc_ex.o
 .text.LL_RCC_PLL3_GetSource
                0x90103200       0x1c ./Drivers/STM32N6xx_HAL_Driver/stm32n6xx_hal_rcc_ex.o
 .text.LL_RCC_PLL3_IsReady
                0x9010321c       0x28 ./Drivers/STM32N6xx_HAL_Driver/stm32n6xx_hal_rcc_ex.o
 .text.LL_RCC_PLL3_IsEnabledBypass
                0x90103244       0x28 ./Drivers/STM32N6xx_HAL_Driver/stm32n6xx_hal_rcc_ex.o
 .text.LL_RCC_PLL3_GetN
                0x9010326c       0x20 ./Drivers/STM32N6xx_HAL_Driver/stm32n6xx_hal_rcc_ex.o
 .text.LL_RCC_PLL3_GetM
                0x9010328c       0x20 ./Drivers/STM32N6xx_HAL_Driver/stm32n6xx_hal_rcc_ex.o
 .text.LL_RCC_PLL3_GetP1
                0x901032ac       0x20 ./Drivers/STM32N6xx_HAL_Driver/stm32n6xx_hal_rcc_ex.o
 .text.LL_RCC_PLL3_GetP2
                0x901032cc       0x20 ./Drivers/STM32N6xx_HAL_Driver/stm32n6xx_hal_rcc_ex.o
 .text.LL_RCC_PLL3P_IsEnabled
                0x901032ec       0x28 ./Drivers/STM32N6xx_HAL_Driver/stm32n6xx_hal_rcc_ex.o
 .text.LL_RCC_PLL3_GetFRACN
                0x90103314       0x1c ./Drivers/STM32N6xx_HAL_Driver/stm32n6xx_hal_rcc_ex.o
 .text.LL_RCC_PLL4_GetSource
                0x90103330       0x1c ./Drivers/STM32N6xx_HAL_Driver/stm32n6xx_hal_rcc_ex.o
 .text.LL_RCC_PLL4_IsReady
                0x9010334c       0x28 ./Drivers/STM32N6xx_HAL_Driver/stm32n6xx_hal_rcc_ex.o
 .text.LL_RCC_PLL4_IsEnabledBypass
                0x90103374       0x28 ./Drivers/STM32N6xx_HAL_Driver/stm32n6xx_hal_rcc_ex.o
 .text.LL_RCC_PLL4_GetN
                0x9010339c       0x20 ./Drivers/STM32N6xx_HAL_Driver/stm32n6xx_hal_rcc_ex.o
 .text.LL_RCC_PLL4_GetM
                0x901033bc       0x20 ./Drivers/STM32N6xx_HAL_Driver/stm32n6xx_hal_rcc_ex.o
 .text.LL_RCC_PLL4_GetP1
                0x901033dc       0x20 ./Drivers/STM32N6xx_HAL_Driver/stm32n6xx_hal_rcc_ex.o
 .text.LL_RCC_PLL4_GetP2
                0x901033fc       0x20 ./Drivers/STM32N6xx_HAL_Driver/stm32n6xx_hal_rcc_ex.o
 .text.LL_RCC_PLL4P_IsEnabled
                0x9010341c       0x28 ./Drivers/STM32N6xx_HAL_Driver/stm32n6xx_hal_rcc_ex.o
 .text.LL_RCC_PLL4_GetFRACN
                0x90103444       0x1c ./Drivers/STM32N6xx_HAL_Driver/stm32n6xx_hal_rcc_ex.o
 .text.LL_RCC_IC3_Enable
                0x90103460       0x1c ./Drivers/STM32N6xx_HAL_Driver/stm32n6xx_hal_rcc_ex.o
 .text.LL_RCC_IC3_IsEnabled
                0x9010347c       0x28 ./Drivers/STM32N6xx_HAL_Driver/stm32n6xx_hal_rcc_ex.o
 .text.LL_RCC_IC3_GetSource
                0x901034a4       0x1c ./Drivers/STM32N6xx_HAL_Driver/stm32n6xx_hal_rcc_ex.o
 .text.LL_RCC_IC3_GetDivider
                0x901034c0       0x20 ./Drivers/STM32N6xx_HAL_Driver/stm32n6xx_hal_rcc_ex.o
 .text.LL_RCC_IC4_Enable
                0x901034e0       0x1c ./Drivers/STM32N6xx_HAL_Driver/stm32n6xx_hal_rcc_ex.o
 .text.LL_RCC_IC4_IsEnabled
                0x901034fc       0x28 ./Drivers/STM32N6xx_HAL_Driver/stm32n6xx_hal_rcc_ex.o
 .text.LL_RCC_IC4_GetSource
                0x90103524       0x1c ./Drivers/STM32N6xx_HAL_Driver/stm32n6xx_hal_rcc_ex.o
 .text.LL_RCC_IC4_GetDivider
                0x90103540       0x20 ./Drivers/STM32N6xx_HAL_Driver/stm32n6xx_hal_rcc_ex.o
 .text.LL_RCC_IC5_Enable
                0x90103560       0x1c ./Drivers/STM32N6xx_HAL_Driver/stm32n6xx_hal_rcc_ex.o
 .text.LL_RCC_IC5_IsEnabled
                0x9010357c       0x28 ./Drivers/STM32N6xx_HAL_Driver/stm32n6xx_hal_rcc_ex.o
 .text.LL_RCC_IC5_GetSource
                0x901035a4       0x1c ./Drivers/STM32N6xx_HAL_Driver/stm32n6xx_hal_rcc_ex.o
 .text.LL_RCC_IC5_GetDivider
                0x901035c0       0x20 ./Drivers/STM32N6xx_HAL_Driver/stm32n6xx_hal_rcc_ex.o
 .text.LL_RCC_IC7_Enable
                0x901035e0       0x1c ./Drivers/STM32N6xx_HAL_Driver/stm32n6xx_hal_rcc_ex.o
 .text.LL_RCC_IC7_IsEnabled
                0x901035fc       0x28 ./Drivers/STM32N6xx_HAL_Driver/stm32n6xx_hal_rcc_ex.o
 .text.LL_RCC_IC7_GetSource
                0x90103624       0x1c ./Drivers/STM32N6xx_HAL_Driver/stm32n6xx_hal_rcc_ex.o
 .text.LL_RCC_IC7_GetDivider
                0x90103640       0x20 ./Drivers/STM32N6xx_HAL_Driver/stm32n6xx_hal_rcc_ex.o
 .text.LL_RCC_IC8_Enable
                0x90103660       0x1c ./Drivers/STM32N6xx_HAL_Driver/stm32n6xx_hal_rcc_ex.o
 .text.LL_RCC_IC8_IsEnabled
                0x9010367c       0x28 ./Drivers/STM32N6xx_HAL_Driver/stm32n6xx_hal_rcc_ex.o
 .text.LL_RCC_IC8_GetSource
                0x901036a4       0x1c ./Drivers/STM32N6xx_HAL_Driver/stm32n6xx_hal_rcc_ex.o
 .text.LL_RCC_IC8_GetDivider
                0x901036c0       0x20 ./Drivers/STM32N6xx_HAL_Driver/stm32n6xx_hal_rcc_ex.o
 .text.LL_RCC_IC9_Enable
                0x901036e0       0x1c ./Drivers/STM32N6xx_HAL_Driver/stm32n6xx_hal_rcc_ex.o
 .text.LL_RCC_IC9_IsEnabled
                0x901036fc       0x28 ./Drivers/STM32N6xx_HAL_Driver/stm32n6xx_hal_rcc_ex.o
 .text.LL_RCC_IC9_GetSource
                0x90103724       0x1c ./Drivers/STM32N6xx_HAL_Driver/stm32n6xx_hal_rcc_ex.o
 .text.LL_RCC_IC9_GetDivider
                0x90103740       0x20 ./Drivers/STM32N6xx_HAL_Driver/stm32n6xx_hal_rcc_ex.o
 .text.LL_RCC_IC10_Enable
                0x90103760       0x1c ./Drivers/STM32N6xx_HAL_Driver/stm32n6xx_hal_rcc_ex.o
 .text.LL_RCC_IC10_IsEnabled
                0x9010377c       0x28 ./Drivers/STM32N6xx_HAL_Driver/stm32n6xx_hal_rcc_ex.o
 .text.LL_RCC_IC10_GetSource
                0x901037a4       0x1c ./Drivers/STM32N6xx_HAL_Driver/stm32n6xx_hal_rcc_ex.o
 .text.LL_RCC_IC10_GetDivider
                0x901037c0       0x20 ./Drivers/STM32N6xx_HAL_Driver/stm32n6xx_hal_rcc_ex.o
 .text.LL_RCC_IC12_Enable
                0x901037e0       0x1c ./Drivers/STM32N6xx_HAL_Driver/stm32n6xx_hal_rcc_ex.o
 .text.LL_RCC_IC12_IsEnabled
                0x901037fc       0x28 ./Drivers/STM32N6xx_HAL_Driver/stm32n6xx_hal_rcc_ex.o
 .text.LL_RCC_IC12_GetSource
                0x90103824       0x1c ./Drivers/STM32N6xx_HAL_Driver/stm32n6xx_hal_rcc_ex.o
 .text.LL_RCC_IC12_GetDivider
                0x90103840       0x20 ./Drivers/STM32N6xx_HAL_Driver/stm32n6xx_hal_rcc_ex.o
 .text.LL_RCC_IC13_Enable
                0x90103860       0x1c ./Drivers/STM32N6xx_HAL_Driver/stm32n6xx_hal_rcc_ex.o
 .text.LL_RCC_IC13_IsEnabled
                0x9010387c       0x28 ./Drivers/STM32N6xx_HAL_Driver/stm32n6xx_hal_rcc_ex.o
 .text.LL_RCC_IC13_GetSource
                0x901038a4       0x1c ./Drivers/STM32N6xx_HAL_Driver/stm32n6xx_hal_rcc_ex.o
 .text.LL_RCC_IC13_GetDivider
                0x901038c0       0x20 ./Drivers/STM32N6xx_HAL_Driver/stm32n6xx_hal_rcc_ex.o
 .text.LL_RCC_IC14_Enable
                0x901038e0       0x1c ./Drivers/STM32N6xx_HAL_Driver/stm32n6xx_hal_rcc_ex.o
 .text.LL_RCC_IC14_IsEnabled
                0x901038fc       0x28 ./Drivers/STM32N6xx_HAL_Driver/stm32n6xx_hal_rcc_ex.o
 .text.LL_RCC_IC14_GetSource
                0x90103924       0x1c ./Drivers/STM32N6xx_HAL_Driver/stm32n6xx_hal_rcc_ex.o
 .text.LL_RCC_IC14_GetDivider
                0x90103940       0x20 ./Drivers/STM32N6xx_HAL_Driver/stm32n6xx_hal_rcc_ex.o
 .text.LL_RCC_IC15_Enable
                0x90103960       0x1c ./Drivers/STM32N6xx_HAL_Driver/stm32n6xx_hal_rcc_ex.o
 .text.LL_RCC_IC15_IsEnabled
                0x9010397c       0x28 ./Drivers/STM32N6xx_HAL_Driver/stm32n6xx_hal_rcc_ex.o
 .text.LL_RCC_IC15_GetSource
                0x901039a4       0x1c ./Drivers/STM32N6xx_HAL_Driver/stm32n6xx_hal_rcc_ex.o
 .text.LL_RCC_IC15_GetDivider
                0x901039c0       0x20 ./Drivers/STM32N6xx_HAL_Driver/stm32n6xx_hal_rcc_ex.o
 .text.LL_RCC_IC16_Enable
                0x901039e0       0x1c ./Drivers/STM32N6xx_HAL_Driver/stm32n6xx_hal_rcc_ex.o
 .text.LL_RCC_IC16_IsEnabled
                0x901039fc       0x28 ./Drivers/STM32N6xx_HAL_Driver/stm32n6xx_hal_rcc_ex.o
 .text.LL_RCC_IC16_GetSource
                0x90103a24       0x1c ./Drivers/STM32N6xx_HAL_Driver/stm32n6xx_hal_rcc_ex.o
 .text.LL_RCC_IC16_GetDivider
                0x90103a40       0x20 ./Drivers/STM32N6xx_HAL_Driver/stm32n6xx_hal_rcc_ex.o
 .text.LL_RCC_IC17_Enable
                0x90103a60       0x1c ./Drivers/STM32N6xx_HAL_Driver/stm32n6xx_hal_rcc_ex.o
 .text.LL_RCC_IC17_IsEnabled
                0x90103a7c       0x28 ./Drivers/STM32N6xx_HAL_Driver/stm32n6xx_hal_rcc_ex.o
 .text.LL_RCC_IC17_GetSource
                0x90103aa4       0x1c ./Drivers/STM32N6xx_HAL_Driver/stm32n6xx_hal_rcc_ex.o
 .text.LL_RCC_IC17_GetDivider
                0x90103ac0       0x20 ./Drivers/STM32N6xx_HAL_Driver/stm32n6xx_hal_rcc_ex.o
 .text.LL_RCC_IC18_Enable
                0x90103ae0       0x1c ./Drivers/STM32N6xx_HAL_Driver/stm32n6xx_hal_rcc_ex.o
 .text.LL_RCC_IC18_IsEnabled
                0x90103afc       0x28 ./Drivers/STM32N6xx_HAL_Driver/stm32n6xx_hal_rcc_ex.o
 .text.LL_RCC_IC18_GetSource
                0x90103b24       0x1c ./Drivers/STM32N6xx_HAL_Driver/stm32n6xx_hal_rcc_ex.o
 .text.LL_RCC_IC18_GetDivider
                0x90103b40       0x20 ./Drivers/STM32N6xx_HAL_Driver/stm32n6xx_hal_rcc_ex.o
 .text.LL_RCC_IC19_Enable
                0x90103b60       0x1c ./Drivers/STM32N6xx_HAL_Driver/stm32n6xx_hal_rcc_ex.o
 .text.LL_RCC_IC19_IsEnabled
                0x90103b7c       0x28 ./Drivers/STM32N6xx_HAL_Driver/stm32n6xx_hal_rcc_ex.o
 .text.LL_RCC_IC19_GetSource
                0x90103ba4       0x1c ./Drivers/STM32N6xx_HAL_Driver/stm32n6xx_hal_rcc_ex.o
 .text.LL_RCC_IC19_GetDivider
                0x90103bc0       0x20 ./Drivers/STM32N6xx_HAL_Driver/stm32n6xx_hal_rcc_ex.o
 .text.LL_RCC_IC20_Enable
                0x90103be0       0x1c ./Drivers/STM32N6xx_HAL_Driver/stm32n6xx_hal_rcc_ex.o
 .text.LL_RCC_IC20_IsEnabled
                0x90103bfc       0x28 ./Drivers/STM32N6xx_HAL_Driver/stm32n6xx_hal_rcc_ex.o
 .text.LL_RCC_IC20_GetSource
                0x90103c24       0x1c ./Drivers/STM32N6xx_HAL_Driver/stm32n6xx_hal_rcc_ex.o
 .text.LL_RCC_IC20_GetDivider
                0x90103c40       0x20 ./Drivers/STM32N6xx_HAL_Driver/stm32n6xx_hal_rcc_ex.o
 .text.LL_RCC_CLKP_Enable
                0x90103c60       0x1c ./Drivers/STM32N6xx_HAL_Driver/stm32n6xx_hal_rcc_ex.o
 .text.LL_RCC_CLKP_IsEnabled
                0x90103c7c       0x28 ./Drivers/STM32N6xx_HAL_Driver/stm32n6xx_hal_rcc_ex.o
 .text.HAL_RCCEx_PeriphCLKConfig
                0x90103ca4     0x25c8 ./Drivers/STM32N6xx_HAL_Driver/stm32n6xx_hal_rcc_ex.o
                0x90103ca4                HAL_RCCEx_PeriphCLKConfig
 .text.HAL_RCCEx_GetPeriphCLKFreq
                0x9010626c      0x938 ./Drivers/STM32N6xx_HAL_Driver/stm32n6xx_hal_rcc_ex.o
                0x9010626c                HAL_RCCEx_GetPeriphCLKFreq
 .text.HAL_RCCEx_GetPLL1CLKFreq
                0x90106ba4       0x8c ./Drivers/STM32N6xx_HAL_Driver/stm32n6xx_hal_rcc_ex.o
                0x90106ba4                HAL_RCCEx_GetPLL1CLKFreq
 .text.HAL_RCCEx_GetPLL2CLKFreq
                0x90106c30       0x8c ./Drivers/STM32N6xx_HAL_Driver/stm32n6xx_hal_rcc_ex.o
                0x90106c30                HAL_RCCEx_GetPLL2CLKFreq
 .text.HAL_RCCEx_GetPLL3CLKFreq
                0x90106cbc       0x8c ./Drivers/STM32N6xx_HAL_Driver/stm32n6xx_hal_rcc_ex.o
                0x90106cbc                HAL_RCCEx_GetPLL3CLKFreq
 .text.HAL_RCCEx_GetPLL4CLKFreq
                0x90106d48       0x8c ./Drivers/STM32N6xx_HAL_Driver/stm32n6xx_hal_rcc_ex.o
                0x90106d48                HAL_RCCEx_GetPLL4CLKFreq
 .text.RCCEx_GetHCLKFreq
                0x90106dd4       0x22 ./Drivers/STM32N6xx_HAL_Driver/stm32n6xx_hal_rcc_ex.o
 .text.RCCEx_GetPCLK1Freq
                0x90106df6       0x20 ./Drivers/STM32N6xx_HAL_Driver/stm32n6xx_hal_rcc_ex.o
 .text.RCCEx_GetPCLK2Freq
                0x90106e16       0x22 ./Drivers/STM32N6xx_HAL_Driver/stm32n6xx_hal_rcc_ex.o
 .text.RCCEx_GetPCLK4Freq
                0x90106e38       0x22 ./Drivers/STM32N6xx_HAL_Driver/stm32n6xx_hal_rcc_ex.o
 .text.RCCEx_GetPCLK5Freq
                0x90106e5a       0x22 ./Drivers/STM32N6xx_HAL_Driver/stm32n6xx_hal_rcc_ex.o
 .text.RCCEx_GetPLLSourceFreq
                0x90106e7c       0xbc ./Drivers/STM32N6xx_HAL_Driver/stm32n6xx_hal_rcc_ex.o
 .text.RCCEx_CalcPLLFreq
                0x90106f38       0x98 ./Drivers/STM32N6xx_HAL_Driver/stm32n6xx_hal_rcc_ex.o
 .text.RCCEx_GetADCCLKFreq
                0x90106fd0      0x204 ./Drivers/STM32N6xx_HAL_Driver/stm32n6xx_hal_rcc_ex.o
 .text.RCCEx_GetADFCLKFreq
                0x901071d4      0x1d8 ./Drivers/STM32N6xx_HAL_Driver/stm32n6xx_hal_rcc_ex.o
 .text.RCCEx_GetCLKPCLKFreq
                0x901073ac      0x36c ./Drivers/STM32N6xx_HAL_Driver/stm32n6xx_hal_rcc_ex.o
 .text.RCCEx_GetCSICLKFreq
                0x90107718       0x98 ./Drivers/STM32N6xx_HAL_Driver/stm32n6xx_hal_rcc_ex.o
 .text.RCCEx_GetDCMIPPCLKFreq
                0x901077b0      0x114 ./Drivers/STM32N6xx_HAL_Driver/stm32n6xx_hal_rcc_ex.o
 .text.RCCEx_GetETH1CLKFreq
                0x901078c4      0x100 ./Drivers/STM32N6xx_HAL_Driver/stm32n6xx_hal_rcc_ex.o
 .text.RCCEx_GetETH1PTPCLKFreq
                0x901079c4      0x108 ./Drivers/STM32N6xx_HAL_Driver/stm32n6xx_hal_rcc_ex.o
 .text.RCCEx_GetFDCANCLKFreq
                0x90107acc      0x100 ./Drivers/STM32N6xx_HAL_Driver/stm32n6xx_hal_rcc_ex.o
 .text.RCCEx_GetFMCCLKFreq
                0x90107bcc      0x16e ./Drivers/STM32N6xx_HAL_Driver/stm32n6xx_hal_rcc_ex.o
 *fill*         0x90107d3a        0x2 
 .text.RCCEx_GetI2CCLKFreq
                0x90107d3c      0x350 ./Drivers/STM32N6xx_HAL_Driver/stm32n6xx_hal_rcc_ex.o
 .text.RCCEx_GetI3CCLKFreq
                0x9010808c      0x268 ./Drivers/STM32N6xx_HAL_Driver/stm32n6xx_hal_rcc_ex.o
 .text.RCCEx_GetLPTIMCLKFreq
                0x901082f4      0x354 ./Drivers/STM32N6xx_HAL_Driver/stm32n6xx_hal_rcc_ex.o
 .text.RCCEx_GetLPUARTCLKFreq
                0x90108648      0x204 ./Drivers/STM32N6xx_HAL_Driver/stm32n6xx_hal_rcc_ex.o
 .text.RCCEx_GetLTDCCLKFreq
                0x9010884c      0x114 ./Drivers/STM32N6xx_HAL_Driver/stm32n6xx_hal_rcc_ex.o
 .text.RCCEx_GetMDFCLKFreq
                0x90108960      0x214 ./Drivers/STM32N6xx_HAL_Driver/stm32n6xx_hal_rcc_ex.o
 .text.RCCEx_GetPSSICLKFreq
                0x90108b74      0x104 ./Drivers/STM32N6xx_HAL_Driver/stm32n6xx_hal_rcc_ex.o
 .text.RCCEx_GetRTCCLKFreq
                0x90108c78       0xa4 ./Drivers/STM32N6xx_HAL_Driver/stm32n6xx_hal_rcc_ex.o
 .text.RCCEx_GetSAICLKFreq
                0x90108d1c      0x2cc ./Drivers/STM32N6xx_HAL_Driver/stm32n6xx_hal_rcc_ex.o
 .text.RCCEx_GetSDMMCCLKFreq
                0x90108fe8      0x1d4 ./Drivers/STM32N6xx_HAL_Driver/stm32n6xx_hal_rcc_ex.o
 .text.RCCEx_GetSPDIFRXCLKFreq
                0x901091bc      0x1c8 ./Drivers/STM32N6xx_HAL_Driver/stm32n6xx_hal_rcc_ex.o
 .text.RCCEx_GetSPICLKFreq
                0x90109384      0x5a4 ./Drivers/STM32N6xx_HAL_Driver/stm32n6xx_hal_rcc_ex.o
 .text.RCCEx_GetUARTCLKFreq
                0x90109928      0x454 ./Drivers/STM32N6xx_HAL_Driver/stm32n6xx_hal_rcc_ex.o
 .text.RCCEx_GetUSARTCLKFreq
                0x90109d7c      0x454 ./Drivers/STM32N6xx_HAL_Driver/stm32n6xx_hal_rcc_ex.o
 .text.RCCEx_GetOTGPHYCLKFreq
                0x9010a1d0      0x16c ./Drivers/STM32N6xx_HAL_Driver/stm32n6xx_hal_rcc_ex.o
 .text.RCCEx_GetOTGPHYCKREFCLKFreq
                0x9010a33c       0xa0 ./Drivers/STM32N6xx_HAL_Driver/stm32n6xx_hal_rcc_ex.o
 .text.RCCEx_GetXSPICLKFreq
                0x9010a3dc      0x220 ./Drivers/STM32N6xx_HAL_Driver/stm32n6xx_hal_rcc_ex.o
 .text.HAL_RIF_RISC_SetSlaveSecureAttributes
                0x9010a5fc       0xa4 ./Drivers/STM32N6xx_HAL_Driver/stm32n6xx_hal_rif.o
                0x9010a5fc                HAL_RIF_RISC_SetSlaveSecureAttributes
 .text.HAL_RIF_RISAF_ConfigBaseRegion
                0x9010a6a0       0x98 ./Drivers/STM32N6xx_HAL_Driver/stm32n6xx_hal_rif.o
                0x9010a6a0                HAL_RIF_RISAF_ConfigBaseRegion
 .text.HAL_UART_Init
                0x9010a738       0xa0 ./Drivers/STM32N6xx_HAL_Driver/stm32n6xx_hal_uart.o
                0x9010a738                HAL_UART_Init
 .text.HAL_UART_Transmit
                0x9010a7d8      0x132 ./Drivers/STM32N6xx_HAL_Driver/stm32n6xx_hal_uart.o
                0x9010a7d8                HAL_UART_Transmit
 *fill*         0x9010a90a        0x2 
 .text.UART_SetConfig
                0x9010a90c      0x3d8 ./Drivers/STM32N6xx_HAL_Driver/stm32n6xx_hal_uart.o
                0x9010a90c                UART_SetConfig
 .text.UART_AdvFeatureConfig
                0x9010ace4      0x144 ./Drivers/STM32N6xx_HAL_Driver/stm32n6xx_hal_uart.o
                0x9010ace4                UART_AdvFeatureConfig
 .text.UART_CheckIdleState
                0x9010ae28      0x154 ./Drivers/STM32N6xx_HAL_Driver/stm32n6xx_hal_uart.o
                0x9010ae28                UART_CheckIdleState
 .text.UART_WaitOnFlagUntilTimeout
                0x9010af7c       0xda ./Drivers/STM32N6xx_HAL_Driver/stm32n6xx_hal_uart.o
                0x9010af7c                UART_WaitOnFlagUntilTimeout
 .text.UART_EndRxTransfer
                0x9010b056       0xcc ./Drivers/STM32N6xx_HAL_Driver/stm32n6xx_hal_uart.o
 .text.HAL_UARTEx_DisableFifoMode
                0x9010b122       0x72 ./Drivers/STM32N6xx_HAL_Driver/stm32n6xx_hal_uart_ex.o
                0x9010b122                HAL_UARTEx_DisableFifoMode
 .text.HAL_UARTEx_SetTxFifoThreshold
                0x9010b194       0x7c ./Drivers/STM32N6xx_HAL_Driver/stm32n6xx_hal_uart_ex.o
                0x9010b194                HAL_UARTEx_SetTxFifoThreshold
 .text.HAL_UARTEx_SetRxFifoThreshold
                0x9010b210       0x7c ./Drivers/STM32N6xx_HAL_Driver/stm32n6xx_hal_uart_ex.o
                0x9010b210                HAL_UARTEx_SetRxFifoThreshold
 .text.UARTEx_SetNbDataToProcess
                0x9010b28c       0x9c ./Drivers/STM32N6xx_HAL_Driver/stm32n6xx_hal_uart_ex.o
 .text.std      0x9010b328       0x6c C:/ST/STM32CubeIDE_2.0.0/STM32CubeIDE/plugins/com.st.stm32cube.ide.mcu.externaltools.gnu-tools-for-stm32.13.3.rel1.win32_1.0.100.202509120712/tools/bin/../lib/gcc/arm-none-eabi/13.3.1/../../../../arm-none-eabi/lib/thumb/v8-m.main+dp/hard\libc_nano.a(libc_a-findfp.o)
 .text.stdio_exit_handler
                0x9010b394       0x18 C:/ST/STM32CubeIDE_2.0.0/STM32CubeIDE/plugins/com.st.stm32cube.ide.mcu.externaltools.gnu-tools-for-stm32.13.3.rel1.win32_1.0.100.202509120712/tools/bin/../lib/gcc/arm-none-eabi/13.3.1/../../../../arm-none-eabi/lib/thumb/v8-m.main+dp/hard\libc_nano.a(libc_a-findfp.o)
 .text.cleanup_stdio
                0x9010b3ac       0x40 C:/ST/STM32CubeIDE_2.0.0/STM32CubeIDE/plugins/com.st.stm32cube.ide.mcu.externaltools.gnu-tools-for-stm32.13.3.rel1.win32_1.0.100.202509120712/tools/bin/../lib/gcc/arm-none-eabi/13.3.1/../../../../arm-none-eabi/lib/thumb/v8-m.main+dp/hard\libc_nano.a(libc_a-findfp.o)
 .text.global_stdio_init.part.0
                0x9010b3ec       0x3c C:/ST/STM32CubeIDE_2.0.0/STM32CubeIDE/plugins/com.st.stm32cube.ide.mcu.externaltools.gnu-tools-for-stm32.13.3.rel1.win32_1.0.100.202509120712/tools/bin/../lib/gcc/arm-none-eabi/13.3.1/../../../../arm-none-eabi/lib/thumb/v8-m.main+dp/hard\libc_nano.a(libc_a-findfp.o)
 .text.__sfp_lock_acquire
                0x9010b428        0xc C:/ST/STM32CubeIDE_2.0.0/STM32CubeIDE/plugins/com.st.stm32cube.ide.mcu.externaltools.gnu-tools-for-stm32.13.3.rel1.win32_1.0.100.202509120712/tools/bin/../lib/gcc/arm-none-eabi/13.3.1/../../../../arm-none-eabi/lib/thumb/v8-m.main+dp/hard\libc_nano.a(libc_a-findfp.o)
                0x9010b428                __sfp_lock_acquire
 .text.__sfp_lock_release
                0x9010b434        0xc C:/ST/STM32CubeIDE_2.0.0/STM32CubeIDE/plugins/com.st.stm32cube.ide.mcu.externaltools.gnu-tools-for-stm32.13.3.rel1.win32_1.0.100.202509120712/tools/bin/../lib/gcc/arm-none-eabi/13.3.1/../../../../arm-none-eabi/lib/thumb/v8-m.main+dp/hard\libc_nano.a(libc_a-findfp.o)
                0x9010b434                __sfp_lock_release
 .text.__sinit  0x9010b440       0x30 C:/ST/STM32CubeIDE_2.0.0/STM32CubeIDE/plugins/com.st.stm32cube.ide.mcu.externaltools.gnu-tools-for-stm32.13.3.rel1.win32_1.0.100.202509120712/tools/bin/../lib/gcc/arm-none-eabi/13.3.1/../../../../arm-none-eabi/lib/thumb/v8-m.main+dp/hard\libc_nano.a(libc_a-findfp.o)
                0x9010b440                __sinit
 .text._fwalk_sglue
                0x9010b470       0x3c C:/ST/STM32CubeIDE_2.0.0/STM32CubeIDE/plugins/com.st.stm32cube.ide.mcu.externaltools.gnu-tools-for-stm32.13.3.rel1.win32_1.0.100.202509120712/tools/bin/../lib/gcc/arm-none-eabi/13.3.1/../../../../arm-none-eabi/lib/thumb/v8-m.main+dp/hard\libc_nano.a(libc_a-fwalk.o)
                0x9010b470                _fwalk_sglue
 .text.printf   0x9010b4ac       0x24 C:/ST/STM32CubeIDE_2.0.0/STM32CubeIDE/plugins/com.st.stm32cube.ide.mcu.externaltools.gnu-tools-for-stm32.13.3.rel1.win32_1.0.100.202509120712/tools/bin/../lib/gcc/arm-none-eabi/13.3.1/../../../../arm-none-eabi/lib/thumb/v8-m.main+dp/hard\libc_nano.a(libc_a-printf.o)
                0x9010b4ac                iprintf
                0x9010b4ac                printf
 .text.__sread  0x9010b4d0       0x22 C:/ST/STM32CubeIDE_2.0.0/STM32CubeIDE/plugins/com.st.stm32cube.ide.mcu.externaltools.gnu-tools-for-stm32.13.3.rel1.win32_1.0.100.202509120712/tools/bin/../lib/gcc/arm-none-eabi/13.3.1/../../../../arm-none-eabi/lib/thumb/v8-m.main+dp/hard\libc_nano.a(libc_a-stdio.o)
                0x9010b4d0                __sread
 .text.__swrite
                0x9010b4f2       0x38 C:/ST/STM32CubeIDE_2.0.0/STM32CubeIDE/plugins/com.st.stm32cube.ide.mcu.externaltools.gnu-tools-for-stm32.13.3.rel1.win32_1.0.100.202509120712/tools/bin/../lib/gcc/arm-none-eabi/13.3.1/../../../../arm-none-eabi/lib/thumb/v8-m.main+dp/hard\libc_nano.a(libc_a-stdio.o)
                0x9010b4f2                __swrite
 .text.__sseek  0x9010b52a       0x24 C:/ST/STM32CubeIDE_2.0.0/STM32CubeIDE/plugins/com.st.stm32cube.ide.mcu.externaltools.gnu-tools-for-stm32.13.3.rel1.win32_1.0.100.202509120712/tools/bin/../lib/gcc/arm-none-eabi/13.3.1/../../../../arm-none-eabi/lib/thumb/v8-m.main+dp/hard\libc_nano.a(libc_a-stdio.o)
                0x9010b52a                __sseek
 .text.__sclose
                0x9010b54e        0x8 C:/ST/STM32CubeIDE_2.0.0/STM32CubeIDE/plugins/com.st.stm32cube.ide.mcu.externaltools.gnu-tools-for-stm32.13.3.rel1.win32_1.0.100.202509120712/tools/bin/../lib/gcc/arm-none-eabi/13.3.1/../../../../arm-none-eabi/lib/thumb/v8-m.main+dp/hard\libc_nano.a(libc_a-stdio.o)
                0x9010b54e                __sclose
 .text.memset   0x9010b556       0x10 C:/ST/STM32CubeIDE_2.0.0/STM32CubeIDE/plugins/com.st.stm32cube.ide.mcu.externaltools.gnu-tools-for-stm32.13.3.rel1.win32_1.0.100.202509120712/tools/bin/../lib/gcc/arm-none-eabi/13.3.1/../../../../arm-none-eabi/lib/thumb/v8-m.main+dp/hard\libc_nano.a(libc_a-memset.o)
                0x9010b556                memset
 *fill*         0x9010b566        0x2 
 .text._close_r
                0x9010b568       0x20 C:/ST/STM32CubeIDE_2.0.0/STM32CubeIDE/plugins/com.st.stm32cube.ide.mcu.externaltools.gnu-tools-for-stm32.13.3.rel1.win32_1.0.100.202509120712/tools/bin/../lib/gcc/arm-none-eabi/13.3.1/../../../../arm-none-eabi/lib/thumb/v8-m.main+dp/hard\libc_nano.a(libc_a-closer.o)
                0x9010b568                _close_r
 .text._lseek_r
                0x9010b588       0x24 C:/ST/STM32CubeIDE_2.0.0/STM32CubeIDE/plugins/com.st.stm32cube.ide.mcu.externaltools.gnu-tools-for-stm32.13.3.rel1.win32_1.0.100.202509120712/tools/bin/../lib/gcc/arm-none-eabi/13.3.1/../../../../arm-none-eabi/lib/thumb/v8-m.main+dp/hard\libc_nano.a(libc_a-lseekr.o)
                0x9010b588                _lseek_r
 .text._read_r  0x9010b5ac       0x24 C:/ST/STM32CubeIDE_2.0.0/STM32CubeIDE/plugins/com.st.stm32cube.ide.mcu.externaltools.gnu-tools-for-stm32.13.3.rel1.win32_1.0.100.202509120712/tools/bin/../lib/gcc/arm-none-eabi/13.3.1/../../../../arm-none-eabi/lib/thumb/v8-m.main+dp/hard\libc_nano.a(libc_a-readr.o)
                0x9010b5ac                _read_r
 .text._write_r
                0x9010b5d0       0x24 C:/ST/STM32CubeIDE_2.0.0/STM32CubeIDE/plugins/com.st.stm32cube.ide.mcu.externaltools.gnu-tools-for-stm32.13.3.rel1.win32_1.0.100.202509120712/tools/bin/../lib/gcc/arm-none-eabi/13.3.1/../../../../arm-none-eabi/lib/thumb/v8-m.main+dp/hard\libc_nano.a(libc_a-writer.o)
                0x9010b5d0                _write_r
 .text.__errno  0x9010b5f4        0xc C:/ST/STM32CubeIDE_2.0.0/STM32CubeIDE/plugins/com.st.stm32cube.ide.mcu.externaltools.gnu-tools-for-stm32.13.3.rel1.win32_1.0.100.202509120712/tools/bin/../lib/gcc/arm-none-eabi/13.3.1/../../../../arm-none-eabi/lib/thumb/v8-m.main+dp/hard\libc_nano.a(libc_a-errno.o)
                0x9010b5f4                __errno
 .text.__libc_init_array
                0x9010b600       0x48 C:/ST/STM32CubeIDE_2.0.0/STM32CubeIDE/plugins/com.st.stm32cube.ide.mcu.externaltools.gnu-tools-for-stm32.13.3.rel1.win32_1.0.100.202509120712/tools/bin/../lib/gcc/arm-none-eabi/13.3.1/../../../../arm-none-eabi/lib/thumb/v8-m.main+dp/hard\libc_nano.a(libc_a-init.o)
                0x9010b600                __libc_init_array
 .text.__retarget_lock_init_recursive
                0x9010b648        0x2 C:/ST/STM32CubeIDE_2.0.0/STM32CubeIDE/plugins/com.st.stm32cube.ide.mcu.externaltools.gnu-tools-for-stm32.13.3.rel1.win32_1.0.100.202509120712/tools/bin/../lib/gcc/arm-none-eabi/13.3.1/../../../../arm-none-eabi/lib/thumb/v8-m.main+dp/hard\libc_nano.a(libc_a-lock.o)
                0x9010b648                __retarget_lock_init_recursive
 .text.__retarget_lock_acquire_recursive
                0x9010b64a        0x2 C:/ST/STM32CubeIDE_2.0.0/STM32CubeIDE/plugins/com.st.stm32cube.ide.mcu.externaltools.gnu-tools-for-stm32.13.3.rel1.win32_1.0.100.202509120712/tools/bin/../lib/gcc/arm-none-eabi/13.3.1/../../../../arm-none-eabi/lib/thumb/v8-m.main+dp/hard\libc_nano.a(libc_a-lock.o)
                0x9010b64a                __retarget_lock_acquire_recursive
 .text.__retarget_lock_release_recursive
                0x9010b64c        0x2 C:/ST/STM32CubeIDE_2.0.0/STM32CubeIDE/plugins/com.st.stm32cube.ide.mcu.externaltools.gnu-tools-for-stm32.13.3.rel1.win32_1.0.100.202509120712/tools/bin/../lib/gcc/arm-none-eabi/13.3.1/../../../../arm-none-eabi/lib/thumb/v8-m.main+dp/hard\libc_nano.a(libc_a-lock.o)
                0x9010b64c                __retarget_lock_release_recursive
 *fill*         0x9010b64e        0x2 
 .text._free_r  0x9010b650       0x94 C:/ST/STM32CubeIDE_2.0.0/STM32CubeIDE/plugins/com.st.stm32cube.ide.mcu.externaltools.gnu-tools-for-stm32.13.3.rel1.win32_1.0.100.202509120712/tools/bin/../lib/gcc/arm-none-eabi/13.3.1/../../../../arm-none-eabi/lib/thumb/v8-m.main+dp/hard\libc_nano.a(libc_a-freer.o)
                0x9010b650                _free_r
 .text.sbrk_aligned
                0x9010b6e4       0x44 C:/ST/STM32CubeIDE_2.0.0/STM32CubeIDE/plugins/com.st.stm32cube.ide.mcu.externaltools.gnu-tools-for-stm32.13.3.rel1.win32_1.0.100.202509120712/tools/bin/../lib/gcc/arm-none-eabi/13.3.1/../../../../arm-none-eabi/lib/thumb/v8-m.main+dp/hard\libc_nano.a(libc_a-mallocr.o)
 .text._malloc_r
                0x9010b728      0x100 C:/ST/STM32CubeIDE_2.0.0/STM32CubeIDE/plugins/com.st.stm32cube.ide.mcu.externaltools.gnu-tools-for-stm32.13.3.rel1.win32_1.0.100.202509120712/tools/bin/../lib/gcc/arm-none-eabi/13.3.1/../../../../arm-none-eabi/lib/thumb/v8-m.main+dp/hard\libc_nano.a(libc_a-mallocr.o)
                0x9010b728                _malloc_r
 .text.__malloc_lock
                0x9010b828        0xc C:/ST/STM32CubeIDE_2.0.0/STM32CubeIDE/plugins/com.st.stm32cube.ide.mcu.externaltools.gnu-tools-for-stm32.13.3.rel1.win32_1.0.100.202509120712/tools/bin/../lib/gcc/arm-none-eabi/13.3.1/../../../../arm-none-eabi/lib/thumb/v8-m.main+dp/hard\libc_nano.a(libc_a-mlock.o)
                0x9010b828                __malloc_lock
 .text.__malloc_unlock
                0x9010b834        0xc C:/ST/STM32CubeIDE_2.0.0/STM32CubeIDE/plugins/com.st.stm32cube.ide.mcu.externaltools.gnu-tools-for-stm32.13.3.rel1.win32_1.0.100.202509120712/tools/bin/../lib/gcc/arm-none-eabi/13.3.1/../../../../arm-none-eabi/lib/thumb/v8-m.main+dp/hard\libc_nano.a(libc_a-mlock.o)
                0x9010b834                __malloc_unlock
 .text.__sfputc_r
                0x9010b840       0x2e C:/ST/STM32CubeIDE_2.0.0/STM32CubeIDE/plugins/com.st.stm32cube.ide.mcu.externaltools.gnu-tools-for-stm32.13.3.rel1.win32_1.0.100.202509120712/tools/bin/../lib/gcc/arm-none-eabi/13.3.1/../../../../arm-none-eabi/lib/thumb/v8-m.main+dp/hard\libc_nano.a(libc_a-nano-vfprintf.o)
 .text.__sfputs_r
                0x9010b86e       0x24 C:/ST/STM32CubeIDE_2.0.0/STM32CubeIDE/plugins/com.st.stm32cube.ide.mcu.externaltools.gnu-tools-for-stm32.13.3.rel1.win32_1.0.100.202509120712/tools/bin/../lib/gcc/arm-none-eabi/13.3.1/../../../../arm-none-eabi/lib/thumb/v8-m.main+dp/hard\libc_nano.a(libc_a-nano-vfprintf.o)
                0x9010b86e                __sfputs_r
 *fill*         0x9010b892        0x2 
 .text._vfprintf_r
                0x9010b894      0x230 C:/ST/STM32CubeIDE_2.0.0/STM32CubeIDE/plugins/com.st.stm32cube.ide.mcu.externaltools.gnu-tools-for-stm32.13.3.rel1.win32_1.0.100.202509120712/tools/bin/../lib/gcc/arm-none-eabi/13.3.1/../../../../arm-none-eabi/lib/thumb/v8-m.main+dp/hard\libc_nano.a(libc_a-nano-vfprintf.o)
                0x9010b894                _vfprintf_r
                0x9010b894                _vfiprintf_r
 .text._printf_common
                0x9010bac4       0xe4 C:/ST/STM32CubeIDE_2.0.0/STM32CubeIDE/plugins/com.st.stm32cube.ide.mcu.externaltools.gnu-tools-for-stm32.13.3.rel1.win32_1.0.100.202509120712/tools/bin/../lib/gcc/arm-none-eabi/13.3.1/../../../../arm-none-eabi/lib/thumb/v8-m.main+dp/hard\libc_nano.a(libc_a-nano-vfprintf_i.o)
                0x9010bac4                _printf_common
 .text._printf_i
                0x9010bba8      0x23c C:/ST/STM32CubeIDE_2.0.0/STM32CubeIDE/plugins/com.st.stm32cube.ide.mcu.externaltools.gnu-tools-for-stm32.13.3.rel1.win32_1.0.100.202509120712/tools/bin/../lib/gcc/arm-none-eabi/13.3.1/../../../../arm-none-eabi/lib/thumb/v8-m.main+dp/hard\libc_nano.a(libc_a-nano-vfprintf_i.o)
                0x9010bba8                _printf_i
 .text.__sflush_r
                0x9010bde4      0x108 C:/ST/STM32CubeIDE_2.0.0/STM32CubeIDE/plugins/com.st.stm32cube.ide.mcu.externaltools.gnu-tools-for-stm32.13.3.rel1.win32_1.0.100.202509120712/tools/bin/../lib/gcc/arm-none-eabi/13.3.1/../../../../arm-none-eabi/lib/thumb/v8-m.main+dp/hard\libc_nano.a(libc_a-fflush.o)
                0x9010bde4                __sflush_r
 .text._fflush_r
                0x9010beec       0x50 C:/ST/STM32CubeIDE_2.0.0/STM32CubeIDE/plugins/com.st.stm32cube.ide.mcu.externaltools.gnu-tools-for-stm32.13.3.rel1.win32_1.0.100.202509120712/tools/bin/../lib/gcc/arm-none-eabi/13.3.1/../../../../arm-none-eabi/lib/thumb/v8-m.main+dp/hard\libc_nano.a(libc_a-fflush.o)
                0x9010beec                _fflush_r
 .text.__swbuf_r
                0x9010bf3c       0x7c C:/ST/STM32CubeIDE_2.0.0/STM32CubeIDE/plugins/com.st.stm32cube.ide.mcu.externaltools.gnu-tools-for-stm32.13.3.rel1.win32_1.0.100.202509120712/tools/bin/../lib/gcc/arm-none-eabi/13.3.1/../../../../arm-none-eabi/lib/thumb/v8-m.main+dp/hard\libc_nano.a(libc_a-wbuf.o)
                0x9010bf3c                __swbuf_r
 .text.__swsetup_r
                0x9010bfb8       0xac C:/ST/STM32CubeIDE_2.0.0/STM32CubeIDE/plugins/com.st.stm32cube.ide.mcu.externaltools.gnu-tools-for-stm32.13.3.rel1.win32_1.0.100.202509120712/tools/bin/../lib/gcc/arm-none-eabi/13.3.1/../../../../arm-none-eabi/lib/thumb/v8-m.main+dp/hard\libc_nano.a(libc_a-wsetup.o)
                0x9010bfb8                __swsetup_r
 .text._sbrk_r  0x9010c064       0x20 C:/ST/STM32CubeIDE_2.0.0/STM32CubeIDE/plugins/com.st.stm32cube.ide.mcu.externaltools.gnu-tools-for-stm32.13.3.rel1.win32_1.0.100.202509120712/tools/bin/../lib/gcc/arm-none-eabi/13.3.1/../../../../arm-none-eabi/lib/thumb/v8-m.main+dp/hard\libc_nano.a(libc_a-sbrkr.o)
                0x9010c064                _sbrk_r
 .text.memchr   0x9010c084       0x1c C:/ST/STM32CubeIDE_2.0.0/STM32CubeIDE/plugins/com.st.stm32cube.ide.mcu.externaltools.gnu-tools-for-stm32.13.3.rel1.win32_1.0.100.202509120712/tools/bin/../lib/gcc/arm-none-eabi/13.3.1/../../../../arm-none-eabi/lib/thumb/v8-m.main+dp/hard\libc_nano.a(libc_a-memchr-stub.o)
                0x9010c084                memchr
 .text.__swhatbuf_r
                0x9010c0a0       0x4a C:/ST/STM32CubeIDE_2.0.0/STM32CubeIDE/plugins/com.st.stm32cube.ide.mcu.externaltools.gnu-tools-for-stm32.13.3.rel1.win32_1.0.100.202509120712/tools/bin/../lib/gcc/arm-none-eabi/13.3.1/../../../../arm-none-eabi/lib/thumb/v8-m.main+dp/hard\libc_nano.a(libc_a-makebuf.o)
                0x9010c0a0                __swhatbuf_r
 .text.__smakebuf_r
                0x9010c0ea       0x78 C:/ST/STM32CubeIDE_2.0.0/STM32CubeIDE/plugins/com.st.stm32cube.ide.mcu.externaltools.gnu-tools-for-stm32.13.3.rel1.win32_1.0.100.202509120712/tools/bin/../lib/gcc/arm-none-eabi/13.3.1/../../../../arm-none-eabi/lib/thumb/v8-m.main+dp/hard\libc_nano.a(libc_a-makebuf.o)
                0x9010c0ea                __smakebuf_r
 *fill*         0x9010c162        0x2 
 .text._fstat_r
                0x9010c164       0x24 C:/ST/STM32CubeIDE_2.0.0/STM32CubeIDE/plugins/com.st.stm32cube.ide.mcu.externaltools.gnu-tools-for-stm32.13.3.rel1.win32_1.0.100.202509120712/tools/bin/../lib/gcc/arm-none-eabi/13.3.1/../../../../arm-none-eabi/lib/thumb/v8-m.main+dp/hard\libc_nano.a(libc_a-fstatr.o)
                0x9010c164                _fstat_r
 .text._isatty_r
                0x9010c188       0x20 C:/ST/STM32CubeIDE_2.0.0/STM32CubeIDE/plugins/com.st.stm32cube.ide.mcu.externaltools.gnu-tools-for-stm32.13.3.rel1.win32_1.0.100.202509120712/tools/bin/../lib/gcc/arm-none-eabi/13.3.1/../../../../arm-none-eabi/lib/thumb/v8-m.main+dp/hard\libc_nano.a(libc_a-isattyr.o)
                0x9010c188                _isatty_r
 *(.glue_7)
 .glue_7        0x9010c1a8        0x0 linker stubs
 *(.glue_7t)
 .glue_7t       0x9010c1a8        0x0 linker stubs
 *(.eh_frame)
 .eh_frame      0x9010c1a8        0x0 C:/ST/STM32CubeIDE_2.0.0/STM32CubeIDE/plugins/com.st.stm32cube.ide.mcu.externaltools.gnu-tools-for-stm32.13.3.rel1.win32_1.0.100.202509120712/tools/bin/../lib/gcc/arm-none-eabi/13.3.1/thumb/v8-m.main+dp/hard/crtbegin.o
 *(.RamFunc)
 *(.RamFunc*)
 *(.init)
 .init          0x9010c1a8        0x4 C:/ST/STM32CubeIDE_2.0.0/STM32CubeIDE/plugins/com.st.stm32cube.ide.mcu.externaltools.gnu-tools-for-stm32.13.3.rel1.win32_1.0.100.202509120712/tools/bin/../lib/gcc/arm-none-eabi/13.3.1/thumb/v8-m.main+dp/hard/crti.o
                0x9010c1a8                _init
 .init          0x9010c1ac        0x8 C:/ST/STM32CubeIDE_2.0.0/STM32CubeIDE/plugins/com.st.stm32cube.ide.mcu.externaltools.gnu-tools-for-stm32.13.3.rel1.win32_1.0.100.202509120712/tools/bin/../lib/gcc/arm-none-eabi/13.3.1/thumb/v8-m.main+dp/hard/crtn.o
 *(.fini)
 .fini          0x9010c1b4        0x4 C:/ST/STM32CubeIDE_2.0.0/STM32CubeIDE/plugins/com.st.stm32cube.ide.mcu.externaltools.gnu-tools-for-stm32.13.3.rel1.win32_1.0.100.202509120712/tools/bin/../lib/gcc/arm-none-eabi/13.3.1/thumb/v8-m.main+dp/hard/crti.o
                0x9010c1b4                _fini
 .fini          0x9010c1b8        0x8 C:/ST/STM32CubeIDE_2.0.0/STM32CubeIDE/plugins/com.st.stm32cube.ide.mcu.externaltools.gnu-tools-for-stm32.13.3.rel1.win32_1.0.100.202509120712/tools/bin/../lib/gcc/arm-none-eabi/13.3.1/thumb/v8-m.main+dp/hard/crtn.o
                0x9010c1c0                        . = ALIGN (0x4)
                0x9010c1c0                        _etext = .

.vfp11_veneer   0x9010c1c0        0x0
 .vfp11_veneer  0x9010c1c0        0x0 linker stubs

.v4_bx          0x9010c1c0        0x0
 .v4_bx         0x9010c1c0        0x0 linker stubs

.iplt           0x9010c1c0        0x0
 .iplt          0x9010c1c0        0x0 C:/ST/STM32CubeIDE_2.0.0/STM32CubeIDE/plugins/com.st.stm32cube.ide.mcu.externaltools.gnu-tools-for-stm32.13.3.rel1.win32_1.0.100.202509120712/tools/bin/../lib/gcc/arm-none-eabi/13.3.1/thumb/v8-m.main+dp/hard/crtbegin.o

.rodata         0x9010c1c0       0x78
                0x9010c1c0                        . = ALIGN (0x4)
 *(.rodata)
 .rodata        0x9010c1c0       0x19 ./Application/User/Core/main.o
 *(.rodata*)
 *fill*         0x9010c1d9        0x3 
 .rodata.UARTPrescTable
                0x9010c1dc       0x18 ./Drivers/STM32N6xx_HAL_Driver/stm32n6xx_hal_uart.o
                0x9010c1dc                UARTPrescTable
 .rodata.numerator.1
                0x9010c1f4        0x8 ./Drivers/STM32N6xx_HAL_Driver/stm32n6xx_hal_uart_ex.o
 .rodata.denominator.0
                0x9010c1fc        0x8 ./Drivers/STM32N6xx_HAL_Driver/stm32n6xx_hal_uart_ex.o
 .rodata._vfprintf_r.str1.1
                0x9010c204       0x33 C:/ST/STM32CubeIDE_2.0.0/STM32CubeIDE/plugins/com.st.stm32cube.ide.mcu.externaltools.gnu-tools-for-stm32.13.3.rel1.win32_1.0.100.202509120712/tools/bin/../lib/gcc/arm-none-eabi/13.3.1/../../../../arm-none-eabi/lib/thumb/v8-m.main+dp/hard\libc_nano.a(libc_a-nano-vfprintf.o)
                                 0x11 (size before relaxing)
 .rodata._printf_i.str1.1
                0x9010c237        0x0 C:/ST/STM32CubeIDE_2.0.0/STM32CubeIDE/plugins/com.st.stm32cube.ide.mcu.externaltools.gnu-tools-for-stm32.13.3.rel1.win32_1.0.100.202509120712/tools/bin/../lib/gcc/arm-none-eabi/13.3.1/../../../../arm-none-eabi/lib/thumb/v8-m.main+dp/hard\libc_nano.a(libc_a-nano-vfprintf_i.o)
                                 0x22 (size before relaxing)
                0x9010c238                        . = ALIGN (0x4)
 *fill*         0x9010c237        0x1 

.ARM.extab      0x9010c238        0x0
                0x9010c238                        . = ALIGN (0x4)
 *(.ARM.extab* .gnu.linkonce.armextab.*)
                0x9010c238                        . = ALIGN (0x4)

.ARM            0x9010c238        0x8
                0x9010c238                        . = ALIGN (0x4)
                0x9010c238                        __exidx_start = .
 *(.ARM.exidx*)
 .ARM.exidx     0x9010c238        0x8 C:/ST/STM32CubeIDE_2.0.0/STM32CubeIDE/plugins/com.st.stm32cube.ide.mcu.externaltools.gnu-tools-for-stm32.13.3.rel1.win32_1.0.100.202509120712/tools/bin/../lib/gcc/arm-none-eabi/13.3.1/thumb/v8-m.main+dp/hard\libgcc.a(_udivmoddi4.o)
                0x9010c240                        __exidx_end = .
                0x9010c240                        . = ALIGN (0x4)

.preinit_array  0x9010c240        0x0
                0x9010c240                        . = ALIGN (0x4)
                0x9010c240                        PROVIDE (__preinit_array_start = .)
 *(.preinit_array*)
                0x9010c240                        PROVIDE (__preinit_array_end = .)
                0x9010c240                        . = ALIGN (0x4)

.init_array     0x9010c240        0x4
                0x9010c240                        . = ALIGN (0x4)
                0x9010c240                        PROVIDE (__init_array_start = .)
 *(SORT_BY_NAME(.init_array.*))
 *(.init_array*)
 .init_array    0x9010c240        0x4 C:/ST/STM32CubeIDE_2.0.0/STM32CubeIDE/plugins/com.st.stm32cube.ide.mcu.externaltools.gnu-tools-for-stm32.13.3.rel1.win32_1.0.100.202509120712/tools/bin/../lib/gcc/arm-none-eabi/13.3.1/thumb/v8-m.main+dp/hard/crtbegin.o
                0x9010c244                        PROVIDE (__init_array_end = .)
                0x9010c244                        . = ALIGN (0x4)

.fini_array     0x9010c244        0x4
                0x9010c244                        . = ALIGN (0x4)
                [!provide]                        PROVIDE (__fini_array_start = .)
 *(SORT_BY_NAME(.fini_array.*))
 *(.fini_array*)
 .fini_array    0x9010c244        0x4 C:/ST/STM32CubeIDE_2.0.0/STM32CubeIDE/plugins/com.st.stm32cube.ide.mcu.externaltools.gnu-tools-for-stm32.13.3.rel1.win32_1.0.100.202509120712/tools/bin/../lib/gcc/arm-none-eabi/13.3.1/thumb/v8-m.main+dp/hard/crtbegin.o
                [!provide]                        PROVIDE (__fini_array_end = .)
                0x9010c248                        . = ALIGN (0x4)
                0x9010c248                        _sidata = LOADADDR (.data)

.rel.dyn        0x9010c248        0x0
 .rel.iplt      0x9010c248        0x0 C:/ST/STM32CubeIDE_2.0.0/STM32CubeIDE/plugins/com.st.stm32cube.ide.mcu.externaltools.gnu-tools-for-stm32.13.3.rel1.win32_1.0.100.202509120712/tools/bin/../lib/gcc/arm-none-eabi/13.3.1/thumb/v8-m.main+dp/hard/crtbegin.o

.data           0x34000000       0x68 load address 0x9010c248
                0x34000000                        . = ALIGN (0x4)
                0x34000000                        _sdata = .
 *(.data)
 *(.data*)
 .data.SystemCoreClock
                0x34000000        0x4 ./Drivers/CMSIS/system_stm32n6xx_s.o
                0x34000000                SystemCoreClock
 .data.uwTickPrio
                0x34000004        0x4 ./Drivers/STM32N6xx_HAL_Driver/stm32n6xx_hal.o
                0x34000004                uwTickPrio
 .data.uwTickFreq
                0x34000008        0x1 ./Drivers/STM32N6xx_HAL_Driver/stm32n6xx_hal.o
                0x34000008                uwTickFreq
 *fill*         0x34000009        0x3 
 .data.__sglue  0x3400000c        0xc C:/ST/STM32CubeIDE_2.0.0/STM32CubeIDE/plugins/com.st.stm32cube.ide.mcu.externaltools.gnu-tools-for-stm32.13.3.rel1.win32_1.0.100.202509120712/tools/bin/../lib/gcc/arm-none-eabi/13.3.1/../../../../arm-none-eabi/lib/thumb/v8-m.main+dp/hard\libc_nano.a(libc_a-findfp.o)
                0x3400000c                __sglue
 .data._impure_ptr
                0x34000018        0x4 C:/ST/STM32CubeIDE_2.0.0/STM32CubeIDE/plugins/com.st.stm32cube.ide.mcu.externaltools.gnu-tools-for-stm32.13.3.rel1.win32_1.0.100.202509120712/tools/bin/../lib/gcc/arm-none-eabi/13.3.1/../../../../arm-none-eabi/lib/thumb/v8-m.main+dp/hard\libc_nano.a(libc_a-impure.o)
                0x34000018                _impure_ptr
 .data._impure_data
                0x3400001c       0x4c C:/ST/STM32CubeIDE_2.0.0/STM32CubeIDE/plugins/com.st.stm32cube.ide.mcu.externaltools.gnu-tools-for-stm32.13.3.rel1.win32_1.0.100.202509120712/tools/bin/../lib/gcc/arm-none-eabi/13.3.1/../../../../arm-none-eabi/lib/thumb/v8-m.main+dp/hard\libc_nano.a(libc_a-impure.o)
                0x3400001c                _impure_data
                0x34000068                        . = ALIGN (0x4)
                0x34000068                        _edata = .

.igot.plt       0x34000068        0x0 load address 0x9010c2b0
 .igot.plt      0x34000068        0x0 C:/ST/STM32CubeIDE_2.0.0/STM32CubeIDE/plugins/com.st.stm32cube.ide.mcu.externaltools.gnu-tools-for-stm32.13.3.rel1.win32_1.0.100.202509120712/tools/bin/../lib/gcc/arm-none-eabi/13.3.1/thumb/v8-m.main+dp/hard/crtbegin.o

.noncacheable   0x34000068        0x0 load address 0x9010c2b0
                0x34000068                        . = ALIGN (0x8)
                0x34000068                        __snoncacheable = .
 *(.noncacheable)
                0x34000068                        . = ALIGN (0x8)
                0x34000068                        __enoncacheable = .

.gnu.sgstubs    0x9010c2c0       0x20
                0x9010c2c0                        _sNSCVeneer = .
                0x9010c2c0                        . = ALIGN (0x4)
 *(.gnu.sgstubs*)
                0x9010c2c0                        . = ALIGN (0x4)
 .gnu.sgstubs.__stub
                0x9010c2c0       0x10 linker stubs
                0x9010c2c0                SECURE_SystemCoreClockUpdate
                0x9010c2c8                SECURE_RegisterCallback
                0x9010c2e0                        _eNSCVeneer = .
                0x9010c2d0                        . = ALIGN (0x4)

.bss            0x34000068      0x260
                0x34000068                        _sbss = .
                0x34000068                        __bss_start__ = _sbss
 *(.bss)
 .bss           0x34000068       0x1c C:/ST/STM32CubeIDE_2.0.0/STM32CubeIDE/plugins/com.st.stm32cube.ide.mcu.externaltools.gnu-tools-for-stm32.13.3.rel1.win32_1.0.100.202509120712/tools/bin/../lib/gcc/arm-none-eabi/13.3.1/thumb/v8-m.main+dp/hard/crtbegin.o
 *(.bss*)
 .bss.hcacheaxi
                0x34000084        0xc ./Application/User/Core/main.o
                0x34000084                hcacheaxi
 .bss.hramcfg_SRAM1
                0x34000090        0xc ./Application/User/Core/main.o
                0x34000090                hramcfg_SRAM1
 .bss.hramcfg_SRAM2
                0x3400009c        0xc ./Application/User/Core/main.o
                0x3400009c                hramcfg_SRAM2
 .bss.hramcfg_SRAM3
                0x340000a8        0xc ./Application/User/Core/main.o
                0x340000a8                hramcfg_SRAM3
 .bss.hramcfg_SRAM4
                0x340000b4        0xc ./Application/User/Core/main.o
                0x340000b4                hramcfg_SRAM4
 .bss.hramcfg_SRAM5
                0x340000c0        0xc ./Application/User/Core/main.o
                0x340000c0                hramcfg_SRAM5
 .bss.hramcfg_SRAM6
                0x340000cc        0xc ./Application/User/Core/main.o
                0x340000cc                hramcfg_SRAM6
 .bss.huart1    0x340000d8       0x94 ./Application/User/Core/main.o
                0x340000d8                huart1
 .bss.pSecureFaultCallback
                0x3400016c        0x4 ./Application/User/Core/secure_nsc.o
                0x3400016c                pSecureFaultCallback
 .bss.pSecureErrorCallback
                0x34000170        0x4 ./Application/User/Core/secure_nsc.o
                0x34000170                pSecureErrorCallback
 .bss.__sbrk_heap_end
                0x34000174        0x4 ./Application/User/Core/sysmem.o
 .bss.uwTick    0x34000178        0x4 ./Drivers/STM32N6xx_HAL_Driver/stm32n6xx_hal.o
                0x34000178                uwTick
 .bss.__sf      0x3400017c      0x138 C:/ST/STM32CubeIDE_2.0.0/STM32CubeIDE/plugins/com.st.stm32cube.ide.mcu.externaltools.gnu-tools-for-stm32.13.3.rel1.win32_1.0.100.202509120712/tools/bin/../lib/gcc/arm-none-eabi/13.3.1/../../../../arm-none-eabi/lib/thumb/v8-m.main+dp/hard\libc_nano.a(libc_a-findfp.o)
                0x3400017c                __sf
 .bss.__stdio_exit_handler
                0x340002b4        0x4 C:/ST/STM32CubeIDE_2.0.0/STM32CubeIDE/plugins/com.st.stm32cube.ide.mcu.externaltools.gnu-tools-for-stm32.13.3.rel1.win32_1.0.100.202509120712/tools/bin/../lib/gcc/arm-none-eabi/13.3.1/../../../../arm-none-eabi/lib/thumb/v8-m.main+dp/hard\libc_nano.a(libc_a-findfp.o)
                0x340002b4                __stdio_exit_handler
 .bss.errno     0x340002b8        0x4 C:/ST/STM32CubeIDE_2.0.0/STM32CubeIDE/plugins/com.st.stm32cube.ide.mcu.externaltools.gnu-tools-for-stm32.13.3.rel1.win32_1.0.100.202509120712/tools/bin/../lib/gcc/arm-none-eabi/13.3.1/../../../../arm-none-eabi/lib/thumb/v8-m.main+dp/hard\libc_nano.a(libc_a-reent.o)
                0x340002b8                errno
 .bss.__lock___malloc_recursive_mutex
                0x340002bc        0x1 C:/ST/STM32CubeIDE_2.0.0/STM32CubeIDE/plugins/com.st.stm32cube.ide.mcu.externaltools.gnu-tools-for-stm32.13.3.rel1.win32_1.0.100.202509120712/tools/bin/../lib/gcc/arm-none-eabi/13.3.1/../../../../arm-none-eabi/lib/thumb/v8-m.main+dp/hard\libc_nano.a(libc_a-lock.o)
                0x340002bc                __lock___malloc_recursive_mutex
 .bss.__lock___sfp_recursive_mutex
                0x340002bd        0x1 C:/ST/STM32CubeIDE_2.0.0/STM32CubeIDE/plugins/com.st.stm32cube.ide.mcu.externaltools.gnu-tools-for-stm32.13.3.rel1.win32_1.0.100.202509120712/tools/bin/../lib/gcc/arm-none-eabi/13.3.1/../../../../arm-none-eabi/lib/thumb/v8-m.main+dp/hard\libc_nano.a(libc_a-lock.o)
                0x340002bd                __lock___sfp_recursive_mutex
 *fill*         0x340002be        0x2 
 .bss.__malloc_sbrk_start
                0x340002c0        0x4 C:/ST/STM32CubeIDE_2.0.0/STM32CubeIDE/plugins/com.st.stm32cube.ide.mcu.externaltools.gnu-tools-for-stm32.13.3.rel1.win32_1.0.100.202509120712/tools/bin/../lib/gcc/arm-none-eabi/13.3.1/../../../../arm-none-eabi/lib/thumb/v8-m.main+dp/hard\libc_nano.a(libc_a-mallocr.o)
                0x340002c0                __malloc_sbrk_start
 .bss.__malloc_free_list
                0x340002c4        0x4 C:/ST/STM32CubeIDE_2.0.0/STM32CubeIDE/plugins/com.st.stm32cube.ide.mcu.externaltools.gnu-tools-for-stm32.13.3.rel1.win32_1.0.100.202509120712/tools/bin/../lib/gcc/arm-none-eabi/13.3.1/../../../../arm-none-eabi/lib/thumb/v8-m.main+dp/hard\libc_nano.a(libc_a-mallocr.o)
                0x340002c4                __malloc_free_list
 *(COMMON)
                0x340002c8                        . = ALIGN (0x4)
                0x340002c8                        _ebss = .
                0x340002c8                        __bss_end__ = _ebss

._user_heap_stack
                0x340002c8      0xa00
                0x340002c8                        . = ALIGN (0x8)
                [!provide]                        PROVIDE (end = .)
                0x340002c8                        PROVIDE (_end = .)
                0x340004c8                        . = (. + _Min_Heap_Size)
 *fill*         0x340002c8      0x200 
                0x34000cc8                        . = (. + _Min_Stack_Size)
 *fill*         0x340004c8      0x800 
                0x34000cc8                        . = ALIGN (0x8)

/DISCARD/
 libc.a(*)
 libm.a(*)
 libgcc.a(*)

.ARM.attributes
                0x00000000       0x3a
 *(.ARM.attributes)
 .ARM.attributes
                0x00000000       0x24 C:/ST/STM32CubeIDE_2.0.0/STM32CubeIDE/plugins/com.st.stm32cube.ide.mcu.externaltools.gnu-tools-for-stm32.13.3.rel1.win32_1.0.100.202509120712/tools/bin/../lib/gcc/arm-none-eabi/13.3.1/thumb/v8-m.main+dp/hard/crti.o
 .ARM.attributes
                0x00000024       0x36 C:/ST/STM32CubeIDE_2.0.0/STM32CubeIDE/plugins/com.st.stm32cube.ide.mcu.externaltools.gnu-tools-for-stm32.13.3.rel1.win32_1.0.100.202509120712/tools/bin/../lib/gcc/arm-none-eabi/13.3.1/thumb/v8-m.main+dp/hard/crtbegin.o
 .ARM.attributes
                0x0000005a       0x3e ./Application/User/Core/main.o
 .ARM.attributes
                0x00000098       0x3e ./Application/User/Core/secure_nsc.o
 .ARM.attributes
                0x000000d6       0x3e ./Application/User/Core/stm32n6xx_hal_msp.o
 .ARM.attributes
                0x00000114       0x3e ./Application/User/Core/stm32n6xx_it.o
 .ARM.attributes
                0x00000152       0x3e ./Application/User/Core/syscalls.o
 .ARM.attributes
                0x00000190       0x3e ./Application/User/Core/sysmem.o
 .ARM.attributes
                0x000001ce       0x22 ./Application/User/Startup/startup_stm32n657x0hxq.o
 .ARM.attributes
                0x000001f0       0x3e ./Drivers/CMSIS/system_stm32n6xx_s.o
 .ARM.attributes
                0x0000022e       0x3e ./Drivers/STM32N6xx_HAL_Driver/stm32n6xx_hal.o
 .ARM.attributes
                0x0000026c       0x3e ./Drivers/STM32N6xx_HAL_Driver/stm32n6xx_hal_cacheaxi.o
 .ARM.attributes
                0x000002aa       0x3e ./Drivers/STM32N6xx_HAL_Driver/stm32n6xx_hal_cortex.o
 .ARM.attributes
                0x000002e8       0x3e ./Drivers/STM32N6xx_HAL_Driver/stm32n6xx_hal_gpio.o
 .ARM.attributes
                0x00000326       0x3e ./Drivers/STM32N6xx_HAL_Driver/stm32n6xx_hal_pwr.o
 .ARM.attributes
                0x00000364       0x3e ./Drivers/STM32N6xx_HAL_Driver/stm32n6xx_hal_pwr_ex.o
 .ARM.attributes
                0x000003a2       0x3e ./Drivers/STM32N6xx_HAL_Driver/stm32n6xx_hal_ramcfg.o
 .ARM.attributes
                0x000003e0       0x3e ./Drivers/STM32N6xx_HAL_Driver/stm32n6xx_hal_rcc.o
 .ARM.attributes
                0x0000041e       0x3e ./Drivers/STM32N6xx_HAL_Driver/stm32n6xx_hal_rcc_ex.o
 .ARM.attributes
                0x0000045c       0x3e ./Drivers/STM32N6xx_HAL_Driver/stm32n6xx_hal_rif.o
 .ARM.attributes
                0x0000049a       0x3e ./Drivers/STM32N6xx_HAL_Driver/stm32n6xx_hal_uart.o
 .ARM.attributes
                0x000004d8       0x3e ./Drivers/STM32N6xx_HAL_Driver/stm32n6xx_hal_uart_ex.o
 .ARM.attributes
                0x00000516       0x36 C:/ST/STM32CubeIDE_2.0.0/STM32CubeIDE/plugins/com.st.stm32cube.ide.mcu.externaltools.gnu-tools-for-stm32.13.3.rel1.win32_1.0.100.202509120712/tools/bin/../lib/gcc/arm-none-eabi/13.3.1/../../../../arm-none-eabi/lib/thumb/v8-m.main+dp/hard\libc_nano.a(libc_a-findfp.o)
 .ARM.attributes
                0x0000054c       0x36 C:/ST/STM32CubeIDE_2.0.0/STM32CubeIDE/plugins/com.st.stm32cube.ide.mcu.externaltools.gnu-tools-for-stm32.13.3.rel1.win32_1.0.100.202509120712/tools/bin/../lib/gcc/arm-none-eabi/13.3.1/../../../../arm-none-eabi/lib/thumb/v8-m.main+dp/hard\libc_nano.a(libc_a-fwalk.o)
 .ARM.attributes
                0x00000582       0x36 C:/ST/STM32CubeIDE_2.0.0/STM32CubeIDE/plugins/com.st.stm32cube.ide.mcu.externaltools.gnu-tools-for-stm32.13.3.rel1.win32_1.0.100.202509120712/tools/bin/../lib/gcc/arm-none-eabi/13.3.1/../../../../arm-none-eabi/lib/thumb/v8-m.main+dp/hard\libc_nano.a(libc_a-printf.o)
 .ARM.attributes
                0x000005b8       0x36 C:/ST/STM32CubeIDE_2.0.0/STM32CubeIDE/plugins/com.st.stm32cube.ide.mcu.externaltools.gnu-tools-for-stm32.13.3.rel1.win32_1.0.100.202509120712/tools/bin/../lib/gcc/arm-none-eabi/13.3.1/../../../../arm-none-eabi/lib/thumb/v8-m.main+dp/hard\libc_nano.a(libc_a-stdio.o)
 .ARM.attributes
                0x000005ee       0x36 C:/ST/STM32CubeIDE_2.0.0/STM32CubeIDE/plugins/com.st.stm32cube.ide.mcu.externaltools.gnu-tools-for-stm32.13.3.rel1.win32_1.0.100.202509120712/tools/bin/../lib/gcc/arm-none-eabi/13.3.1/../../../../arm-none-eabi/lib/thumb/v8-m.main+dp/hard\libc_nano.a(libc_a-memset.o)
 .ARM.attributes
                0x00000624       0x36 C:/ST/STM32CubeIDE_2.0.0/STM32CubeIDE/plugins/com.st.stm32cube.ide.mcu.externaltools.gnu-tools-for-stm32.13.3.rel1.win32_1.0.100.202509120712/tools/bin/../lib/gcc/arm-none-eabi/13.3.1/../../../../arm-none-eabi/lib/thumb/v8-m.main+dp/hard\libc_nano.a(libc_a-closer.o)
 .ARM.attributes