../../../Drivers/STM32N6xx_HAL_Driver/Inc/stm32n6xx_ll_bus.h:1407:22:LL_AHB4_GRP1_EnableClock	1
C:/AI2026Q2/anup2122/STM32N6-Blink/FSBL/Core/Src/main.c:73:5:main	6
C:/AI2026Q2/anup2122/STM32N6-Blink/FSBL/Core/Src/main.c:143:6:SystemClock_Config	9
C:/AI2026Q2/anup2122/STM32N6-Blink/FSBL/Core/Src/main.c:265:6:PeriphCommonClock_Config	2
C:/AI2026Q2/anup2122/STM32N6-Blink/FSBL/Core/Src/main.c:284:13:MX_BSEC_Init	1
C:/AI2026Q2/anup2122/STM32N6-Blink/FSBL/Core/Src/main.c:305:13:MX_XSPI1_Init	3
C:/AI2026Q2/anup2122/STM32N6-Blink/FSBL/Core/Src/main.c:356:13:MX_XSPI2_Init	3
C:/AI2026Q2/anup2122/STM32N6-Blink/FSBL/Core/Src/main.c:407:13:MX_GPIO_Init	1
C:/AI2026Q2/anup2122/STM32N6-Blink/FSBL/Core/Src/main.c:600:6:MPU_Config	1
C:/AI2026Q2/anup2122/STM32N6-Blink/FSBL/Core/Src/main.c:658:6:Error_Handler	1
