../../../Drivers/STM32N6xx_HAL_Driver/Inc/stm32n6xx_ll_bus.h:1407:22:LL_AHB4_GRP1_EnableClock	1
C:/AI2026Q2/anup2122/STM32N6-Blink/FSBL/Core/Src/main.c:72:5:main	6
C:/AI2026Q2/anup2122/STM32N6-Blink/FSBL/Core/Src/main.c:139:6:SystemClock_Config	9
C:/AI2026Q2/anup2122/STM32N6-Blink/FSBL/Core/Src/main.c:262:13:MX_BSEC_Init	1
C:/AI2026Q2/anup2122/STM32N6-Blink/FSBL/Core/Src/main.c:283:13:MX_XSPI1_Init	3
C:/AI2026Q2/anup2122/STM32N6-Blink/FSBL/Core/Src/main.c:334:13:MX_XSPI2_Init	3
C:/AI2026Q2/anup2122/STM32N6-Blink/FSBL/Core/Src/main.c:385:13:MX_GPIO_Init	1
C:/AI2026Q2/anup2122/STM32N6-Blink/FSBL/Core/Src/main.c:578:6:MPU_Config	1
C:/AI2026Q2/anup2122/STM32N6-Blink/FSBL/Core/Src/main.c:636:6:Error_Handler	1
