../../../Drivers/STM32N6xx_HAL_Driver/Inc/stm32n6xx_ll_bus.h:1165:22:LL_AHB3_GRP1_EnableClock	1
../../../Drivers/STM32N6xx_HAL_Driver/Inc/stm32n6xx_ll_bus.h:1407:22:LL_AHB4_GRP1_EnableClock	1
C:/AI2026Q2/anup2122/STM32N6-Blink/Appli/Core/Src/main.c:64:5:main	1
C:/AI2026Q2/anup2122/STM32N6-Blink/Appli/Core/Src/main.c:107:15:SystemIsolation_Config	1
C:/AI2026Q2/anup2122/STM32N6-Blink/Appli/Core/Src/main.c:167:13:MX_GPIO_Init	1
C:/AI2026Q2/anup2122/STM32N6-Blink/Appli/Core/Src/main.c:200:6:Error_Handler	1
