../../../Drivers/STM32N6xx_HAL_Driver/Inc/stm32n6xx_ll_bus.h:679:22:LL_MEM_EnableClock	24	static
../../../Drivers/STM32N6xx_HAL_Driver/Inc/stm32n6xx_ll_bus.h:1165:22:LL_AHB3_GRP1_EnableClock	24	static
../../../Drivers/STM32N6xx_HAL_Driver/Inc/stm32n6xx_ll_bus.h:1407:22:LL_AHB4_GRP1_EnableClock	24	static
../../../Drivers/STM32N6xx_HAL_Driver/Inc/stm32n6xx_ll_bus.h:1755:22:LL_AHB5_GRP1_EnableClock	24	static
../../../Drivers/STM32N6xx_HAL_Driver/Inc/stm32n6xx_ll_bus.h:1945:22:LL_AHB5_GRP1_ForceReset	16	static
../../../Drivers/STM32N6xx_HAL_Driver/Inc/stm32n6xx_ll_bus.h:1999:22:LL_AHB5_GRP1_ReleaseReset	16	static
C:/AI2026Q2/anup2122/STM32N6-Blink/Appli/Core/Src/main.c:78:5:main	8	static
C:/AI2026Q2/anup2122/STM32N6-Blink/Appli/Core/Src/main.c:124:6:PeriphCommonClock_Config	408	static
C:/AI2026Q2/anup2122/STM32N6-Blink/Appli/Core/Src/main.c:143:13:MX_CACHEAXI_Init	8	static
C:/AI2026Q2/anup2122/STM32N6-Blink/Appli/Core/Src/main.c:169:13:MX_RAMCFG_Init	8	static
C:/AI2026Q2/anup2122/STM32N6-Blink/Appli/Core/Src/main.c:238:15:SystemIsolation_Config	40	static
C:/AI2026Q2/anup2122/STM32N6-Blink/Appli/Core/Src/main.c:370:13:MX_SAU_Init	4	static
C:/AI2026Q2/anup2122/STM32N6-Blink/Appli/Core/Src/main.c:391:13:MX_USART1_UART_Init	8	static
C:/AI2026Q2/anup2122/STM32N6-Blink/Appli/Core/Src/main.c:439:13:MX_GPIO_Init	32	static
C:/AI2026Q2/anup2122/STM32N6-Blink/Appli/Core/Src/main.c:467:1:__io_putchar	16	static
C:/AI2026Q2/anup2122/STM32N6-Blink/Appli/Core/Src/main.c:472:5:_write	24	static
C:/AI2026Q2/anup2122/STM32N6-Blink/Appli/Core/Src/main.c:482:6:Error_Handler	4	static,ignoring_inline_asm
