../../../Drivers/STM32N6xx_HAL_Driver/Inc/stm32n6xx_ll_bus.h:1165:22:LL_AHB3_GRP1_EnableClock	1
../../../Drivers/STM32N6xx_HAL_Driver/Inc/stm32n6xx_ll_bus.h:1407:22:LL_AHB4_GRP1_EnableClock	1
C:/n6-dk/STM32N6-Blink/Appli/Core/Src/main.c:78:5:main	1
C:/n6-dk/STM32N6-Blink/Appli/Core/Src/main.c:124:6:PeriphCommonClock_Config	2
C:/n6-dk/STM32N6-Blink/Appli/Core/Src/main.c:143:13:MX_CACHEAXI_Init	2
C:/n6-dk/STM32N6-Blink/Appli/Core/Src/main.c:169:13:MX_RAMCFG_Init	7
C:/n6-dk/STM32N6-Blink/Appli/Core/Src/main.c:238:15:SystemIsolation_Config	1
C:/n6-dk/STM32N6-Blink/Appli/Core/Src/main.c:351:13:MX_SAU_Init	1
C:/n6-dk/STM32N6-Blink/Appli/Core/Src/main.c:372:13:MX_USART1_UART_Init	5
C:/n6-dk/STM32N6-Blink/Appli/Core/Src/main.c:420:13:MX_GPIO_Init	1
C:/n6-dk/STM32N6-Blink/Appli/Core/Src/main.c:448:1:__io_putchar	1
C:/n6-dk/STM32N6-Blink/Appli/Core/Src/main.c:453:5:_write	1
C:/n6-dk/STM32N6-Blink/Appli/Core/Src/main.c:463:6:Error_Handler	1
