../../../Drivers/STM32N6xx_HAL_Driver/Inc/stm32n6xx_ll_bus.h:1009:22:LL_AHB2_GRP1_EnableClock	24	static
../../../Drivers/STM32N6xx_HAL_Driver/Inc/stm32n6xx_ll_bus.h:1045:22:LL_AHB2_GRP1_DisableClock	16	static
../../../Drivers/STM32N6xx_HAL_Driver/Inc/stm32n6xx_ll_bus.h:1407:22:LL_AHB4_GRP1_EnableClock	24	static
../../../Drivers/STM32N6xx_HAL_Driver/Inc/stm32n6xx_ll_bus.h:1755:22:LL_AHB5_GRP1_EnableClock	24	static
../../../Drivers/STM32N6xx_HAL_Driver/Inc/stm32n6xx_ll_bus.h:1891:22:LL_AHB5_GRP1_DisableClock	16	static
../../../Drivers/STM32N6xx_HAL_Driver/Inc/stm32n6xx_ll_bus.h:2909:22:LL_APB2_GRP1_EnableClock	24	static
../../../Drivers/STM32N6xx_HAL_Driver/Inc/stm32n6xx_ll_bus.h:2997:22:LL_APB2_GRP1_DisableClock	16	static
C:/n6-dk/STM32N6-Blink/Appli/Core/Src/stm32n6xx_hal_msp.c:62:6:HAL_MspInit	8	static
C:/n6-dk/STM32N6-Blink/Appli/Core/Src/stm32n6xx_hal_msp.c:94:6:HAL_CACHEAXI_MspInit	16	static
C:/n6-dk/STM32N6-Blink/Appli/Core/Src/stm32n6xx_hal_msp.c:117:6:HAL_CACHEAXI_MspDeInit	16	static
C:/n6-dk/STM32N6-Blink/Appli/Core/Src/stm32n6xx_hal_msp.c:139:6:HAL_RAMCFG_MspInit	16	static
C:/n6-dk/STM32N6-Blink/Appli/Core/Src/stm32n6xx_hal_msp.c:158:6:HAL_RAMCFG_MspDeInit	16	static
C:/n6-dk/STM32N6-Blink/Appli/Core/Src/stm32n6xx_hal_msp.c:177:6:HAL_UART_MspInit	440	static
C:/n6-dk/STM32N6-Blink/Appli/Core/Src/stm32n6xx_hal_msp.c:234:6:HAL_UART_MspDeInit	16	static
