Archive member included to satisfy reference by file (symbol)

C:/ST/STM32CubeIDE_1.14.1/STM32CubeIDE/plugins/com.st.stm32cube.ide.mcu.externaltools.gnu-tools-for-stm32.13.3.rel1.win32_1.0.100.202509120712/tools/bin/../lib/gcc/arm-none-eabi/13.3.1/../../../../arm-none-eabi/lib/thumb/v8-m.main+dp/hard\libc_nano.a(libc_a-exit.o)
                              C:/ST/STM32CubeIDE_1.14.1/STM32CubeIDE/plugins/com.st.stm32cube.ide.mcu.externaltools.gnu-tools-for-stm32.13.3.rel1.win32_1.0.100.202509120712/tools/bin/../lib/gcc/arm-none-eabi/13.3.1/../../../../arm-none-eabi/lib/thumb/v8-m.main+dp/hard/crt0.o (exit)
C:/ST/STM32CubeIDE_1.14.1/STM32CubeIDE/plugins/com.st.stm32cube.ide.mcu.externaltools.gnu-tools-for-stm32.13.3.rel1.win32_1.0.100.202509120712/tools/bin/../lib/gcc/arm-none-eabi/13.3.1/../../../../arm-none-eabi/lib/thumb/v8-m.main+dp/hard\libc_nano.a(libc_a-findfp.o)
                              C:/ST/STM32CubeIDE_1.14.1/STM32CubeIDE/plugins/com.st.stm32cube.ide.mcu.externaltools.gnu-tools-for-stm32.13.3.rel1.win32_1.0.100.202509120712/tools/bin/../lib/gcc/arm-none-eabi/13.3.1/../../../../arm-none-eabi/lib/thumb/v8-m.main+dp/hard\libc_nano.a(libc_a-exit.o) (__stdio_exit_handler)
C:/ST/STM32CubeIDE_1.14.1/STM32CubeIDE/plugins/com.st.stm32cube.ide.mcu.externaltools.gnu-tools-for-stm32.13.3.rel1.win32_1.0.100.202509120712/tools/bin/../lib/gcc/arm-none-eabi/13.3.1/../../../../arm-none-eabi/lib/thumb/v8-m.main+dp/hard\libc_nano.a(libc_a-fwalk.o)
                              C:/ST/STM32CubeIDE_1.14.1/STM32CubeIDE/plugins/com.st.stm32cube.ide.mcu.externaltools.gnu-tools-for-stm32.13.3.rel1.win32_1.0.100.202509120712/tools/bin/../lib/gcc/arm-none-eabi/13.3.1/../../../../arm-none-eabi/lib/thumb/v8-m.main+dp/hard\libc_nano.a(libc_a-findfp.o) (_fwalk_sglue)
C:/ST/STM32CubeIDE_1.14.1/STM32CubeIDE/plugins/com.st.stm32cube.ide.mcu.externaltools.gnu-tools-for-stm32.13.3.rel1.win32_1.0.100.202509120712/tools/bin/../lib/gcc/arm-none-eabi/13.3.1/../../../../arm-none-eabi/lib/thumb/v8-m.main+dp/hard\libc_nano.a(libc_a-stdio.o)
                              C:/ST/STM32CubeIDE_1.14.1/STM32CubeIDE/plugins/com.st.stm32cube.ide.mcu.externaltools.gnu-tools-for-stm32.13.3.rel1.win32_1.0.100.202509120712/tools/bin/../lib/gcc/arm-none-eabi/13.3.1/../../../../arm-none-eabi/lib/thumb/v8-m.main+dp/hard\libc_nano.a(libc_a-findfp.o) (__sread)
C:/ST/STM32CubeIDE_1.14.1/STM32CubeIDE/plugins/com.st.stm32cube.ide.mcu.externaltools.gnu-tools-for-stm32.13.3.rel1.win32_1.0.100.202509120712/tools/bin/../lib/gcc/arm-none-eabi/13.3.1/../../../../arm-none-eabi/lib/thumb/v8-m.main+dp/hard\libc_nano.a(libc_a-memset.o)
                              C:/ST/STM32CubeIDE_1.14.1/STM32CubeIDE/plugins/com.st.stm32cube.ide.mcu.externaltools.gnu-tools-for-stm32.13.3.rel1.win32_1.0.100.202509120712/tools/bin/../lib/gcc/arm-none-eabi/13.3.1/../../../../arm-none-eabi/lib/thumb/v8-m.main+dp/hard/crt0.o (memset)
C:/ST/STM32CubeIDE_1.14.1/STM32CubeIDE/plugins/com.st.stm32cube.ide.mcu.externaltools.gnu-tools-for-stm32.13.3.rel1.win32_1.0.100.202509120712/tools/bin/../lib/gcc/arm-none-eabi/13.3.1/../../../../arm-none-eabi/lib/thumb/v8-m.main+dp/hard\libc_nano.a(libc_a-closer.o)
                              C:/ST/STM32CubeIDE_1.14.1/STM32CubeIDE/plugins/com.st.stm32cube.ide.mcu.externaltools.gnu-tools-for-stm32.13.3.rel1.win32_1.0.100.202509120712/tools/bin/../lib/gcc/arm-none-eabi/13.3.1/../../../../arm-none-eabi/lib/thumb/v8-m.main+dp/hard\libc_nano.a(libc_a-stdio.o) (_close_r)
C:/ST/STM32CubeIDE_1.14.1/STM32CubeIDE/plugins/com.st.stm32cube.ide.mcu.externaltools.gnu-tools-for-stm32.13.3.rel1.win32_1.0.100.202509120712/tools/bin/../lib/gcc/arm-none-eabi/13.3.1/../../../../arm-none-eabi/lib/thumb/v8-m.main+dp/hard\libc_nano.a(libc_a-reent.o)
                              C:/ST/STM32CubeIDE_1.14.1/STM32CubeIDE/plugins/com.st.stm32cube.ide.mcu.externaltools.gnu-tools-for-stm32.13.3.rel1.win32_1.0.100.202509120712/tools/bin/../lib/gcc/arm-none-eabi/13.3.1/../../../../arm-none-eabi/lib/thumb/v8-m.main+dp/hard\libc_nano.a(libc_a-closer.o) (errno)
C:/ST/STM32CubeIDE_1.14.1/STM32CubeIDE/plugins/com.st.stm32cube.ide.mcu.externaltools.gnu-tools-for-stm32.13.3.rel1.win32_1.0.100.202509120712/tools/bin/../lib/gcc/arm-none-eabi/13.3.1/../../../../arm-none-eabi/lib/thumb/v8-m.main+dp/hard\libc_nano.a(libc_a-impure.o)
                              C:/ST/STM32CubeIDE_1.14.1/STM32CubeIDE/plugins/com.st.stm32cube.ide.mcu.externaltools.gnu-tools-for-stm32.13.3.rel1.win32_1.0.100.202509120712/tools/bin/../lib/gcc/arm-none-eabi/13.3.1/../../../../arm-none-eabi/lib/thumb/v8-m.main+dp/hard\libc_nano.a(libc_a-reent.o) (_impure_ptr)
C:/ST/STM32CubeIDE_1.14.1/STM32CubeIDE/plugins/com.st.stm32cube.ide.mcu.externaltools.gnu-tools-for-stm32.13.3.rel1.win32_1.0.100.202509120712/tools/bin/../lib/gcc/arm-none-eabi/13.3.1/../../../../arm-none-eabi/lib/thumb/v8-m.main+dp/hard\libc_nano.a(libc_a-lseekr.o)
[...]
Memory Configuration

Name             Origin             Length             Attributes
ROM              0x34180400         0x0003fc00         xrw
RAM              0x341c0000         0x00040000         xrw
*default*        0x00000000         0xffffffff

Linker script and memory map

LOAD C:/ST/STM32CubeIDE_1.14.1/STM32CubeIDE/plugins/com.st.stm32cube.ide.mcu.externaltools.gnu-tools-for-stm32.13.3.rel1.win32_1.0.100.202509120712/tools/bin/../lib/gcc/arm-none-eabi/13.3.1/thumb/v8-m.main+dp/hard/crti.o
LOAD C:/ST/STM32CubeIDE_1.14.1/STM32CubeIDE/plugins/com.st.stm32cube.ide.mcu.externaltools.gnu-tools-for-stm32.13.3.rel1.win32_1.0.100.202509120712/tools/bin/../lib/gcc/arm-none-eabi/13.3.1/thumb/v8-m.main+dp/hard/crtbegin.o
LOAD C:/ST/STM32CubeIDE_1.14.1/STM32CubeIDE/plugins/com.st.stm32cube.ide.mcu.externaltools.gnu-tools-for-stm32.13.3.rel1.win32_1.0.100.202509120712/tools/bin/../lib/gcc/arm-none-eabi/13.3.1/../../../../arm-none-eabi/lib/thumb/v8-m.main+dp/hard/crt0.o
LOAD ./Application/User/Core/extmem_manager.o
LOAD ./Application/User/Core/main.o
LOAD ./Application/User/Core/stm32n6xx_hal_msp.o
LOAD ./Application/User/Core/stm32n6xx_it.o
LOAD ./Application/User/Core/syscalls.o
LOAD ./Application/User/Core/sysmem.o
LOAD ./Application/User/Startup/startup_stm32n657x0hxq_fsbl.o
LOAD ./Drivers/CMSIS/system_stm32n6xx_fsbl.o
LOAD ./Drivers/STM32N6xx_HAL_Driver/stm32n6xx_hal.o
LOAD ./Drivers/STM32N6xx_HAL_Driver/stm32n6xx_hal_bsec.o
LOAD ./Drivers/STM32N6xx_HAL_Driver/stm32n6xx_hal_cortex.o
LOAD ./Drivers/STM32N6xx_HAL_Driver/stm32n6xx_hal_dma.o
LOAD ./Drivers/STM32N6xx_HAL_Driver/stm32n6xx_hal_dma_ex.o
LOAD ./Drivers/STM32N6xx_HAL_Driver/stm32n6xx_hal_exti.o
LOAD ./Drivers/STM32N6xx_HAL_Driver/stm32n6xx_hal_gpio.o
LOAD ./Drivers/STM32N6xx_HAL_Driver/stm32n6xx_hal_pwr.o
LOAD ./Drivers/STM32N6xx_HAL_Driver/stm32n6xx_hal_pwr_ex.o
LOAD ./Drivers/STM32N6xx_HAL_Driver/stm32n6xx_hal_rcc.o
LOAD ./Drivers/STM32N6xx_HAL_Driver/stm32n6xx_hal_rcc_ex.o
LOAD ./Drivers/STM32N6xx_HAL_Driver/stm32n6xx_hal_xspi.o
LOAD ./Middlewares/STM32_ExtMem_Manager/stm32_boot_lrun.o
LOAD ./Middlewares/STM32_ExtMem_Manager/stm32_extmem.o
LOAD ./Middlewares/STM32_ExtMem_Manager/stm32_psram_driver.o
LOAD ./Middlewares/STM32_ExtMem_Manager/stm32_sal_sd.o
LOAD ./Middlewares/STM32_ExtMem_Manager/stm32_sal_xspi.o
LOAD ./Middlewares/STM32_ExtMem_Manager/stm32_sdcard_driver.o
LOAD ./Middlewares/STM32_ExtMem_Manager/stm32_sfdp_data.o
LOAD ./Middlewares/STM32_ExtMem_Manager/stm32_sfdp_driver.o
LOAD ./Middlewares/STM32_ExtMem_Manager/stm32_user_driver.o
START GROUP
LOAD C:/ST/STM32CubeIDE_1.14.1/STM32CubeIDE/plugins/com.st.stm32cube.ide.mcu.externaltools.gnu-tools-for-stm32.13.3.rel1.win32_1.0.100.202509120712/tools/bin/../lib/gcc/arm-none-eabi/13.3.1/../../../../arm-none-eabi/lib/thumb/v8-m.main+dp/hard\libc_nano.a
LOAD C:/ST/STM32CubeIDE_1.14.1/STM32CubeIDE/plugins/com.st.stm32cube.ide.mcu.externaltools.gnu-tools-for-stm32.13.3.rel1.win32_1.0.100.202509120712/tools/bin/../lib/gcc/arm-none-eabi/13.3.1/../../../../arm-none-eabi/lib/thumb/v8-m.main+dp/hard\libm.a
END GROUP
START GROUP
LOAD C:/ST/STM32CubeIDE_1.14.1/STM32CubeIDE/plugins/com.st.stm32cube.ide.mcu.externaltools.gnu-tools-for-stm32.13.3.rel1.win32_1.0.100.202509120712/tools/bin/../lib/gcc/arm-none-eabi/13.3.1/thumb/v8-m.main+dp/hard\libgcc.a
LOAD C:/ST/STM32CubeIDE_1.14.1/STM32CubeIDE/plugins/com.st.stm32cube.ide.mcu.externaltools.gnu-tools-for-stm32.13.3.rel1.win32_1.0.100.202509120712/tools/bin/../lib/gcc/arm-none-eabi/13.3.1/../../../../arm-none-eabi/lib/thumb/v8-m.main+dp/hard\libc_nano.a
END GROUP
START GROUP
LOAD C:/ST/STM32CubeIDE_1.14.1/STM32CubeIDE/plugins/com.st.stm32cube.ide.mcu.externaltools.gnu-tools-for-stm32.13.3.rel1.win32_1.0.100.202509120712/tools/bin/../lib/gcc/arm-none-eabi/13.3.1/thumb/v8-m.main+dp/hard\libgcc.a
LOAD C:/ST/STM32CubeIDE_1.14.1/STM32CubeIDE/plugins/com.st.stm32cube.ide.mcu.externaltools.gnu-tools-for-stm32.13.3.rel1.win32_1.0.100.202509120712/tools/bin/../lib/gcc/arm-none-eabi/13.3.1/../../../../arm-none-eabi/lib/thumb/v8-m.main+dp/hard\libc_nano.a
LOAD C:/ST/STM32CubeIDE_1.14.1/STM32CubeIDE/plugins/com.st.stm32cube.ide.mcu.externaltools.gnu-tools-for-stm32.13.3.rel1.win32_1.0.100.202509120712/tools/bin/../lib/gcc/arm-none-eabi/13.3.1/../../../../arm-none-eabi/lib/thumb/v8-m.main+dp/hard\libnosys.a
END GROUP
START GROUP
LOAD C:/ST/STM32CubeIDE_1.14.1/STM32CubeIDE/plugins/com.st.stm32cube.ide.mcu.externaltools.gnu-tools-for-stm32.13.3.rel1.win32_1.0.100.202509120712/tools/bin/../lib/gcc/arm-none-eabi/13.3.1/thumb/v8-m.main+dp/hard\libgcc.a
LOAD C:/ST/STM32CubeIDE_1.14.1/STM32CubeIDE/plugins/com.st.stm32cube.ide.mcu.externaltools.gnu-tools-for-stm32.13.3.rel1.win32_1.0.100.202509120712/tools/bin/../lib/gcc/arm-none-eabi/13.3.1/../../../../arm-none-eabi/lib/thumb/v8-m.main+dp/hard\libc_nano.a
LOAD C:/ST/STM32CubeIDE_1.14.1/STM32CubeIDE/plugins/com.st.stm32cube.ide.mcu.externaltools.gnu-tools-for-stm32.13.3.rel1.win32_1.0.100.202509120712/tools/bin/../lib/gcc/arm-none-eabi/13.3.1/../../../../arm-none-eabi/lib/thumb/v8-m.main+dp/hard\libnosys.a
END GROUP
LOAD C:/ST/STM32CubeIDE_1.14.1/STM32CubeIDE/plugins/com.st.stm32cube.ide.mcu.externaltools.gnu-tools-for-stm32.13.3.rel1.win32_1.0.100.202509120712/tools/bin/../lib/gcc/arm-none-eabi/13.3.1/thumb/v8-m.main+dp/hard/crtend.o
LOAD C:/ST/STM32CubeIDE_1.14.1/STM32CubeIDE/plugins/com.st.stm32cube.ide.mcu.externaltools.gnu-tools-for-stm32.13.3.rel1.win32_1.0.100.202509120712/tools/bin/../lib/gcc/arm-none-eabi/13.3.1/thumb/v8-m.main+dp/hard/crtn.o
                0x34200000                        _estack = (ORIGIN (RAM) + LENGTH (RAM))
                0x341ff800                        _sstack = (_estack - _Min_Stack_Size)
                0x00000200                        _Min_Heap_Size = 0x200
                0x00000800                        _Min_Stack_Size = 0x800

.isr_vector     0x34180400      0x34c
                0x34180400                        . = ALIGN (0x4)
 *(.isr_vector)
 .isr_vector    0x34180400      0x34c ./Application/User/Startup/startup_stm32n657x0hxq_fsbl.o
                0x34180400                g_pfnVectors
                0x3418074c                        . = ALIGN (0x4)

.text           0x3418074c     0xf920
                0x3418074c                        . = ALIGN (0x4)
 *(.text)
 .text          0x3418074c       0x40 C:/ST/STM32CubeIDE_1.14.1/STM32CubeIDE/plugins/com.st.stm32cube.ide.mcu.externaltools.gnu-tools-for-stm32.13.3.rel1.win32_1.0.100.202509120712/tools/bin/../lib/gcc/arm-none-eabi/13.3.1/thumb/v8-m.main+dp/hard/crtbegin.o
 *(.text*)
 .text.MX_EXTMEM_MANAGER_Init
                0x3418078c       0xf4 ./Application/User/Core/extmem_manager.o
                0x3418078c                MX_EXTMEM_MANAGER_Init
 .text.LL_AHB4_GRP1_EnableClock
                0x34180880       0x2c ./Application/User/Core/main.o
 .text.main     0x341808ac      0x124 ./Application/User/Core/main.o
                0x341808ac                main
 .text.SystemClock_Config
                0x341809d0      0x1da ./Application/User/Core/main.o
                0x341809d0                SystemClock_Config
 .text.PeriphCommonClock_Config
                0x34180baa       0x5a ./Application/User/Core/main.o
                0x34180baa                PeriphCommonClock_Config
 .text.MX_BSEC_Init
                0x34180c04        0xe ./Application/User/Core/main.o
 *fill*         0x34180c12        0x2 
 .text.MX_XSPI1_Init
                0x34180c14       0xb8 ./Application/User/Core/main.o
 .text.MX_XSPI2_Init
                0x34180ccc       0xb8 ./Application/User/Core/main.o
 .text.MX_GPIO_Init
                0x34180d84      0x2e0 ./Application/User/Core/main.o
 .text.MPU_Config
                0x34181064       0xb0 ./Application/User/Core/main.o
 .text.Error_Handler
                0x34181114        0xc ./Application/User/Core/main.o
                0x34181114                Error_Handler
 .text.LL_AHB4_GRP1_EnableClock
                0x34181120       0x2c ./Application/User/Core/stm32n6xx_hal_msp.o
 .text.LL_AHB5_GRP1_EnableClock
                0x3418114c       0x2c ./Application/User/Core/stm32n6xx_hal_msp.o
 .text.HAL_MspInit
                0x34181178       0x38 ./Application/User/Core/stm32n6xx_hal_msp.o
                0x34181178                HAL_MspInit
 .text.HAL_XSPI_MspInit
                0x341811b0      0x204 ./Application/User/Core/stm32n6xx_hal_msp.o
                0x341811b0                HAL_XSPI_MspInit
 .text.NMI_Handler
                0x341813b4        0x8 ./Application/User/Core/stm32n6xx_it.o
                0x341813b4                NMI_Handler
 .text.HardFault_Handler
                0x341813bc        0x8 ./Application/User/Core/stm32n6xx_it.o
                0x341813bc                HardFault_Handler
 .text.MemManage_Handler
                0x341813c4        0x8 ./Application/User/Core/stm32n6xx_it.o
                0x341813c4                MemManage_Handler
 .text.BusFault_Handler
                0x341813cc        0x8 ./Application/User/Core/stm32n6xx_it.o
                0x341813cc                BusFault_Handler
 .text.UsageFault_Handler
                0x341813d4        0x8 ./Application/User/Core/stm32n6xx_it.o
                0x341813d4                UsageFault_Handler
 .text.SecureFault_Handler
                0x341813dc        0x8 ./Application/User/Core/stm32n6xx_it.o
                0x341813dc                SecureFault_Handler
 .text.SVC_Handler
                0x341813e4        0xe ./Application/User/Core/stm32n6xx_it.o
                0x341813e4                SVC_Handler
 .text.DebugMon_Handler
                0x341813f2        0xe ./Application/User/Core/stm32n6xx_it.o
                0x341813f2                DebugMon_Handler
 .text.PendSV_Handler
                0x34181400        0xe ./Application/User/Core/stm32n6xx_it.o
                0x34181400                PendSV_Handler
 .text.SysTick_Handler
                0x3418140e        0xc ./Application/User/Core/stm32n6xx_it.o
                0x3418140e                SysTick_Handler
 *fill*         0x3418141a        0x2 
 .text.Reset_Handler
                0x3418141c       0x5c ./Application/User/Startup/startup_stm32n657x0hxq_fsbl.o
                0x3418141c                Reset_Handler
 .text.Default_Handler
                0x34181478        0x2 ./Application/User/Startup/startup_stm32n657x0hxq_fsbl.o
                0x34181478                HPDMA1_Channel13_IRQHandler
                0x34181478                EXTI2_IRQHandler
                0x34181478                MCE2_IRQHandler
                0x34181478                TIM8_CC_IRQHandler
                0x34181478                USB2_OTG_HS_IRQHandler
                0x34181478                SAI1_A_IRQHandler
                0x34181478                EXTI5_IRQHandler
                0x34181478                I3C1_ER_IRQHandler
                0x34181478                UART8_IRQHandler
                0x34181478                CTI_INT0_IRQHandler
                0x34181478                SPI4_IRQHandler
                0x34181478                LTDC_LO_IRQHandler
                0x34181478                NPU2_IRQHandler
                0x34181478                FDCAN3_IT0_IRQHandler
                0x34181478                EXTI13_IRQHandler
                0x34181478                TIM1_CC_IRQHandler
                0x34181478                XSPI1_IRQHandler
                0x34181478                TIM10_IRQHandler
                0x34181478                JPEG_IRQHandler
                0x34181478                TAMP_IRQHandler
                0x34181478                CACHE_ECC_IRQHandler
                0x34181478                TIM6_IRQHandler
                0x34181478                CSI_IRQHandler
                0x34181478                EXTI12_IRQHandler
                0x34181478                GFXTIM_IRQHandler
                0x34181478                EXTI3_IRQHandler
                0x34181478                LPTIM4_IRQHandler
                0x34181478                GPDMA1_Channel5_IRQHandler
                0x34181478                EXTI8_IRQHandler
                0x34181478                LPTIM2_IRQHandler
                0x34181478                GFXMMU_IRQHandler
                0x34181478                LTDC_LO_ERR_IRQHandler
                0x34181478                I2C3_ER_IRQHandler
                0x34181478                RIFSC_TAMPER_IRQHandler
                0x34181478                USART10_IRQHandler
                0x34181478                MDF1_FLT2_IRQHandler
                0x34181478                LPTIM3_IRQHandler
                0x34181478                SAI2_A_IRQHandler
                0x34181478                EXTI0_IRQHandler
                0x34181478                HPDMA1_Channel9_IRQHandler
                0x34181478                I2C2_EV_IRQHandler
                0x34181478                GPU2D_IRQHandler
                0x34181478                FPU_IRQHandler
                0x34181478                GPDMA1_Channel3_IRQHandler
                0x34181478                GPDMA1_Channel7_IRQHandler
                0x34181478                MDF1_FLT4_IRQHandler
                0x34181478                FDCAN1_IT1_IRQHandler
                0x34181478                HPDMA1_Channel3_IRQHandler
                0x34181478                ADC1_2_IRQHandler
                0x34181478                GPDMA1_Channel9_IRQHandler
                0x34181478                SPI1_IRQHandler
                0x34181478                CACHEAXI_IRQHandler
                0x34181478                SAI1_B_IRQHandler
                0x34181478                GPDMA1_Channel2_IRQHandler
                0x34181478                PAHB_ERR_IRQHandler
                0x34181478                TIM8_UP_IRQHandler
                0x34181478                RCC_S_IRQHandler
                0x34181478                MDF1_FLT1_IRQHandler
                0x34181478                LTDC_UP_IRQHandler
                0x34181478                LOCKUP_IRQHandler
                0x34181478                PKA_IRQHandler
                0x34181478                USART6_IRQHandler
                0x34181478                HPDMA1_Channel2_IRQHandler
                0x34181478                MDF1_FLT5_IRQHandler
                0x34181478                MCE4_IRQHandler
                0x34181478                I3C2_ER_IRQHandler
                0x34181478                EXTI15_IRQHandler
                0x34181478                TIM17_IRQHandler
                0x34181478                USART3_IRQHandler
                0x34181478                HPDMA1_Channel6_IRQHandler
                0x34181478                CRYP_IRQHandler
                0x34181478                RTC_IRQHandler
                0x34181478                XSPI2_IRQHandler
                0x34181478                EXTI9_IRQHandler
                0x34181478                IAC_IRQHandler
                0x34181478                HPDMA1_Channel0_IRQHandler
                0x34181478                LPTIM5_IRQHandler
                0x34181478                HPDMA1_Channel1_IRQHandler
                0x34181478                UART5_IRQHandler
                0x34181478                TIM4_IRQHandler
                0x34181478                NPU3_IRQHandler
                0x34181478                I3C2_EV_IRQHandler
                0x34181478                I2C1_EV_IRQHandler
                0x34181478                FDCAN_CU_IRQHandler
                0x34181478                GPDMA1_Channel12_IRQHandler
                0x34181478                HPDMA1_Channel7_IRQHandler
                0x34181478                GPDMA1_Channel1_IRQHandler
                0x34181478                TIM16_IRQHandler
                0x34181478                GPDMA1_Channel15_IRQHandler
                0x34181478                UART4_IRQHandler
                0x34181478                TCM_ECC_IRQHandler
                0x34181478                TIM3_IRQHandler
                0x34181478                RCC_IRQHandler
                0x34181478                UART9_IRQHandler
                0x34181478                NPU1_IRQHandler
                0x34181478                SAI2_B_IRQHandler
                0x34181478                Default_Handler
                0x34181478                GPDMA1_Channel8_IRQHandler
                0x34181478                HPDMA1_Channel8_IRQHandler
                0x34181478                TIM18_IRQHandler
                0x34181478                TIM14_IRQHandler
                0x34181478                TIM13_IRQHandler
                0x34181478                CTI_INT1_IRQHandler
                0x34181478                GPDMA1_Channel11_IRQHandler
                0x34181478                GPU2D_ER_IRQHandler
                0x34181478                SPI5_IRQHandler
                0x34181478                TIM12_IRQHandler
                0x34181478                TIM7_IRQHandler
                0x34181478                FDCAN3_IT1_IRQHandler
                0x34181478                HPDMA1_Channel10_IRQHandler
                0x34181478                SDMMC1_IRQHandler
                0x34181478                SAES_IRQHandler
                0x34181478                TIM5_IRQHandler
                0x34181478                UCPD1_IRQHandler
                0x34181478                GPDMA1_Channel0_IRQHandler
                0x34181478                I3C1_EV_IRQHandler
                0x34181478                HPDMA1_Channel5_IRQHandler
                0x34181478                TIM15_IRQHandler
                0x34181478                I2C3_EV_IRQHandler
                0x34181478                HPDMA1_Channel4_IRQHandler
                0x34181478                HPDMA1_Channel15_IRQHandler
                0x34181478                TIM9_IRQHandler
                0x34181478                ETH1_IRQHandler
                0x34181478                USB1_OTG_HS_IRQHandler
                0x34181478                PVD_PVM_IRQHandler
                0x34181478                SPI2_IRQHandler
                0x34181478                TIM1_TRG_CCU_IRQHandler
                0x34181478                HPDMA1_Channel11_IRQHandler
                0x34181478                EXTI14_IRQHandler
                0x34181478                EXTI11_IRQHandler
                0x34181478                VENC_IRQHandler
                0x34181478                GPDMA1_Channel14_IRQHandler
                0x34181478                EXTI4_IRQHandler
                0x34181478                RTC_S_IRQHandler
                0x34181478                GPDMA1_Channel13_IRQHandler
                0x34181478                RNG_IRQHandler
                0x34181478                XSPI3_IRQHandler
                0x34181478                FDCAN2_IT1_IRQHandler
                0x34181478                TIM1_UP_IRQHandler
                0x34181478                NPU0_IRQHandler
                0x34181478                BCK_ECC_IRQHandler
                0x34181478                WWDG_IRQHandler
                0x34181478                SPI6_IRQHandler
                0x34181478                MDIOS_IRQHandler
                0x34181478                I2C4_EV_IRQHandler
                0x34181478                FDCAN2_IT0_IRQHandler
                0x34181478                IWDG_IRQHandler
                0x34181478                HPDMA1_Channel14_IRQHandler
                0x34181478                LPUART1_IRQHandler
                0x34181478                FDCAN1_IT0_IRQHandler
                0x34181478                MDF1_FLT0_IRQHandler
                0x34181478                TIM2_IRQHandler
                0x34181478                MCE3_IRQHandler
                0x34181478                GPDMA1_Channel4_IRQHandler
                0x34181478                EXTI7_IRQHandler
                0x34181478                DMA2D_IRQHandler
                0x34181478                TIM1_BRK_IRQHandler
                0x34181478                EXTI1_IRQHandler
                0x34181478                SDMMC2_IRQHandler
                0x34181478                TIM11_IRQHandler
                0x34181478                LTDC_UP_ERR_IRQHandler
                0x34181478                UART7_IRQHandler
                0x34181478                DTS_IRQHandler
                0x34181478                MDF1_FLT3_IRQHandler
                0x34181478                USART2_IRQHandler
                0x34181478                GPDMA1_Channel6_IRQHandler
                0x34181478                ADF1_FLT0_IRQHandler
                0x34181478                I2C2_ER_IRQHandler
                0x34181478                MCE1_IRQHandler
                0x34181478                SPDIFRX_IRQHandler
                0x34181478                TIM8_BRK_IRQHandler
                0x34181478                HPDMA1_Channel12_IRQHandler
                0x34181478                USART1_IRQHandler
                0x34181478                EXTI10_IRQHandler
                0x34181478                SPI3_IRQHandler
                0x34181478                WAKEUP_PIN_IRQHandler
                0x34181478                DCMIPP_IRQHandler
                0x34181478                I2C1_ER_IRQHandler
                0x34181478                FMC_IRQHandler
                0x34181478                EXTI6_IRQHandler
                0x34181478                LPTIM1_IRQHandler
                0x34181478                DCMI_PSSI_IRQHandler
                0x34181478                TIM8_TRG_CCU_IRQHandler
                0x34181478                I2C4_ER_IRQHandler
                0x34181478                GPDMA1_Channel10_IRQHandler
                0x34181478                ICACHE_IRQHandler
                0x34181478                HASH_IRQHandler
 *fill*         0x3418147a        0x2 
 .text.SystemInit
                0x3418147c      0x218 ./Drivers/CMSIS/system_stm32n6xx_fsbl.o
                0x3418147c                SystemInit
 .text.SystemCoreClockUpdate
                0x34181694      0x350 ./Drivers/CMSIS/system_stm32n6xx_fsbl.o
                0x34181694                SystemCoreClockUpdate
 .text.SECURE_SystemCoreClockUpdate
                0x341819e4       0x2c ./Drivers/CMSIS/system_stm32n6xx_fsbl.o
                0x341819e4                __acle_se_SECURE_SystemCoreClockUpdate
 .text.HAL_Init
                0x34181a10       0x28 ./Drivers/STM32N6xx_HAL_Driver/stm32n6xx_hal.o
                0x34181a10                HAL_Init
 .text.HAL_InitTick
                0x34181a38       0x6c ./Drivers/STM32N6xx_HAL_Driver/stm32n6xx_hal.o
                0x34181a38                HAL_InitTick
 .text.HAL_IncTick
                0x34181aa4       0x28 ./Drivers/STM32N6xx_HAL_Driver/stm32n6xx_hal.o
                0x34181aa4                HAL_IncTick
 .text.HAL_GetTick
                0x34181acc       0x18 ./Drivers/STM32N6xx_HAL_Driver/stm32n6xx_hal.o
                0x34181acc                HAL_GetTick
 .text.HAL_Delay
                0x34181ae4       0x48 ./Drivers/STM32N6xx_HAL_Driver/stm32n6xx_hal.o
                0x34181ae4                HAL_Delay
 .text.HAL_SuspendTick
                0x34181b2c       0x20 ./Drivers/STM32N6xx_HAL_Driver/stm32n6xx_hal.o
                0x34181b2c                HAL_SuspendTick
 .text.__NVIC_SetPriorityGrouping
                0x34181b4c       0x48 ./Drivers/STM32N6xx_HAL_Driver/stm32n6xx_hal_cortex.o
 .text.__NVIC_GetPriorityGrouping
                0x34181b94       0x1c ./Drivers/STM32N6xx_HAL_Driver/stm32n6xx_hal_cortex.o
 .text.__NVIC_SetPriority
                0x34181bb0       0x54 ./Drivers/STM32N6xx_HAL_Driver/stm32n6xx_hal_cortex.o
 .text.NVIC_EncodePriority
                0x34181c04       0x66 ./Drivers/STM32N6xx_HAL_Driver/stm32n6xx_hal_cortex.o
 *fill*         0x34181c6a        0x2 
 .text.SysTick_Config
                0x34181c6c       0x44 ./Drivers/STM32N6xx_HAL_Driver/stm32n6xx_hal_cortex.o
 .text.HAL_NVIC_SetPriorityGrouping
                0x34181cb0       0x16 ./Drivers/STM32N6xx_HAL_Driver/stm32n6xx_hal_cortex.o
                0x34181cb0                HAL_NVIC_SetPriorityGrouping
 .text.HAL_NVIC_SetPriority
                0x34181cc6       0x3a ./Drivers/STM32N6xx_HAL_Driver/stm32n6xx_hal_cortex.o
                0x34181cc6                HAL_NVIC_SetPriority
 .text.HAL_SYSTICK_Config
                0x34181d00       0x18 ./Drivers/STM32N6xx_HAL_Driver/stm32n6xx_hal_cortex.o
                0x34181d00                HAL_SYSTICK_Config
 .text.HAL_MPU_Enable
                0x34181d18       0x44 ./Drivers/STM32N6xx_HAL_Driver/stm32n6xx_hal_cortex.o
                0x34181d18                HAL_MPU_Enable
 .text.HAL_MPU_Disable
                0x34181d5c       0x40 ./Drivers/STM32N6xx_HAL_Driver/stm32n6xx_hal_cortex.o
                0x34181d5c                HAL_MPU_Disable
 .text.HAL_MPU_ConfigRegion
                0x34181d9c       0x1c ./Drivers/STM32N6xx_HAL_Driver/stm32n6xx_hal_cortex.o
                0x34181d9c                HAL_MPU_ConfigRegion
 .text.HAL_MPU_ConfigMemoryAttributes
                0x34181db8       0x1c ./Drivers/STM32N6xx_HAL_Driver/stm32n6xx_hal_cortex.o
                0x34181db8                HAL_MPU_ConfigMemoryAttributes
 .text.MPU_ConfigRegion
                0x34181dd4       0x70 ./Drivers/STM32N6xx_HAL_Driver/stm32n6xx_hal_cortex.o
 .text.MPU_ConfigMemoryAttributes
                0x34181e44       0x66 ./Drivers/STM32N6xx_HAL_Driver/stm32n6xx_hal_cortex.o
 .text.HAL_DMA_Abort
                0x34181eaa       0xf8 ./Drivers/STM32N6xx_HAL_Driver/stm32n6xx_hal_dma.o
                0x34181eaa                HAL_DMA_Abort
 *fill*         0x34181fa2        0x2 
 .text.HAL_GPIO_Init
                0x34181fa4      0x364 ./Drivers/STM32N6xx_HAL_Driver/stm32n6xx_hal_gpio.o
                0x34181fa4                HAL_GPIO_Init
 .text.HAL_GPIO_WritePin
                0x34182308       0x30 ./Drivers/STM32N6xx_HAL_Driver/stm32n6xx_hal_gpio.o
                0x34182308                HAL_GPIO_WritePin
 .text.HAL_PWREx_ConfigSupply
                0x34182338       0x50 ./Drivers/STM32N6xx_HAL_Driver/stm32n6xx_hal_pwr_ex.o
                0x34182338                HAL_PWREx_ConfigSupply
 .text.HAL_PWREx_ControlVoltageScaling
                0x34182388       0x50 ./Drivers/STM32N6xx_HAL_Driver/stm32n6xx_hal_pwr_ex.o
                0x34182388                HAL_PWREx_ControlVoltageScaling
 .text.HAL_PWREx_ConfigVddIORange
                0x341823d8       0xa4 ./Drivers/STM32N6xx_HAL_Driver/stm32n6xx_hal_pwr_ex.o
                0x341823d8                HAL_PWREx_ConfigVddIORange
 .text.HAL_PWREx_EnableVddIO2
                0x3418247c       0x20 ./Drivers/STM32N6xx_HAL_Driver/stm32n6xx_hal_pwr_ex.o
                0x3418247c                HAL_PWREx_EnableVddIO2
 .text.HAL_PWREx_EnableVddIO3
                0x3418249c       0x20 ./Drivers/STM32N6xx_HAL_Driver/stm32n6xx_hal_pwr_ex.o
                0x3418249c                HAL_PWREx_EnableVddIO3
 .text.HAL_PWREx_EnableVddIO4
                0x341824bc       0x20 ./Drivers/STM32N6xx_HAL_Driver/stm32n6xx_hal_pwr_ex.o
                0x341824bc                HAL_PWREx_EnableVddIO4
 .text.HAL_PWREx_EnableVddIO5
                0x341824dc       0x20 ./Drivers/STM32N6xx_HAL_Driver/stm32n6xx_hal_pwr_ex.o
                0x341824dc                HAL_PWREx_EnableVddIO5
 .text.LL_AHB4_GRP1_EnableClock
                0x341824fc       0x2c ./Drivers/STM32N6xx_HAL_Driver/stm32n6xx_hal_rcc.o
 .text.LL_RCC_HSE_IsReady
                0x34182528       0x24 ./Drivers/STM32N6xx_HAL_Driver/stm32n6xx_hal_rcc.o
 .text.LL_RCC_HSI_Enable
                0x3418254c       0x1c ./Drivers/STM32N6xx_HAL_Driver/stm32n6xx_hal_rcc.o
 .text.LL_RCC_HSI_Disable
                0x34182568       0x20 ./Drivers/STM32N6xx_HAL_Driver/stm32n6xx_hal_rcc.o
 .text.LL_RCC_HSI_IsReady
                0x34182588       0x24 ./Drivers/STM32N6xx_HAL_Driver/stm32n6xx_hal_rcc.o
 .text.LL_RCC_HSI_SetDivider
                0x341825ac       0x28 ./Drivers/STM32N6xx_HAL_Driver/stm32n6xx_hal_rcc.o
 .text.LL_RCC_HSI_GetDivider
                0x341825d4       0x1c ./Drivers/STM32N6xx_HAL_Driver/stm32n6xx_hal_rcc.o
 .text.LL_RCC_HSI_SetCalibTrimming
                0x341825f0       0x2c ./Drivers/STM32N6xx_HAL_Driver/stm32n6xx_hal_rcc.o
 .text.LL_RCC_MSI_Enable
                0x3418261c       0x1c ./Drivers/STM32N6xx_HAL_Driver/stm32n6xx_hal_rcc.o
 .text.LL_RCC_MSI_Disable
                0x34182638       0x20 ./Drivers/STM32N6xx_HAL_Driver/stm32n6xx_hal_rcc.o
 .text.LL_RCC_MSI_IsReady
                0x34182658       0x24 ./Drivers/STM32N6xx_HAL_Driver/stm32n6xx_hal_rcc.o
 .text.LL_RCC_MSI_SetFrequency
                0x3418267c       0x28 ./Drivers/STM32N6xx_HAL_Driver/stm32n6xx_hal_rcc.o
 .text.LL_RCC_MSI_SetCalibTrimming
                0x341826a4       0x2c ./Drivers/STM32N6xx_HAL_Driver/stm32n6xx_hal_rcc.o
 .text.LL_RCC_LSE_IsReady
                0x341826d0       0x24 ./Drivers/STM32N6xx_HAL_Driver/stm32n6xx_hal_rcc.o
 .text.LL_RCC_LSI_Enable
                0x341826f4       0x1c ./Drivers/STM32N6xx_HAL_Driver/stm32n6xx_hal_rcc.o
 .text.LL_RCC_LSI_Disable
                0x34182710       0x20 ./Drivers/STM32N6xx_HAL_Driver/stm32n6xx_hal_rcc.o
 .text.LL_RCC_LSI_IsReady
                0x34182730       0x1c ./Drivers/STM32N6xx_HAL_Driver/stm32n6xx_hal_rcc.o
 .text.LL_RCC_GetCpuClkSource
                0x3418274c       0x1c ./Drivers/STM32N6xx_HAL_Driver/stm32n6xx_hal_rcc.o
 .text.LL_RCC_GetSysClkSource
                0x34182768       0x1c ./Drivers/STM32N6xx_HAL_Driver/stm32n6xx_hal_rcc.o
 .text.LL_RCC_EnableMCO
                0x34182784       0x20 ./Drivers/STM32N6xx_HAL_Driver/stm32n6xx_hal_rcc.o
 .text.LL_RCC_ConfigMCO
                0x341827a4       0x48 ./Drivers/STM32N6xx_HAL_Driver/stm32n6xx_hal_rcc.o
 .text.LL_RCC_PLL1_GetSource
                0x341827ec       0x1c ./Drivers/STM32N6xx_HAL_Driver/stm32n6xx_hal_rcc.o
 .text.LL_RCC_PLL1_IsReady
                0x34182808       0x28 ./Drivers/STM32N6xx_HAL_Driver/stm32n6xx_hal_rcc.o
 .text.LL_RCC_PLL1_IsEnabledBypass
                0x34182830       0x28 ./Drivers/STM32N6xx_HAL_Driver/stm32n6xx_hal_rcc.o
 .text.LL_RCC_PLL2_GetSource
                0x34182858       0x1c ./Drivers/STM32N6xx_HAL_Driver/stm32n6xx_hal_rcc.o
 .text.LL_RCC_PLL2_IsReady
                0x34182874       0x28 ./Drivers/STM32N6xx_HAL_Driver/stm32n6xx_hal_rcc.o
 .text.LL_RCC_PLL2_IsEnabledBypass
                0x3418289c       0x28 ./Drivers/STM32N6xx_HAL_Driver/stm32n6xx_hal_rcc.o
 .text.LL_RCC_PLL3_GetSource
                0x341828c4       0x1c ./Drivers/STM32N6xx_HAL_Driver/stm32n6xx_hal_rcc.o
 .text.LL_RCC_PLL3_IsReady
                0x341828e0       0x28 ./Drivers/STM32N6xx_HAL_Driver/stm32n6xx_hal_rcc.o
 .text.LL_RCC_PLL3_IsEnabledBypass
                0x34182908       0x28 ./Drivers/STM32N6xx_HAL_Driver/stm32n6xx_hal_rcc.o
 .text.LL_RCC_PLL4_GetSource
                0x34182930       0x1c ./Drivers/STM32N6xx_HAL_Driver/stm32n6xx_hal_rcc.o
 .text.LL_RCC_PLL4_IsReady
                0x3418294c       0x28 ./Drivers/STM32N6xx_HAL_Driver/stm32n6xx_hal_rcc.o
 .text.LL_RCC_PLL4_IsEnabledBypass
                0x34182974       0x28 ./Drivers/STM32N6xx_HAL_Driver/stm32n6xx_hal_rcc.o
 .text.LL_RCC_IC1_Enable
                0x3418299c       0x1c ./Drivers/STM32N6xx_HAL_Driver/stm32n6xx_hal_rcc.o
 .text.LL_RCC_IC1_GetSource
                0x341829b8       0x1c ./Drivers/STM32N6xx_HAL_Driver/stm32n6xx_hal_rcc.o
 .text.LL_RCC_IC1_GetDivider
                0x341829d4       0x20 ./Drivers/STM32N6xx_HAL_Driver/stm32n6xx_hal_rcc.o
 .text.LL_RCC_IC2_GetSource
                0x341829f4       0x1c ./Drivers/STM32N6xx_HAL_Driver/stm32n6xx_hal_rcc.o
 .text.LL_RCC_IC2_GetDivider
                0x34182a10       0x20 ./Drivers/STM32N6xx_HAL_Driver/stm32n6xx_hal_rcc.o
 .text.LL_RCC_IC5_Enable
                0x34182a30       0x1c ./Drivers/STM32N6xx_HAL_Driver/stm32n6xx_hal_rcc.o
 .text.LL_RCC_IC6_GetSource
                0x34182a4c       0x1c ./Drivers/STM32N6xx_HAL_Driver/stm32n6xx_hal_rcc.o
 .text.LL_RCC_IC10_Enable
                0x34182a68       0x1c ./Drivers/STM32N6xx_HAL_Driver/stm32n6xx_hal_rcc.o
 .text.LL_RCC_IC11_GetSource
                0x34182a84       0x1c ./Drivers/STM32N6xx_HAL_Driver/stm32n6xx_hal_rcc.o
 .text.LL_RCC_IC15_Enable
                0x34182aa0       0x1c ./Drivers/STM32N6xx_HAL_Driver/stm32n6xx_hal_rcc.o
 .text.LL_RCC_IC20_Enable
                0x34182abc       0x1c ./Drivers/STM32N6xx_HAL_Driver/stm32n6xx_hal_rcc.o
 .text.HAL_RCC_OscConfig
                0x34182ad8      0x7c0 ./Drivers/STM32N6xx_HAL_Driver/stm32n6xx_hal_rcc.o
                0x34182ad8                HAL_RCC_OscConfig
 .text.HAL_RCC_ClockConfig
                0x34183298      0x408 ./Drivers/STM32N6xx_HAL_Driver/stm32n6xx_hal_rcc.o
                0x34183298                HAL_RCC_ClockConfig
 .text.HAL_RCC_MCOConfig
                0x341836a0       0xe0 ./Drivers/STM32N6xx_HAL_Driver/stm32n6xx_hal_rcc.o
                0x341836a0                HAL_RCC_MCOConfig
 .text.HAL_RCC_GetCpuClockFreq
                0x34183780      0x100 ./Drivers/STM32N6xx_HAL_Driver/stm32n6xx_hal_rcc.o
                0x34183780                HAL_RCC_GetCpuClockFreq
 .text.HAL_RCC_GetSysClockFreq
                0x34183880       0x1e ./Drivers/STM32N6xx_HAL_Driver/stm32n6xx_hal_rcc.o
                0x34183880                HAL_RCC_GetSysClockFreq
 *fill*         0x3418389e        0x2 
 .text.HAL_RCC_GetClockConfig
                0x341838a0       0xec ./Drivers/STM32N6xx_HAL_Driver/stm32n6xx_hal_rcc.o
                0x341838a0                HAL_RCC_GetClockConfig
 .text.RCC_GetSysClockFreq
                0x3418398c      0x104 ./Drivers/STM32N6xx_HAL_Driver/stm32n6xx_hal_rcc.o
 .text.RCC_PLL_Config
                0x34183a90      0x260 ./Drivers/STM32N6xx_HAL_Driver/stm32n6xx_hal_rcc.o
 .text.RCC_PLL_Enable
                0x34183cf0       0x58 ./Drivers/STM32N6xx_HAL_Driver/stm32n6xx_hal_rcc.o
 .text.RCC_PLL_IsNewConfig
                0x34183d48       0xf4 ./Drivers/STM32N6xx_HAL_Driver/stm32n6xx_hal_rcc.o
 .text.RCC_PLL_Source_IsReady
                0x34183e3c       0x74 ./Drivers/STM32N6xx_HAL_Driver/stm32n6xx_hal_rcc.o
 .text.RCC_IC_CheckPLLSources
                0x34183eb0      0x170 ./Drivers/STM32N6xx_HAL_Driver/stm32n6xx_hal_rcc.o
 .text.LL_RCC_HSE_SelectHSEAsDiv2Clock
                0x34184020       0x20 ./Drivers/STM32N6xx_HAL_Driver/stm32n6xx_hal_rcc_ex.o
 .text.LL_RCC_HSE_SelectHSEDiv2AsDiv2Clock
                0x34184040       0x20 ./Drivers/STM32N6xx_HAL_Driver/stm32n6xx_hal_rcc_ex.o
 .text.LL_RCC_HSE_IsSelectedHSEDiv2AsDiv2Clock
                0x34184060       0x24 ./Drivers/STM32N6xx_HAL_Driver/stm32n6xx_hal_rcc_ex.o
 .text.LL_RCC_HSE_IsReady
                0x34184084       0x24 ./Drivers/STM32N6xx_HAL_Driver/stm32n6xx_hal_rcc_ex.o
 .text.LL_RCC_HSI_IsReady
                0x341840a8       0x24 ./Drivers/STM32N6xx_HAL_Driver/stm32n6xx_hal_rcc_ex.o
 .text.LL_RCC_HSI_GetDivider
                0x341840cc       0x1c ./Drivers/STM32N6xx_HAL_Driver/stm32n6xx_hal_rcc_ex.o
 .text.LL_RCC_MSI_IsReady
                0x341840e8       0x24 ./Drivers/STM32N6xx_HAL_Driver/stm32n6xx_hal_rcc_ex.o
 .text.LL_RCC_MSI_GetFrequency
                0x3418410c       0x1c ./Drivers/STM32N6xx_HAL_Driver/stm32n6xx_hal_rcc_ex.o
 .text.LL_RCC_LSE_IsReady
                0x34184128       0x24 ./Drivers/STM32N6xx_HAL_Driver/stm32n6xx_hal_rcc_ex.o
 .text.LL_RCC_LSI_IsReady
                0x3418414c       0x1c ./Drivers/STM32N6xx_HAL_Driver/stm32n6xx_hal_rcc_ex.o
 .text.LL_RCC_GetAHBPrescaler
                0x34184168       0x1c ./Drivers/STM32N6xx_HAL_Driver/stm32n6xx_hal_rcc_ex.o
 .text.LL_RCC_GetAPB1Prescaler
                0x34184184       0x1c ./Drivers/STM32N6xx_HAL_Driver/stm32n6xx_hal_rcc_ex.o
 .text.LL_RCC_GetAPB2Prescaler
                0x341841a0       0x1c ./Drivers/STM32N6xx_HAL_Driver/stm32n6xx_hal_rcc_ex.o
 .text.LL_RCC_GetAPB4Prescaler
                0x341841bc       0x1c ./Drivers/STM32N6xx_HAL_Driver/stm32n6xx_hal_rcc_ex.o
 .text.LL_RCC_GetAPB5Prescaler
                0x341841d8       0x1c ./Drivers/STM32N6xx_HAL_Driver/stm32n6xx_hal_rcc_ex.o
 .text.LL_RCC_SetClockSource
                0x341841f4       0x54 ./Drivers/STM32N6xx_HAL_Driver/stm32n6xx_hal_rcc_ex.o
 .text.LL_RCC_GetADCPrescaler
                0x34184248       0x1c ./Drivers/STM32N6xx_HAL_Driver/stm32n6xx_hal_rcc_ex.o
 .text.LL_RCC_SetADFClockSource
                0x34184264       0x2c ./Drivers/STM32N6xx_HAL_Driver/stm32n6xx_hal_rcc_ex.o
 .text.LL_RCC_SetCLKPClockSource
                0x34184290       0x2c ./Drivers/STM32N6xx_HAL_Driver/stm32n6xx_hal_rcc_ex.o
 .text.LL_RCC_SetDCMIPPClockSource
                0x341842bc       0x2c ./Drivers/STM32N6xx_HAL_Driver/stm32n6xx_hal_rcc_ex.o
 .text.LL_RCC_SetETHClockSource
                0x341842e8       0x2c ./Drivers/STM32N6xx_HAL_Driver/stm32n6xx_hal_rcc_ex.o
 .text.LL_RCC_SetETHPHYInterface
                0x34184314       0x2c ./Drivers/STM32N6xx_HAL_Driver/stm32n6xx_hal_rcc_ex.o
 .text.LL_RCC_GetETH1PTPDivider
                0x34184340       0x1c ./Drivers/STM32N6xx_HAL_Driver/stm32n6xx_hal_rcc_ex.o
 .text.LL_RCC_SetETHREFRXClockSource
                0x3418435c       0x2c ./Drivers/STM32N6xx_HAL_Driver/stm32n6xx_hal_rcc_ex.o
 .text.LL_RCC_SetETHREFTXClockSource
                0x34184388       0x2c ./Drivers/STM32N6xx_HAL_Driver/stm32n6xx_hal_rcc_ex.o
 .text.LL_RCC_SetFDCANClockSource
                0x341843b4       0x2c ./Drivers/STM32N6xx_HAL_Driver/stm32n6xx_hal_rcc_ex.o
 .text.LL_RCC_SetFMCClockSource
                0x341843e0       0x2c ./Drivers/STM32N6xx_HAL_Driver/stm32n6xx_hal_rcc_ex.o
 .text.LL_RCC_SetI2CClockSource
                0x3418440c       0x16 ./Drivers/STM32N6xx_HAL_Driver/stm32n6xx_hal_rcc_ex.o
 .text.LL_RCC_SetI3CClockSource
                0x34184422       0x16 ./Drivers/STM32N6xx_HAL_Driver/stm32n6xx_hal_rcc_ex.o
 .text.LL_RCC_SetLPTIMClockSource
                0x34184438       0x16 ./Drivers/STM32N6xx_HAL_Driver/stm32n6xx_hal_rcc_ex.o
 *fill*         0x3418444e        0x2 
 .text.LL_RCC_SetLPUARTClockSource
                0x34184450       0x2c ./Drivers/STM32N6xx_HAL_Driver/stm32n6xx_hal_rcc_ex.o
 .text.LL_RCC_SetLTDCClockSource
                0x3418447c       0x2c ./Drivers/STM32N6xx_HAL_Driver/stm32n6xx_hal_rcc_ex.o
 .text.LL_RCC_SetMDFClockSource
                0x341844a8       0x2c ./Drivers/STM32N6xx_HAL_Driver/stm32n6xx_hal_rcc_ex.o
 .text.LL_RCC_SetOTGPHYClockSource
                0x341844d4       0x16 ./Drivers/STM32N6xx_HAL_Driver/stm32n6xx_hal_rcc_ex.o
 .text.LL_RCC_SetOTGPHYCKREFClockSource
                0x341844ea       0x16 ./Drivers/STM32N6xx_HAL_Driver/stm32n6xx_hal_rcc_ex.o
 .text.LL_RCC_SetPSSIClockSource
                0x34184500       0x2c ./Drivers/STM32N6xx_HAL_Driver/stm32n6xx_hal_rcc_ex.o
 .text.LL_RCC_SetSAIClockSource
                0x3418452c       0x16 ./Drivers/STM32N6xx_HAL_Driver/stm32n6xx_hal_rcc_ex.o
 .text.LL_RCC_SetSDMMCClockSource
                0x34184542       0x16 ./Drivers/STM32N6xx_HAL_Driver/stm32n6xx_hal_rcc_ex.o
 .text.LL_RCC_SetSPDIFRXClockSource
                0x34184558       0x2c ./Drivers/STM32N6xx_HAL_Driver/stm32n6xx_hal_rcc_ex.o
 .text.LL_RCC_SetSPIClockSource
                0x34184584       0x16 ./Drivers/STM32N6xx_HAL_Driver/stm32n6xx_hal_rcc_ex.o
 .text.LL_RCC_SetUSARTClockSource
                0x3418459a       0x16 ./Drivers/STM32N6xx_HAL_Driver/stm32n6xx_hal_rcc_ex.o
 .text.LL_RCC_SetXSPIClockSource
                0x341845b0       0x16 ./Drivers/STM32N6xx_HAL_Driver/stm32n6xx_hal_rcc_ex.o
 *fill*         0x341845c6        0x2 
 .text.LL_RCC_GetClockSource
                0x341845c8       0x4c ./Drivers/STM32N6xx_HAL_Driver/stm32n6xx_hal_rcc_ex.o
 .text.LL_RCC_GetADCClockSource
                0x34184614       0x24 ./Drivers/STM32N6xx_HAL_Driver/stm32n6xx_hal_rcc_ex.o
 .text.LL_RCC_GetADFClockSource
                0x34184638       0x24 ./Drivers/STM32N6xx_HAL_Driver/stm32n6xx_hal_rcc_ex.o
 .text.LL_RCC_GetCLKPClockSource
                0x3418465c       0x24 ./Drivers/STM32N6xx_HAL_Driver/stm32n6xx_hal_rcc_ex.o
 .text.LL_RCC_GetDCMIPPClockSource
                0x34184680       0x24 ./Drivers/STM32N6xx_HAL_Driver/stm32n6xx_hal_rcc_ex.o
 .text.LL_RCC_GetETHClockSource
                0x341846a4       0x24 ./Drivers/STM32N6xx_HAL_Driver/stm32n6xx_hal_rcc_ex.o
 .text.LL_RCC_GetETHPTPClockSource
                0x341846c8       0x24 ./Drivers/STM32N6xx_HAL_Driver/stm32n6xx_hal_rcc_ex.o
 .text.LL_RCC_GetFDCANClockSource
                0x341846ec       0x24 ./Drivers/STM32N6xx_HAL_Driver/stm32n6xx_hal_rcc_ex.o
 .text.LL_RCC_GetFMCClockSource
                0x34184710       0x24 ./Drivers/STM32N6xx_HAL_Driver/stm32n6xx_hal_rcc_ex.o
 .text.LL_RCC_GetI2CClockSource
                0x34184734       0x18 ./Drivers/STM32N6xx_HAL_Driver/stm32n6xx_hal_rcc_ex.o
 .text.LL_RCC_GetI3CClockSource
                0x3418474c       0x18 ./Drivers/STM32N6xx_HAL_Driver/stm32n6xx_hal_rcc_ex.o
 .text.LL_RCC_GetLPTIMClockSource
                0x34184764       0x18 ./Drivers/STM32N6xx_HAL_Driver/stm32n6xx_hal_rcc_ex.o
 .text.LL_RCC_GetLPUARTClockSource
                0x3418477c       0x24 ./Drivers/STM32N6xx_HAL_Driver/stm32n6xx_hal_rcc_ex.o
 .text.LL_RCC_GetLTDCClockSource
                0x341847a0       0x24 ./Drivers/STM32N6xx_HAL_Driver/stm32n6xx_hal_rcc_ex.o
 .text.LL_RCC_GetMDFClockSource
                0x341847c4       0x24 ./Drivers/STM32N6xx_HAL_Driver/stm32n6xx_hal_rcc_ex.o
 .text.LL_RCC_GetPSSIClockSource
                0x341847e8       0x24 ./Drivers/STM32N6xx_HAL_Driver/stm32n6xx_hal_rcc_ex.o
 .text.LL_RCC_GetSAIClockSource
                0x3418480c       0x18 ./Drivers/STM32N6xx_HAL_Driver/stm32n6xx_hal_rcc_ex.o
 .text.LL_RCC_GetSDMMCClockSource
                0x34184824       0x18 ./Drivers/STM32N6xx_HAL_Driver/stm32n6xx_hal_rcc_ex.o
 .text.LL_RCC_GetSPDIFRXClockSource
                0x3418483c       0x24 ./Drivers/STM32N6xx_HAL_Driver/stm32n6xx_hal_rcc_ex.o
 .text.LL_RCC_GetSPIClockSource
                0x34184860       0x18 ./Drivers/STM32N6xx_HAL_Driver/stm32n6xx_hal_rcc_ex.o
 .text.LL_RCC_GetUSARTClockSource
                0x34184878       0x18 ./Drivers/STM32N6xx_HAL_Driver/stm32n6xx_hal_rcc_ex.o
 .text.LL_RCC_GetUARTClockSource
                0x34184890       0x18 ./Drivers/STM32N6xx_HAL_Driver/stm32n6xx_hal_rcc_ex.o
 .text.LL_RCC_GetUSBClockSource
                0x341848a8       0x18 ./Drivers/STM32N6xx_HAL_Driver/stm32n6xx_hal_rcc_ex.o
 .text.LL_RCC_GetXSPIClockSource
                0x341848c0       0x18 ./Drivers/STM32N6xx_HAL_Driver/stm32n6xx_hal_rcc_ex.o
 .text.LL_RCC_SetRTCClockSource
                0x341848d8       0x2c ./Drivers/STM32N6xx_HAL_Driver/stm32n6xx_hal_rcc_ex.o
 .text.LL_RCC_GetRTCClockSource
                0x34184904       0x1c ./Drivers/STM32N6xx_HAL_Driver/stm32n6xx_hal_rcc_ex.o
 .text.LL_RCC_SetRTC_HSEPrescaler
                0x34184920       0x2c ./Drivers/STM32N6xx_HAL_Driver/stm32n6xx_hal_rcc_ex.o
 .text.LL_RCC_SetTIMPrescaler
                0x3418494c       0x2c ./Drivers/STM32N6xx_HAL_Driver/stm32n6xx_hal_rcc_ex.o
 .text.LL_RCC_GetTIMPrescaler
                0x34184978       0x1c ./Drivers/STM32N6xx_HAL_Driver/stm32n6xx_hal_rcc_ex.o
 .text.LL_RCC_PLL1_GetSource
                0x34184994       0x1c ./Drivers/STM32N6xx_HAL_Driver/stm32n6xx_hal_rcc_ex.o
 .text.LL_RCC_PLL1_IsReady
                0x341849b0       0x28 ./Drivers/STM32N6xx_HAL_Driver/stm32n6xx_hal_rcc_ex.o
 .text.LL_RCC_PLL1_IsEnabledBypass
                0x341849d8       0x28 ./Drivers/STM32N6xx_HAL_Driver/stm32n6xx_hal_rcc_ex.o
 .text.LL_RCC_PLL1_GetN
                0x34184a00       0x20 ./Drivers/STM32N6xx_HAL_Driver/stm32n6xx_hal_rcc_ex.o
 .text.LL_RCC_PLL1_GetM
                0x34184a20       0x20 ./Drivers/STM32N6xx_HAL_Driver/stm32n6xx_hal_rcc_ex.o
 .text.LL_RCC_PLL1_GetP1
                0x34184a40       0x20 ./Drivers/STM32N6xx_HAL_Driver/stm32n6xx_hal_rcc_ex.o
 .text.LL_RCC_PLL1_GetP2
                0x34184a60       0x20 ./Drivers/STM32N6xx_HAL_Driver/stm32n6xx_hal_rcc_ex.o
 .text.LL_RCC_PLL1P_IsEnabled
                0x34184a80       0x28 ./Drivers/STM32N6xx_HAL_Driver/stm32n6xx_hal_rcc_ex.o
 .text.LL_RCC_PLL1_GetFRACN
                0x34184aa8       0x1c ./Drivers/STM32N6xx_HAL_Driver/stm32n6xx_hal_rcc_ex.o
 .text.LL_RCC_PLL2_GetSource
                0x34184ac4       0x1c ./Drivers/STM32N6xx_HAL_Driver/stm32n6xx_hal_rcc_ex.o
 .text.LL_RCC_PLL2_IsReady
                0x34184ae0       0x28 ./Drivers/STM32N6xx_HAL_Driver/stm32n6xx_hal_rcc_ex.o
 .text.LL_RCC_PLL2_IsEnabledBypass
                0x34184b08       0x28 ./Drivers/STM32N6xx_HAL_Driver/stm32n6xx_hal_rcc_ex.o
 .text.LL_RCC_PLL2_GetN
                0x34184b30       0x20 ./Drivers/STM32N6xx_HAL_Driver/stm32n6xx_hal_rcc_ex.o
 .text.LL_RCC_PLL2_GetM
                0x34184b50       0x20 ./Drivers/STM32N6xx_HAL_Driver/stm32n6xx_hal_rcc_ex.o
 .text.LL_RCC_PLL2_GetP1
                0x34184b70       0x20 ./Drivers/STM32N6xx_HAL_Driver/stm32n6xx_hal_rcc_ex.o
 .text.LL_RCC_PLL2_GetP2
                0x34184b90       0x20 ./Drivers/STM32N6xx_HAL_Driver/stm32n6xx_hal_rcc_ex.o
 .text.LL_RCC_PLL2P_IsEnabled
                0x34184bb0       0x28 ./Drivers/STM32N6xx_HAL_Driver/stm32n6xx_hal_rcc_ex.o
 .text.LL_RCC_PLL2_GetFRACN
                0x34184bd8       0x1c ./Drivers/STM32N6xx_HAL_Driver/stm32n6xx_hal_rcc_ex.o
 .text.LL_RCC_PLL3_GetSource
                0x34184bf4       0x1c ./Drivers/STM32N6xx_HAL_Driver/stm32n6xx_hal_rcc_ex.o
 .text.LL_RCC_PLL3_IsReady
                0x34184c10       0x28 ./Drivers/STM32N6xx_HAL_Driver/stm32n6xx_hal_rcc_ex.o
 .text.LL_RCC_PLL3_IsEnabledBypass
                0x34184c38       0x28 ./Drivers/STM32N6xx_HAL_Driver/stm32n6xx_hal_rcc_ex.o
 .text.LL_RCC_PLL3_GetN
                0x34184c60       0x20 ./Drivers/STM32N6xx_HAL_Driver/stm32n6xx_hal_rcc_ex.o
 .text.LL_RCC_PLL3_GetM
                0x34184c80       0x20 ./Drivers/STM32N6xx_HAL_Driver/stm32n6xx_hal_rcc_ex.o
 .text.LL_RCC_PLL3_GetP1
                0x34184ca0       0x20 ./Drivers/STM32N6xx_HAL_Driver/stm32n6xx_hal_rcc_ex.o
 .text.LL_RCC_PLL3_GetP2
                0x34184cc0       0x20 ./Drivers/STM32N6xx_HAL_Driver/stm32n6xx_hal_rcc_ex.o
 .text.LL_RCC_PLL3P_IsEnabled
                0x34184ce0       0x28 ./Drivers/STM32N6xx_HAL_Driver/stm32n6xx_hal_rcc_ex.o
 .text.LL_RCC_PLL3_GetFRACN
                0x34184d08       0x1c ./Drivers/STM32N6xx_HAL_Driver/stm32n6xx_hal_rcc_ex.o
 .text.LL_RCC_PLL4_GetSource
                0x34184d24       0x1c ./Drivers/STM32N6xx_HAL_Driver/stm32n6xx_hal_rcc_ex.o
 .text.LL_RCC_PLL4_IsReady
                0x34184d40       0x28 ./Drivers/STM32N6xx_HAL_Driver/stm32n6xx_hal_rcc_ex.o
 .text.LL_RCC_PLL4_IsEnabledBypass
                0x34184d68       0x28 ./Drivers/STM32N6xx_HAL_Driver/stm32n6xx_hal_rcc_ex.o
 .text.LL_RCC_PLL4_GetN
                0x34184d90       0x20 ./Drivers/STM32N6xx_HAL_Driver/stm32n6xx_hal_rcc_ex.o
 .text.LL_RCC_PLL4_GetM
                0x34184db0       0x20 ./Drivers/STM32N6xx_HAL_Driver/stm32n6xx_hal_rcc_ex.o
 .text.LL_RCC_PLL4_GetP1
                0x34184dd0       0x20 ./Drivers/STM32N6xx_HAL_Driver/stm32n6xx_hal_rcc_ex.o
 .text.LL_RCC_PLL4_GetP2
                0x34184df0       0x20 ./Drivers/STM32N6xx_HAL_Driver/stm32n6xx_hal_rcc_ex.o
 .text.LL_RCC_PLL4P_IsEnabled
                0x34184e10       0x28 ./Drivers/STM32N6xx_HAL_Driver/stm32n6xx_hal_rcc_ex.o
 .text.LL_RCC_PLL4_GetFRACN
                0x34184e38       0x1c ./Drivers/STM32N6xx_HAL_Driver/stm32n6xx_hal_rcc_ex.o
 .text.LL_RCC_IC3_Enable
                0x34184e54       0x1c ./Drivers/STM32N6xx_HAL_Driver/stm32n6xx_hal_rcc_ex.o
 .text.LL_RCC_IC3_IsEnabled
                0x34184e70       0x28 ./Drivers/STM32N6xx_HAL_Driver/stm32n6xx_hal_rcc_ex.o
 .text.LL_RCC_IC3_GetSource
                0x34184e98       0x1c ./Drivers/STM32N6xx_HAL_Driver/stm32n6xx_hal_rcc_ex.o
 .text.LL_RCC_IC3_GetDivider
                0x34184eb4       0x20 ./Drivers/STM32N6xx_HAL_Driver/stm32n6xx_hal_rcc_ex.o
 .text.LL_RCC_IC4_Enable
                0x34184ed4       0x1c ./Drivers/STM32N6xx_HAL_Driver/stm32n6xx_hal_rcc_ex.o
 .text.LL_RCC_IC4_IsEnabled
                0x34184ef0       0x28 ./Drivers/STM32N6xx_HAL_Driver/stm32n6xx_hal_rcc_ex.o
 .text.LL_RCC_IC4_GetSource
                0x34184f18       0x1c ./Drivers/STM32N6xx_HAL_Driver/stm32n6xx_hal_rcc_ex.o
 .text.LL_RCC_IC4_GetDivider
                0x34184f34       0x20 ./Drivers/STM32N6xx_HAL_Driver/stm32n6xx_hal_rcc_ex.o
 .text.LL_RCC_IC5_Enable
                0x34184f54       0x1c ./Drivers/STM32N6xx_HAL_Driver/stm32n6xx_hal_rcc_ex.o
 .text.LL_RCC_IC5_IsEnabled
                0x34184f70       0x28 ./Drivers/STM32N6xx_HAL_Driver/stm32n6xx_hal_rcc_ex.o
 .text.LL_RCC_IC5_GetSource
                0x34184f98       0x1c ./Drivers/STM32N6xx_HAL_Driver/stm32n6xx_hal_rcc_ex.o
 .text.LL_RCC_IC5_GetDivider
                0x34184fb4       0x20 ./Drivers/STM32N6xx_HAL_Driver/stm32n6xx_hal_rcc_ex.o
 .text.LL_RCC_IC7_Enable
                0x34184fd4       0x1c ./Drivers/STM32N6xx_HAL_Driver/stm32n6xx_hal_rcc_ex.o
 .text.LL_RCC_IC7_IsEnabled
                0x34184ff0       0x28 ./Drivers/STM32N6xx_HAL_Driver/stm32n6xx_hal_rcc_ex.o
 .text.LL_RCC_IC7_GetSource
                0x34185018       0x1c ./Drivers/STM32N6xx_HAL_Driver/stm32n6xx_hal_rcc_ex.o
 .text.LL_RCC_IC7_GetDivider
                0x34185034       0x20 ./Drivers/STM32N6xx_HAL_Driver/stm32n6xx_hal_rcc_ex.o
 .text.LL_RCC_IC8_Enable
                0x34185054       0x1c ./Drivers/STM32N6xx_HAL_Driver/stm32n6xx_hal_rcc_ex.o
 .text.LL_RCC_IC8_IsEnabled
                0x34185070       0x28 ./Drivers/STM32N6xx_HAL_Driver/stm32n6xx_hal_rcc_ex.o
 .text.LL_RCC_IC8_GetSource
                0x34185098       0x1c ./Drivers/STM32N6xx_HAL_Driver/stm32n6xx_hal_rcc_ex.o
 .text.LL_RCC_IC8_GetDivider
                0x341850b4       0x20 ./Drivers/STM32N6xx_HAL_Driver/stm32n6xx_hal_rcc_ex.o
 .text.LL_RCC_IC9_Enable
                0x341850d4       0x1c ./Drivers/STM32N6xx_HAL_Driver/stm32n6xx_hal_rcc_ex.o
 .text.LL_RCC_IC9_IsEnabled
                0x341850f0       0x28 ./Drivers/STM32N6xx_HAL_Driver/stm32n6xx_hal_rcc_ex.o
 .text.LL_RCC_IC9_GetSource
                0x34185118       0x1c ./Drivers/STM32N6xx_HAL_Driver/stm32n6xx_hal_rcc_ex.o
 .text.LL_RCC_IC9_GetDivider
                0x34185134       0x20 ./Drivers/STM32N6xx_HAL_Driver/stm32n6xx_hal_rcc_ex.o
 .text.LL_RCC_IC10_Enable
                0x34185154       0x1c ./Drivers/STM32N6xx_HAL_Driver/stm32n6xx_hal_rcc_ex.o
 .text.LL_RCC_IC10_IsEnabled
                0x34185170       0x28 ./Drivers/STM32N6xx_HAL_Driver/stm32n6xx_hal_rcc_ex.o
 .text.LL_RCC_IC10_GetSource
                0x34185198       0x1c ./Drivers/STM32N6xx_HAL_Driver/stm32n6xx_hal_rcc_ex.o
 .text.LL_RCC_IC10_GetDivider
                0x341851b4       0x20 ./Drivers/STM32N6xx_HAL_Driver/stm32n6xx_hal_rcc_ex.o
 .text.LL_RCC_IC12_Enable
                0x341851d4       0x1c ./Drivers/STM32N6xx_HAL_Driver/stm32n6xx_hal_rcc_ex.o
 .text.LL_RCC_IC12_IsEnabled
                0x341851f0       0x28 ./Drivers/STM32N6xx_HAL_Driver/stm32n6xx_hal_rcc_ex.o
 .text.LL_RCC_IC12_GetSource
                0x34185218       0x1c ./Drivers/STM32N6xx_HAL_Driver/stm32n6xx_hal_rcc_ex.o
 .text.LL_RCC_IC12_GetDivider
                0x34185234       0x20 ./Drivers/STM32N6xx_HAL_Driver/stm32n6xx_hal_rcc_ex.o
 .text.LL_RCC_IC13_Enable
                0x34185254       0x1c ./Drivers/STM32N6xx_HAL_Driver/stm32n6xx_hal_rcc_ex.o
 .text.LL_RCC_IC13_IsEnabled
                0x34185270       0x28 ./Drivers/STM32N6xx_HAL_Driver/stm32n6xx_hal_rcc_ex.o
 .text.LL_RCC_IC13_GetSource
                0x34185298       0x1c ./Drivers/STM32N6xx_HAL_Driver/stm32n6xx_hal_rcc_ex.o
 .text.LL_RCC_IC13_GetDivider
                0x341852b4       0x20 ./Drivers/STM32N6xx_HAL_Driver/stm32n6xx_hal_rcc_ex.o
 .text.LL_RCC_IC14_Enable
                0x341852d4       0x1c ./Drivers/STM32N6xx_HAL_Driver/stm32n6xx_hal_rcc_ex.o
 .text.LL_RCC_IC14_IsEnabled
                0x341852f0       0x28 ./Drivers/STM32N6xx_HAL_Driver/stm32n6xx_hal_rcc_ex.o
 .text.LL_RCC_IC14_GetSource
                0x34185318       0x1c ./Drivers/STM32N6xx_HAL_Driver/stm32n6xx_hal_rcc_ex.o
 .text.LL_RCC_IC14_GetDivider
                0x34185334       0x20 ./Drivers/STM32N6xx_HAL_Driver/stm32n6xx_hal_rcc_ex.o
 .text.LL_RCC_IC15_Enable
                0x34185354       0x1c ./Drivers/STM32N6xx_HAL_Driver/stm32n6xx_hal_rcc_ex.o
 .text.LL_RCC_IC15_IsEnabled
                0x34185370       0x28 ./Drivers/STM32N6xx_HAL_Driver/stm32n6xx_hal_rcc_ex.o
 .text.LL_RCC_IC15_GetSource
                0x34185398       0x1c ./Drivers/STM32N6xx_HAL_Driver/stm32n6xx_hal_rcc_ex.o
 .text.LL_RCC_IC15_GetDivider
                0x341853b4       0x20 ./Drivers/STM32N6xx_HAL_Driver/stm32n6xx_hal_rcc_ex.o
 .text.LL_RCC_IC16_Enable
                0x341853d4       0x1c ./Drivers/STM32N6xx_HAL_Driver/stm32n6xx_hal_rcc_ex.o
 .text.LL_RCC_IC16_IsEnabled
                0x341853f0       0x28 ./Drivers/STM32N6xx_HAL_Driver/stm32n6xx_hal_rcc_ex.o
 .text.LL_RCC_IC16_GetSource
                0x34185418       0x1c ./Drivers/STM32N6xx_HAL_Driver/stm32n6xx_hal_rcc_ex.o
 .text.LL_RCC_IC16_GetDivider
                0x34185434       0x20 ./Drivers/STM32N6xx_HAL_Driver/stm32n6xx_hal_rcc_ex.o
 .text.LL_RCC_IC17_Enable
                0x34185454       0x1c ./Drivers/STM32N6xx_HAL_Driver/stm32n6xx_hal_rcc_ex.o
 .text.LL_RCC_IC17_IsEnabled
                0x34185470       0x28 ./Drivers/STM32N6xx_HAL_Driver/stm32n6xx_hal_rcc_ex.o
 .text.LL_RCC_IC17_GetSource
                0x34185498       0x1c ./Drivers/STM32N6xx_HAL_Driver/stm32n6xx_hal_rcc_ex.o
 .text.LL_RCC_IC17_GetDivider
                0x341854b4       0x20 ./Drivers/STM32N6xx_HAL_Driver/stm32n6xx_hal_rcc_ex.o
 .text.LL_RCC_IC18_Enable
                0x341854d4       0x1c ./Drivers/STM32N6xx_HAL_Driver/stm32n6xx_hal_rcc_ex.o
 .text.LL_RCC_IC18_IsEnabled
                0x341854f0       0x28 ./Drivers/STM32N6xx_HAL_Driver/stm32n6xx_hal_rcc_ex.o
 .text.LL_RCC_IC18_GetSource
                0x34185518       0x1c ./Drivers/STM32N6xx_HAL_Driver/stm32n6xx_hal_rcc_ex.o
 .text.LL_RCC_IC18_GetDivider
                0x34185534       0x20 ./Drivers/STM32N6xx_HAL_Driver/stm32n6xx_hal_rcc_ex.o
 .text.LL_RCC_IC19_Enable
                0x34185554       0x1c ./Drivers/STM32N6xx_HAL_Driver/stm32n6xx_hal_rcc_ex.o
 .text.LL_RCC_IC19_IsEnabled
                0x34185570       0x28 ./Drivers/STM32N6xx_HAL_Driver/stm32n6xx_hal_rcc_ex.o
 .text.LL_RCC_IC19_GetSource
                0x34185598       0x1c ./Drivers/STM32N6xx_HAL_Driver/stm32n6xx_hal_rcc_ex.o
 .text.LL_RCC_IC19_GetDivider
                0x341855b4       0x20 ./Drivers/STM32N6xx_HAL_Driver/stm32n6xx_hal_rcc_ex.o
 .text.LL_RCC_IC20_Enable
                0x341855d4       0x1c ./Drivers/STM32N6xx_HAL_Driver/stm32n6xx_hal_rcc_ex.o
 .text.LL_RCC_IC20_IsEnabled
                0x341855f0       0x28 ./Drivers/STM32N6xx_HAL_Driver/stm32n6xx_hal_rcc_ex.o
 .text.LL_RCC_IC20_GetSource
                0x34185618       0x1c ./Drivers/STM32N6xx_HAL_Driver/stm32n6xx_hal_rcc_ex.o
 .text.LL_RCC_IC20_GetDivider
                0x34185634       0x20 ./Drivers/STM32N6xx_HAL_Driver/stm32n6xx_hal_rcc_ex.o
 .text.LL_RCC_CLKP_Enable
                0x34185654       0x1c ./Drivers/STM32N6xx_HAL_Driver/stm32n6xx_hal_rcc_ex.o
 .text.LL_RCC_CLKP_IsEnabled
                0x34185670       0x28 ./Drivers/STM32N6xx_HAL_Driver/stm32n6xx_hal_rcc_ex.o
 .text.HAL_RCCEx_PeriphCLKConfig
                0x34185698     0x25c8 ./Drivers/STM32N6xx_HAL_Driver/stm32n6xx_hal_rcc_ex.o
                0x34185698                HAL_RCCEx_PeriphCLKConfig
 .text.HAL_RCCEx_GetPeriphCLKFreq
                0x34187c60      0x938 ./Drivers/STM32N6xx_HAL_Driver/stm32n6xx_hal_rcc_ex.o
                0x34187c60                HAL_RCCEx_GetPeriphCLKFreq
 .text.HAL_RCCEx_GetPLL1CLKFreq
                0x34188598       0x8c ./Drivers/STM32N6xx_HAL_Driver/stm32n6xx_hal_rcc_ex.o
                0x34188598                HAL_RCCEx_GetPLL1CLKFreq
 .text.HAL_RCCEx_GetPLL2CLKFreq
                0x34188624       0x8c ./Drivers/STM32N6xx_HAL_Driver/stm32n6xx_hal_rcc_ex.o
                0x34188624                HAL_RCCEx_GetPLL2CLKFreq
 .text.HAL_RCCEx_GetPLL3CLKFreq
                0x341886b0       0x8c ./Drivers/STM32N6xx_HAL_Driver/stm32n6xx_hal_rcc_ex.o
                0x341886b0                HAL_RCCEx_GetPLL3CLKFreq
 .text.HAL_RCCEx_GetPLL4CLKFreq
                0x3418873c       0x8c ./Drivers/STM32N6xx_HAL_Driver/stm32n6xx_hal_rcc_ex.o
                0x3418873c                HAL_RCCEx_GetPLL4CLKFreq
 .text.RCCEx_GetHCLKFreq
                0x341887c8       0x22 ./Drivers/STM32N6xx_HAL_Driver/stm32n6xx_hal_rcc_ex.o
 .text.RCCEx_GetPCLK1Freq
                0x341887ea       0x20 ./Drivers/STM32N6xx_HAL_Driver/stm32n6xx_hal_rcc_ex.o
 .text.RCCEx_GetPCLK2Freq
                0x3418880a       0x22 ./Drivers/STM32N6xx_HAL_Driver/stm32n6xx_hal_rcc_ex.o
 .text.RCCEx_GetPCLK4Freq
                0x3418882c       0x22 ./Drivers/STM32N6xx_HAL_Driver/stm32n6xx_hal_rcc_ex.o
 .text.RCCEx_GetPCLK5Freq
                0x3418884e       0x22 ./Drivers/STM32N6xx_HAL_Driver/stm32n6xx_hal_rcc_ex.o
 .text.RCCEx_GetPLLSourceFreq
                0x34188870       0xbc ./Drivers/STM32N6xx_HAL_Driver/stm32n6xx_hal_rcc_ex.o
 .text.RCCEx_CalcPLLFreq
                0x3418892c       0x98 ./Drivers/STM32N6xx_HAL_Driver/stm32n6xx_hal_rcc_ex.o
 .text.RCCEx_GetADCCLKFreq
                0x341889c4      0x204 ./Drivers/STM32N6xx_HAL_Driver/stm32n6xx_hal_rcc_ex.o
 .text.RCCEx_GetADFCLKFreq
                0x34188bc8      0x1d8 ./Drivers/STM32N6xx_HAL_Driver/stm32n6xx_hal_rcc_ex.o
 .text.RCCEx_GetCLKPCLKFreq
                0x34188da0      0x36c ./Drivers/STM32N6xx_HAL_Driver/stm32n6xx_hal_rcc_ex.o
 .text.RCCEx_GetCSICLKFreq
                0x3418910c       0x98 ./Drivers/STM32N6xx_HAL_Driver/stm32n6xx_hal_rcc_ex.o
 .text.RCCEx_GetDCMIPPCLKFreq
                0x341891a4      0x114 ./Drivers/STM32N6xx_HAL_Driver/stm32n6xx_hal_rcc_ex.o
 .text.RCCEx_GetETH1CLKFreq
                0x341892b8      0x100 ./Drivers/STM32N6xx_HAL_Driver/stm32n6xx_hal_rcc_ex.o
 .text.RCCEx_GetETH1PTPCLKFreq
                0x341893b8      0x108 ./Drivers/STM32N6xx_HAL_Driver/stm32n6xx_hal_rcc_ex.o
 .text.RCCEx_GetFDCANCLKFreq
                0x341894c0      0x100 ./Drivers/STM32N6xx_HAL_Driver/stm32n6xx_hal_rcc_ex.o
 .text.RCCEx_GetFMCCLKFreq
                0x341895c0      0x16e ./Drivers/STM32N6xx_HAL_Driver/stm32n6xx_hal_rcc_ex.o
 *fill*         0x3418972e        0x2 
 .text.RCCEx_GetI2CCLKFreq
                0x34189730      0x350 ./Drivers/STM32N6xx_HAL_Driver/stm32n6xx_hal_rcc_ex.o
 .text.RCCEx_GetI3CCLKFreq
                0x34189a80      0x268 ./Drivers/STM32N6xx_HAL_Driver/stm32n6xx_hal_rcc_ex.o
 .text.RCCEx_GetLPTIMCLKFreq
                0x34189ce8      0x354 ./Drivers/STM32N6xx_HAL_Driver/stm32n6xx_hal_rcc_ex.o
 .text.RCCEx_GetLPUARTCLKFreq
                0x3418a03c      0x204 ./Drivers/STM32N6xx_HAL_Driver/stm32n6xx_hal_rcc_ex.o
 .text.RCCEx_GetLTDCCLKFreq
                0x3418a240      0x114 ./Drivers/STM32N6xx_HAL_Driver/stm32n6xx_hal_rcc_ex.o
 .text.RCCEx_GetMDFCLKFreq
                0x3418a354      0x214 ./Drivers/STM32N6xx_HAL_Driver/stm32n6xx_hal_rcc_ex.o
 .text.RCCEx_GetPSSICLKFreq
                0x3418a568      0x104 ./Drivers/STM32N6xx_HAL_Driver/stm32n6xx_hal_rcc_ex.o
 .text.RCCEx_GetRTCCLKFreq
                0x3418a66c       0xa4 ./Drivers/STM32N6xx_HAL_Driver/stm32n6xx_hal_rcc_ex.o
 .text.RCCEx_GetSAICLKFreq
                0x3418a710      0x2cc ./Drivers/STM32N6xx_HAL_Driver/stm32n6xx_hal_rcc_ex.o
 .text.RCCEx_GetSDMMCCLKFreq
                0x3418a9dc      0x1d4 ./Drivers/STM32N6xx_HAL_Driver/stm32n6xx_hal_rcc_ex.o
 .text.RCCEx_GetSPDIFRXCLKFreq
                0x3418abb0      0x1c8 ./Drivers/STM32N6xx_HAL_Driver/stm32n6xx_hal_rcc_ex.o
 .text.RCCEx_GetSPICLKFreq
                0x3418ad78      0x5a4 ./Drivers/STM32N6xx_HAL_Driver/stm32n6xx_hal_rcc_ex.o
 .text.RCCEx_GetUARTCLKFreq
                0x3418b31c      0x454 ./Drivers/STM32N6xx_HAL_Driver/stm32n6xx_hal_rcc_ex.o
 .text.RCCEx_GetUSARTCLKFreq
                0x3418b770      0x454 ./Drivers/STM32N6xx_HAL_Driver/stm32n6xx_hal_rcc_ex.o
 .text.RCCEx_GetOTGPHYCLKFreq
                0x3418bbc4      0x16c ./Drivers/STM32N6xx_HAL_Driver/stm32n6xx_hal_rcc_ex.o
 .text.RCCEx_GetOTGPHYCKREFCLKFreq
                0x3418bd30       0xa0 ./Drivers/STM32N6xx_HAL_Driver/stm32n6xx_hal_rcc_ex.o
 .text.RCCEx_GetXSPICLKFreq
                0x3418bdd0      0x220 ./Drivers/STM32N6xx_HAL_Driver/stm32n6xx_hal_rcc_ex.o
 .text.LL_AHB5_GRP1_IsEnabledClock
                0x3418bff0       0x30 ./Drivers/STM32N6xx_HAL_Driver/stm32n6xx_hal_xspi.o
 .text.HAL_XSPI_Init
                0x3418c020      0x220 ./Drivers/STM32N6xx_HAL_Driver/stm32n6xx_hal_xspi.o
                0x3418c020                HAL_XSPI_Init
 .text.HAL_XSPI_Command
                0x3418c240      0x120 ./Drivers/STM32N6xx_HAL_Driver/stm32n6xx_hal_xspi.o
                0x3418c240                HAL_XSPI_Command
 .text.HAL_XSPI_Transmit
                0x3418c360       0xe6 ./Drivers/STM32N6xx_HAL_Driver/stm32n6xx_hal_xspi.o
                0x3418c360                HAL_XSPI_Transmit
 .text.HAL_XSPI_Receive
                0x3418c446      0x146 ./Drivers/STM32N6xx_HAL_Driver/stm32n6xx_hal_xspi.o
                0x3418c446                HAL_XSPI_Receive
 .text.HAL_XSPI_AutoPolling
                0x3418c58c      0x114 ./Drivers/STM32N6xx_HAL_Driver/stm32n6xx_hal_xspi.o
                0x3418c58c                HAL_XSPI_AutoPolling
 .text.HAL_XSPI_MemoryMapped
                0x3418c6a0       0xd8 ./Drivers/STM32N6xx_HAL_Driver/stm32n6xx_hal_xspi.o
                0x3418c6a0                HAL_XSPI_MemoryMapped
 .text.HAL_XSPI_Abort
                0x3418c778      0x10e ./Drivers/STM32N6xx_HAL_Driver/stm32n6xx_hal_xspi.o
                0x3418c778                HAL_XSPI_Abort
 .text.HAL_XSPI_SetTimeout
                0x3418c886       0x1e ./Drivers/STM32N6xx_HAL_Driver/stm32n6xx_hal_xspi.o
                0x3418c886                HAL_XSPI_SetTimeout
 .text.HAL_XSPIM_Config
                0x3418c8a4      0x258 ./Drivers/STM32N6xx_HAL_Driver/stm32n6xx_hal_xspi.o
                0x3418c8a4                HAL_XSPIM_Config
 .text.XSPI_WaitFlagStateUntilTimeout
                0x3418cafc       0x6c ./Drivers/STM32N6xx_HAL_Driver/stm32n6xx_hal_xspi.o
 .text.XSPI_ConfigCmd
                0x3418cb68      0x314 ./Drivers/STM32N6xx_HAL_Driver/stm32n6xx_hal_xspi.o
 .text.XSPIM_GetConfig
                0x3418ce7c       0xc8 ./Drivers/STM32N6xx_HAL_Driver/stm32n6xx_hal_xspi.o
 .text.BOOT_Application
                0x3418cf44       0x34 ./Middlewares/STM32_ExtMem_Manager/stm32_boot_lrun.o
                0x3418cf44                BOOT_Application
 .text.MapMemory
                0x3418cf78       0x64 ./Middlewares/STM32_ExtMem_Manager/stm32_boot_lrun.o
                0x3418cf78                MapMemory
 .text.CopyApplication
                0x3418cfdc       0xaa ./Middlewares/STM32_ExtMem_Manager/stm32_boot_lrun.o
                0x3418cfdc                CopyApplication
 *fill*         0x3418d086        0x2 
 .text.JumpToApplication
                0x3418d088      0x148 ./Middlewares/STM32_ExtMem_Manager/stm32_boot_lrun.o
                0x3418d088                JumpToApplication
 .text.BOOT_GetApplicationSize
                0x3418d1d0       0x18 ./Middlewares/STM32_ExtMem_Manager/stm32_boot_lrun.o
                0x3418d1d0                BOOT_GetApplicationSize
 .text.BOOT_GetApplicationVectorTable
                0x3418d1e8       0x36 ./Middlewares/STM32_ExtMem_Manager/stm32_boot_lrun.o
                0x3418d1e8                BOOT_GetApplicationVectorTable
 *fill*         0x3418d21e        0x2 
 .text.EXTMEM_Init
                0x3418d220       0xd0 ./Middlewares/STM32_ExtMem_Manager/stm32_extmem.o
                0x3418d220                EXTMEM_Init
 .text.EXTMEM_Read
                0x3418d2f0       0x78 ./Middlewares/STM32_ExtMem_Manager/stm32_extmem.o
                0x3418d2f0                EXTMEM_Read
 .text.EXTMEM_MemoryMappedMode
                0x3418d368       0xe4 ./Middlewares/STM32_ExtMem_Manager/stm32_extmem.o
                0x3418d368                EXTMEM_MemoryMappedMode
 .text.EXTMEM_GetMapAddress
                0x3418d44c       0xc0 ./Middlewares/STM32_ExtMem_Manager/stm32_extmem.o
                0x3418d44c                EXTMEM_GetMapAddress
 .text.EXTMEM_DRIVER_PSRAM_Init
                0x3418d50c       0xe4 ./Middlewares/STM32_ExtMem_Manager/stm32_psram_driver.o
                0x3418d50c                EXTMEM_DRIVER_PSRAM_Init
 .text.EXTMEM_DRIVER_PSRAM_Enable_MemoryMappedMode
                0x3418d5f0       0x62 ./Middlewares/STM32_ExtMem_Manager/stm32_psram_driver.o
                0x3418d5f0                EXTMEM_DRIVER_PSRAM_Enable_MemoryMappedMode
 .text.EXTMEM_DRIVER_PSRAM_Disable_MemoryMappedMode
                0x3418d652       0x2a ./Middlewares/STM32_ExtMem_Manager/stm32_psram_driver.o
                0x3418d652                EXTMEM_DRIVER_PSRAM_Disable_MemoryMappedMode
 .text.PSRAM_ExecuteCommand
                0x3418d67c       0xde ./Middlewares/STM32_ExtMem_Manager/stm32_psram_driver.o
                0x3418d67c                PSRAM_ExecuteCommand
 .text.SAL_XSPI_SetClock
                0x3418d75a       0x7e ./Middlewares/STM32_ExtMem_Manager/stm32_sal_xspi.o
                0x3418d75a                SAL_XSPI_SetClock
 .text.SAL_XSPI_Init
                0x3418d7d8       0x66 ./Middlewares/STM32_ExtMem_Manager/stm32_sal_xspi.o
                0x3418d7d8                SAL_XSPI_Init
 *fill*         0x3418d83e        0x2 
 .text.SAL_XSPI_MemoryConfig
                0x3418d840      0x2a4 ./Middlewares/STM32_ExtMem_Manager/stm32_sal_xspi.o
                0x3418d840                SAL_XSPI_MemoryConfig
 .text.SAL_XSPI_GetSFDP
                0x3418dae4       0xc0 ./Middlewares/STM32_ExtMem_Manager/stm32_sal_xspi.o
                0x3418dae4                SAL_XSPI_GetSFDP
 .text.SAL_XSPI_GetId
                0x3418dba4      0x100 ./Middlewares/STM32_ExtMem_Manager/stm32_sal_xspi.o
                0x3418dba4                SAL_XSPI_GetId
 .text.SAL_XSPI_Read
                0x3418dca4       0xd0 ./Middlewares/STM32_ExtMem_Manager/stm32_sal_xspi.o
                0x3418dca4                SAL_XSPI_Read
 .text.SAL_XSPI_Write
                0x3418dd74       0x92 ./Middlewares/STM32_ExtMem_Manager/stm32_sal_xspi.o
                0x3418dd74                SAL_XSPI_Write
 .text.SAL_XSPI_CommandSendData
                0x3418de06       0xa8 ./Middlewares/STM32_ExtMem_Manager/stm32_sal_xspi.o
                0x3418de06                SAL_XSPI_CommandSendData
 .text.SAL_XSPI_SendReadCommand
                0x3418deae       0xa8 ./Middlewares/STM32_ExtMem_Manager/stm32_sal_xspi.o
                0x3418deae                SAL_XSPI_SendReadCommand
 .text.SAL_XSPI_CommandSendReadAddress
                0x3418df56       0xca ./Middlewares/STM32_ExtMem_Manager/stm32_sal_xspi.o
                0x3418df56                SAL_XSPI_CommandSendReadAddress
 .text.SAL_XSPI_CheckStatusRegister
                0x3418e020       0xf2 ./Middlewares/STM32_ExtMem_Manager/stm32_sal_xspi.o
                0x3418e020                SAL_XSPI_CheckStatusRegister
 .text.SAL_XSPI_ConfigureWrappMode
                0x3418e112       0x78 ./Middlewares/STM32_ExtMem_Manager/stm32_sal_xspi.o
                0x3418e112                SAL_XSPI_ConfigureWrappMode
 .text.SAL_XSPI_EnableMapMode
                0x3418e18a       0xf2 ./Middlewares/STM32_ExtMem_Manager/stm32_sal_xspi.o
                0x3418e18a                SAL_XSPI_EnableMapMode
 .text.SAL_XSPI_DisableMapMode
                0x3418e27c       0x22 ./Middlewares/STM32_ExtMem_Manager/stm32_sal_xspi.o
                0x3418e27c                SAL_XSPI_DisableMapMode
 .text.SAL_XSPI_UpdateMemoryType
                0x3418e29e       0x70 ./Middlewares/STM32_ExtMem_Manager/stm32_sal_xspi.o
                0x3418e29e                SAL_XSPI_UpdateMemoryType
 .text.SAL_XSPI_Abort
                0x3418e30e       0x1c ./Middlewares/STM32_ExtMem_Manager/stm32_sal_xspi.o
                0x3418e30e                SAL_XSPI_Abort
 .text.XSPI_FormatCommand
                0x3418e32a       0x52 ./Middlewares/STM32_ExtMem_Manager/stm32_sal_xspi.o
                0x3418e32a                XSPI_FormatCommand
 .text.XSPI_Transmit
                0x3418e37c       0x26 ./Middlewares/STM32_ExtMem_Manager/stm32_sal_xspi.o
                0x3418e37c                XSPI_Transmit
 .text.XSPI_Receive
                0x3418e3a2       0x26 ./Middlewares/STM32_ExtMem_Manager/stm32_sal_xspi.o
                0x3418e3a2                XSPI_Receive
 .text.SFDP_ReadHeader
                0x3418e3c8       0x7a ./Middlewares/STM32_ExtMem_Manager/stm32_sfdp_data.o
                0x3418e3c8                SFDP_ReadHeader
 *fill*         0x3418e442        0x2 
 .text.SFDP_GetHeader
                0x3418e444       0xbc ./Middlewares/STM32_ExtMem_Manager/stm32_sfdp_data.o
                0x3418e444                SFDP_GetHeader
 .text.SFDP_CollectData
                0x3418e500      0x1b8 ./Middlewares/STM32_ExtMem_Manager/stm32_sfdp_data.o
                0x3418e500                SFDP_CollectData
 .text.SFDP_MemoryReset
                0x3418e6b8      0x1b8 ./Middlewares/STM32_ExtMem_Manager/stm32_sfdp_data.o
                0x3418e6b8                SFDP_MemoryReset
 .text.SFDP_BuildGenericDriver
                0x3418e870      0xca4 ./Middlewares/STM32_ExtMem_Manager/stm32_sfdp_data.o
                0x3418e870                SFDP_BuildGenericDriver
 .text.driver_check_FlagBUSY
                0x3418f514       0x7c ./Middlewares/STM32_ExtMem_Manager/stm32_sfdp_data.o
                0x3418f514                driver_check_FlagBUSY
 .text.sfdp_getfrequencevalue
                0x3418f590       0x4c ./Middlewares/STM32_ExtMem_Manager/stm32_sfdp_data.o
                0x3418f590                sfdp_getfrequencevalue
 .text.sfdp_get_paraminfo
                0x3418f5dc      0x1f8 ./Middlewares/STM32_ExtMem_Manager/stm32_sfdp_data.o
                0x3418f5dc                sfdp_get_paraminfo
 .text.sfdp_enter_octal_mode
                0x3418f7d4      0x1c8 ./Middlewares/STM32_ExtMem_Manager/stm32_sfdp_data.o
                0x3418f7d4                sfdp_enter_octal_mode
 .text.sfdp_set_dummycycle
                0x3418f99c      0x1c8 ./Middlewares/STM32_ExtMem_Manager/stm32_sfdp_data.o
                0x3418f99c                sfdp_set_dummycycle
 .text.JEDEC_Basic_ManageQuadEnableRequirement
                0x3418fb64      0x178 ./Middlewares/STM32_ExtMem_Manager/stm32_sfdp_data.o
                0x3418fb64                JEDEC_Basic_ManageQuadEnableRequirement
 .text.JEDEC_Basic_Manage4S4S4SEnableSequence
                0x3418fcdc       0x80 ./Middlewares/STM32_ExtMem_Manager/stm32_sfdp_data.o
                0x3418fcdc                JEDEC_Basic_Manage4S4S4SEnableSequence
 .text.CheckSFDP_Signature
                0x3418fd5c       0x54 ./Middlewares/STM32_ExtMem_Manager/stm32_sfdp_data.o
                0x3418fd5c                CheckSFDP_Signature
 .text.EXTMEM_DRIVER_NOR_SFDP_Init
                0x3418fdb0      0x168 ./Middlewares/STM32_ExtMem_Manager/stm32_sfdp_driver.o
                0x3418fdb0                EXTMEM_DRIVER_NOR_SFDP_Init
 .text.EXTMEM_DRIVER_NOR_SFDP_Read
                0x3418ff18       0x5a ./Middlewares/STM32_ExtMem_Manager/stm32_sfdp_driver.o
                0x3418ff18                EXTMEM_DRIVER_NOR_SFDP_Read
 .text.EXTMEM_DRIVER_NOR_SFDP_Enable_MemoryMappedMode
                0x3418ff72       0x42 ./Middlewares/STM32_ExtMem_Manager/stm32_sfdp_driver.o
                0x3418ff72                EXTMEM_DRIVER_NOR_SFDP_Enable_MemoryMappedMode
 .text.EXTMEM_DRIVER_NOR_SFDP_Disable_MemoryMappedMode
                0x3418ffb4       0x2c ./Middlewares/STM32_ExtMem_Manager/stm32_sfdp_driver.o
                0x3418ffb4                EXTMEM_DRIVER_NOR_SFDP_Disable_MemoryMappedMode
 .text.memset   0x3418ffe0       0x10 C:/ST/STM32CubeIDE_1.14.1/STM32CubeIDE/plugins/com.st.stm32cube.ide.mcu.externaltools.gnu-tools-for-stm32.13.3.rel1.win32_1.0.100.202509120712/tools/bin/../lib/gcc/arm-none-eabi/13.3.1/../../../../arm-none-eabi/lib/thumb/v8-m.main+dp/hard\libc_nano.a(libc_a-memset.o)
                0x3418ffe0                memset
 .text.__libc_init_array
                0x3418fff0       0x48 C:/ST/STM32CubeIDE_1.14.1/STM32CubeIDE/plugins/com.st.stm32cube.ide.mcu.externaltools.gnu-tools-for-stm32.13.3.rel1.win32_1.0.100.202509120712/tools/bin/../lib/gcc/arm-none-eabi/13.3.1/../../../../arm-none-eabi/lib/thumb/v8-m.main+dp/hard\libc_nano.a(libc_a-init.o)
                0x3418fff0                __libc_init_array
 .text.memcpy   0x34190038       0x1a C:/ST/STM32CubeIDE_1.14.1/STM32CubeIDE/plugins/com.st.stm32cube.ide.mcu.externaltools.gnu-tools-for-stm32.13.3.rel1.win32_1.0.100.202509120712/tools/bin/../lib/gcc/arm-none-eabi/13.3.1/../../../../arm-none-eabi/lib/thumb/v8-m.main+dp/hard\libc_nano.a(libc_a-memcpy-stub.o)
                0x34190038                memcpy
 *(.glue_7)
 .glue_7        0x34190052        0x0 linker stubs
 *(.glue_7t)
 .glue_7t       0x34190052        0x0 linker stubs
 *(.eh_frame)
 *fill*         0x34190052        0x2 
 .eh_frame      0x34190054        0x0 C:/ST/STM32CubeIDE_1.14.1/STM32CubeIDE/plugins/com.st.stm32cube.ide.mcu.externaltools.gnu-tools-for-stm32.13.3.rel1.win32_1.0.100.202509120712/tools/bin/../lib/gcc/arm-none-eabi/13.3.1/thumb/v8-m.main+dp/hard/crtbegin.o
 *(.RamFunc)
 *(.RamFunc*)
 *(.init)
 .init          0x34190054        0x4 C:/ST/STM32CubeIDE_1.14.1/STM32CubeIDE/plugins/com.st.stm32cube.ide.mcu.externaltools.gnu-tools-for-stm32.13.3.rel1.win32_1.0.100.202509120712/tools/bin/../lib/gcc/arm-none-eabi/13.3.1/thumb/v8-m.main+dp/hard/crti.o
                0x34190054                _init
 .init          0x34190058        0x8 C:/ST/STM32CubeIDE_1.14.1/STM32CubeIDE/plugins/com.st.stm32cube.ide.mcu.externaltools.gnu-tools-for-stm32.13.3.rel1.win32_1.0.100.202509120712/tools/bin/../lib/gcc/arm-none-eabi/13.3.1/thumb/v8-m.main+dp/hard/crtn.o
 *(.fini)
 .fini          0x34190060        0x4 C:/ST/STM32CubeIDE_1.14.1/STM32CubeIDE/plugins/com.st.stm32cube.ide.mcu.externaltools.gnu-tools-for-stm32.13.3.rel1.win32_1.0.100.202509120712/tools/bin/../lib/gcc/arm-none-eabi/13.3.1/thumb/v8-m.main+dp/hard/crti.o
                0x34190060                _fini
 .fini          0x34190064        0x8 C:/ST/STM32CubeIDE_1.14.1/STM32CubeIDE/plugins/com.st.stm32cube.ide.mcu.externaltools.gnu-tools-for-stm32.13.3.rel1.win32_1.0.100.202509120712/tools/bin/../lib/gcc/arm-none-eabi/13.3.1/thumb/v8-m.main+dp/hard/crtn.o
                0x3419006c                        . = ALIGN (0x4)
                0x3419006c                        _etext = .

.vfp11_veneer   0x3419006c        0x0
 .vfp11_veneer  0x3419006c        0x0 linker stubs

.v4_bx          0x3419006c        0x0
 .v4_bx         0x3419006c        0x0 linker stubs

.iplt           0x3419006c        0x0
 .iplt          0x3419006c        0x0 C:/ST/STM32CubeIDE_1.14.1/STM32CubeIDE/plugins/com.st.stm32cube.ide.mcu.externaltools.gnu-tools-for-stm32.13.3.rel1.win32_1.0.100.202509120712/tools/bin/../lib/gcc/arm-none-eabi/13.3.1/thumb/v8-m.main+dp/hard/crtbegin.o

.rodata         0x3419006c       0x44
                0x3419006c                        . = ALIGN (0x4)
 *(.rodata)
 .rodata        0x3419006c       0x2a ./Middlewares/STM32_ExtMem_Manager/stm32_sfdp_data.o
 *(.rodata*)
 *fill*         0x34190096        0x2 
 .rodata.block_erase_unit.1
                0x34190098        0x8 ./Middlewares/STM32_ExtMem_Manager/stm32_sfdp_data.o
 .rodata.chip_erase_unit.0
                0x341900a0       0x10 ./Middlewares/STM32_ExtMem_Manager/stm32_sfdp_data.o
                0x341900b0                        . = ALIGN (0x4)

.ARM.extab      0x341900b0        0x0
                0x341900b0                        . = ALIGN (0x4)
 *(.ARM.extab* .gnu.linkonce.armextab.*)
                0x341900b0                        . = ALIGN (0x4)

.ARM            0x341900b0        0x0
                0x341900b0                        . = ALIGN (0x4)
                0x341900b0                        __exidx_start = .
 *(.ARM.exidx*)
                0x341900b0                        __exidx_end = .
                0x341900b0                        . = ALIGN (0x4)

.preinit_array  0x341900b0        0x0
                0x341900b0                        . = ALIGN (0x4)
                0x341900b0                        PROVIDE (__preinit_array_start = .)
 *(.preinit_array*)
                0x341900b0                        PROVIDE (__preinit_array_end = .)
                0x341900b0                        . = ALIGN (0x4)

.init_array     0x341900b0        0x4
                0x341900b0                        . = ALIGN (0x4)
                0x341900b0                        PROVIDE (__init_array_start = .)
 *(SORT_BY_NAME(.init_array.*))
 *(.init_array*)
 .init_array    0x341900b0        0x4 C:/ST/STM32CubeIDE_1.14.1/STM32CubeIDE/plugins/com.st.stm32cube.ide.mcu.externaltools.gnu-tools-for-stm32.13.3.rel1.win32_1.0.100.202509120712/tools/bin/../lib/gcc/arm-none-eabi/13.3.1/thumb/v8-m.main+dp/hard/crtbegin.o
                0x341900b4                        PROVIDE (__init_array_end = .)
                0x341900b4                        . = ALIGN (0x4)

.fini_array     0x341900b4        0x4
                0x341900b4                        . = ALIGN (0x4)
                [!provide]                        PROVIDE (__fini_array_start = .)
 *(SORT_BY_NAME(.fini_array.*))
 *(.fini_array*)
 .fini_array    0x341900b4        0x4 C:/ST/STM32CubeIDE_1.14.1/STM32CubeIDE/plugins/com.st.stm32cube.ide.mcu.externaltools.gnu-tools-for-stm32.13.3.rel1.win32_1.0.100.202509120712/tools/bin/../lib/gcc/arm-none-eabi/13.3.1/thumb/v8-m.main+dp/hard/crtbegin.o
                [!provide]                        PROVIDE (__fini_array_end = .)
                0x341900b8                        . = ALIGN (0x4)
                0x341900b8                        _sidata = LOADADDR (.data)

.rel.dyn        0x341900b8        0x0
 .rel.iplt      0x341900b8        0x0 C:/ST/STM32CubeIDE_1.14.1/STM32CubeIDE/plugins/com.st.stm32cube.ide.mcu.externaltools.gnu-tools-for-stm32.13.3.rel1.win32_1.0.100.202509120712/tools/bin/../lib/gcc/arm-none-eabi/13.3.1/thumb/v8-m.main+dp/hard/crtbegin.o

.data           0x341c0000        0xc load address 0x341900b8
                0x341c0000                        . = ALIGN (0x4)
                0x341c0000                        _sdata = .
 *(.data)
 *(.data*)
 .data.SystemCoreClock
                0x341c0000        0x4 ./Drivers/CMSIS/system_stm32n6xx_fsbl.o
                0x341c0000                SystemCoreClock
 .data.uwTickPrio
                0x341c0004        0x4 ./Drivers/STM32N6xx_HAL_Driver/stm32n6xx_hal.o
                0x341c0004                uwTickPrio
 .data.uwTickFreq
                0x341c0008        0x1 ./Drivers/STM32N6xx_HAL_Driver/stm32n6xx_hal.o
                0x341c0008                uwTickFreq
                0x341c000c                        . = ALIGN (0x4)
 *fill*         0x341c0009        0x3 
                0x341c000c                        _edata = .

.igot.plt       0x341c000c        0x0 load address 0x341900c4
 .igot.plt      0x341c000c        0x0 C:/ST/STM32CubeIDE_1.14.1/STM32CubeIDE/plugins/com.st.stm32cube.ide.mcu.externaltools.gnu-tools-for-stm32.13.3.rel1.win32_1.0.100.202509120712/tools/bin/../lib/gcc/arm-none-eabi/13.3.1/thumb/v8-m.main+dp/hard/crtbegin.o

.noncacheable   0x341c000c        0x4 load address 0x341900c4
                0x341c0010                        . = ALIGN (0x8)
 *fill*         0x341c000c        0x4 
                0x341c0010                        __snoncacheable = .
 *(.noncacheable)
                0x341c0010                        . = ALIGN (0x8)
                0x341c0010                        __enoncacheable = .

.gnu.sgstubs    0x341900e0       0x20
                0x341900e0                        . = ALIGN (0x4)
 *(.gnu.sgstubs*)
                0x341900e0                        . = ALIGN (0x4)
 .gnu.sgstubs.__stub
                0x341900e0        0x8 linker stubs
                0x341900e0                SECURE_SystemCoreClockUpdate
                0x341900e8                        . = ALIGN (0x4)

.bss            0x341c0010      0x3d0
                0x341c0010                        _sbss = .
                0x341c0010                        __bss_start__ = _sbss
 *(.bss)
 .bss           0x341c0010       0x1c C:/ST/STM32CubeIDE_1.14.1/STM32CubeIDE/plugins/com.st.stm32cube.ide.mcu.externaltools.gnu-tools-for-stm32.13.3.rel1.win32_1.0.100.202509120712/tools/bin/../lib/gcc/arm-none-eabi/13.3.1/thumb/v8-m.main+dp/hard/crtbegin.o
 *(.bss*)
 .bss.hxspi1    0x341c002c       0x64 ./Application/User/Core/main.o
                0x341c002c                hxspi1
 .bss.hxspi2    0x341c0090       0x64 ./Application/User/Core/main.o
                0x341c0090                hxspi2
 .bss.HAL_RCC_XSPIM_CLK_ENABLED
                0x341c00f4        0x4 ./Application/User/Core/stm32n6xx_hal_msp.o
 .bss.uwTick    0x341c00f8        0x4 ./Drivers/STM32N6xx_HAL_Driver/stm32n6xx_hal.o
                0x341c00f8                uwTick
 .bss.JumpToApp.0
                0x341c00fc        0x4 ./Middlewares/STM32_ExtMem_Manager/stm32_boot_lrun.o
 .bss.extmem_list_config
                0x341c0100      0x158 ./Middlewares/STM32_ExtMem_Manager/stm32_extmem.o
                0x341c0100                extmem_list_config
 .bss.sfdp_param_info
                0x341c0258       0x78 ./Middlewares/STM32_ExtMem_Manager/stm32_sfdp_data.o
 .bss.JEDEC_Basic
                0x341c02d0       0x60 ./Middlewares/STM32_ExtMem_Manager/stm32_sfdp_data.o
 .bss.JEDEC_Address4Bytes
                0x341c0330        0x8 ./Middlewares/STM32_ExtMem_Manager/stm32_sfdp_data.o
 .bss.JEDEC_XSPI10
                0x341c0338       0x18 ./Middlewares/STM32_ExtMem_Manager/stm32_sfdp_data.o
 .bss.JEDEC_SCCR_Map
                0x341c0350       0x70 ./Middlewares/STM32_ExtMem_Manager/stm32_sfdp_data.o
 .bss.JEDEC_OctalDdr
                0x341c03c0       0x20 ./Middlewares/STM32_ExtMem_Manager/stm32_sfdp_data.o
 *(COMMON)
                0x341c03e0                        . = ALIGN (0x4)
                0x341c03e0                        _ebss = .
                0x341c03e0                        __bss_end__ = _ebss

._user_heap_stack
                0x341c03e0      0xa00
                0x341c03e0                        . = ALIGN (0x8)
                [!provide]                        PROVIDE (end = .)
                0x341c03e0                        PROVIDE (_end = .)
                0x341c05e0                        . = (. + _Min_Heap_Size)
 *fill*         0x341c03e0      0x200 
                0x341c0de0                        . = (. + _Min_Stack_Size)
 *fill*         0x341c05e0      0x800 
                0x341c0de0                        . = ALIGN (0x8)

/DISCARD/
 libc.a(*)
 libm.a(*)
 libgcc.a(*)

.ARM.attributes
                0x00000000       0x3a
 *(.ARM.attributes)
 .ARM.attributes
                0x00000000       0x24 C:/ST/STM32CubeIDE_1.14.1/STM32CubeIDE/plugins/com.st.stm32cube.ide.mcu.externaltools.gnu-tools-for-stm32.13.3.rel1.win32_1.0.100.202509120712/tools/bin/../lib/gcc/arm-none-eabi/13.3.1/thumb/v8-m.main+dp/hard/crti.o
 .ARM.attributes
                0x00000024       0x36 C:/ST/STM32CubeIDE_1.14.1/STM32CubeIDE/plugins/com.st.stm32cube.ide.mcu.externaltools.gnu-tools-for-stm32.13.3.rel1.win32_1.0.100.202509120712/tools/bin/../lib/gcc/arm-none-eabi/13.3.1/thumb/v8-m.main+dp/hard/crtbegin.o
 .ARM.attributes
                0x0000005a       0x3e ./Application/User/Core/extmem_manager.o
 .ARM.attributes
                0x00000098       0x3e ./Application/User/Core/main.o
 .ARM.attributes
                0x000000d6       0x3e ./Application/User/Core/stm32n6xx_hal_msp.o
 .ARM.attributes
                0x00000114       0x3e ./Application/User/Core/stm32n6xx_it.o
 .ARM.attributes
                0x00000152       0x22 ./Application/User/Startup/startup_stm32n657x0hxq_fsbl.o
 .ARM.attributes
                0x00000174       0x3e ./Drivers/CMSIS/system_stm32n6xx_fsbl.o
 .ARM.attributes
                0x000001b2       0x3e ./Drivers/STM32N6xx_HAL_Driver/stm32n6xx_hal.o
 .ARM.attributes
                0x000001f0       0x3e ./Drivers/STM32N6xx_HAL_Driver/stm32n6xx_hal_cortex.o
 .ARM.attributes
                0x0000022e       0x3e ./Drivers/STM32N6xx_HAL_Driver/stm32n6xx_hal_dma.o
 .ARM.attributes
                0x0000026c       0x3e ./Drivers/STM32N6xx_HAL_Driver/stm32n6xx_hal_gpio.o
 .ARM.attributes
                0x000002aa       0x3e ./Drivers/STM32N6xx_HAL_Driver/stm32n6xx_hal_pwr_ex.o
 .ARM.attributes
                0x000002e8       0x3e ./Drivers/STM32N6xx_HAL_Driver/stm32n6xx_hal_rcc.o
 .ARM.attributes
                0x00000326       0x3e ./Drivers/STM32N6xx_HAL_Driver/stm32n6xx_hal_rcc_ex.o
 .ARM.attributes
                0x00000364       0x3e ./Drivers/STM32N6xx_HAL_Driver/stm32n6xx_hal_xspi.o
 .ARM.attributes
                0x000003a2       0x3e ./Middlewares/STM32_ExtMem_Manager/stm32_boot_lrun.o
 .ARM.attributes
                0x000003e0       0x3e ./Middlewares/STM32_ExtMem_Manager/stm32_extmem.o
 .ARM.attributes
                0x0000041e       0x3e ./Middlewares/STM32_ExtMem_Manager/stm32_psram_driver.o
 .ARM.attributes
                0x0000045c       0x3e ./Middlewares/STM32_ExtMem_Manager/stm32_sal_xspi.o
 .ARM.attributes
                0x0000049a       0x3e ./Middlewares/STM32_ExtMem_Manager/stm32_sfdp_data.o
 .ARM.attributes
                0x000004d8       0x3e ./Middlewares/STM32_ExtMem_Manager/stm32_sfdp_driver.o
 .ARM.attributes
                0x00000516       0x36 C:/ST/STM32CubeIDE_1.14.1/STM32CubeIDE/plugins/com.st.stm32cube.ide.mcu.externaltools.gnu-tools-for-stm32.13.3.rel1.win32_1.0.100.202509120712/tools/bin/../lib/gcc/arm-none-eabi/13.3.1/../../../../arm-none-eabi/lib/thumb/v8-m.main+dp/hard\libc_nano.a(libc_a-memset.o)
 .ARM.attributes
                0x0000054c       0x36 C:/ST/STM32CubeIDE_1.14.1/STM32CubeIDE/plugins/com.st.stm32cube.ide.mcu.externaltools.gnu-tools-for-stm32.13.3.rel1.win32_1.0.100.202509120712/tools/bin/../lib/gcc/arm-none-eabi/13.3.1/../../../../arm-none-eabi/lib/thumb/v8-m.main+dp/hard\libc_nano.a(libc_a-init.o)
 .ARM.attributes
                0x00000582       0x36 C:/ST/STM32CubeIDE_1.14.1/STM32CubeIDE/plugins/com.st.stm32cube.ide.mcu.externaltools.gnu-tools-for-stm32.13.3.rel1.win32_1.0.100.202509120712/tools/bin/../lib/gcc/arm-none-eabi/13.3.1/../../../../arm-none-eabi/lib/thumb/v8-m.main+dp/hard\libc_nano.a(libc_a-memcpy-stub.o)
 .ARM.attributes
                0x000005b8       0x24 C:/ST/STM32CubeIDE_1.14.1/STM32CubeIDE/plugins/com.st.stm32cube.ide.mcu.externaltools.gnu-tools-for-stm32.13.3.rel1.win32_1.0.100.202509120712/tools/bin/../lib/gcc/arm-none-eabi/13.3.1/thumb/v8-m.main+dp/hard/crtn.o
OUTPUT(STM32N6-Blink_FSBL.elf elf32-littlearm)
LOAD linker stubs
LOAD C:/ST/STM32CubeIDE_1.14.1/STM32CubeIDE/plugins/com.st.stm32cube.ide.mcu.externaltools.gnu-tools-for-stm32.13.3.rel1.win32_1.0.100.202509120712/tools/bin/../lib/gcc/arm-none-eabi/13.3.1/../../../../arm-none-eabi/lib/thumb/v8-m.main+dp/hard\libc.a
LOAD C:/ST/STM32CubeIDE_1.14.1/STM32CubeIDE/plugins/com.st.stm32cube.ide.mcu.externaltools.gnu-tools-for-stm32.13.3.rel1.win32_1.0.100.202509120712/tools/bin/../lib/gcc/arm-none-eabi/13.3.1/../../../../arm-none-eabi/lib/thumb/v8-m.main+dp/hard\libm.a
LOAD C:/ST/STM32CubeIDE_1.14.1/STM32CubeIDE/plugins/com.st.stm32cube.ide.mcu.externaltools.gnu-tools-for-stm32.13.3.rel1.win32_1.0.100.202509120712/tools/bin/../lib/gcc/arm-none-eabi/13.3.1/thumb/v8-m.main+dp/hard\libgcc.a

.debug_info     0x00000000    0x2066a
 .debug_info    0x00000000     0x111f ./Application/User/Core/extmem_manager.o
 .debug_info    0x0000111f     0x2ce1 ./Application/User/Core/main.o
 .debug_info    0x00003e00     0x2292 ./Application/User/Core/stm32n6xx_hal_msp.o
 .debug_info    0x00006092      0x138 ./Application/User/Core/stm32n6xx_it.o
 .debug_info    0x000061ca       0x30 ./Application/User/Startup/startup_stm32n657x0hxq_fsbl.o
 .debug_info    0x000061fa     0x1a83 ./Drivers/CMSIS/system_stm32n6xx_fsbl.o
 .debug_info    0x00007c7d     0x2ba8 ./Drivers/STM32N6xx_HAL_Driver/stm32n6xx_hal.o
 .debug_info    0x0000a825     0x1491 ./Drivers/STM32N6xx_HAL_Driver/stm32n6xx_hal_cortex.o
 .debug_info    0x0000bcb6      0xbfa ./Drivers/STM32N6xx_HAL_Driver/stm32n6xx_hal_dma.o
 .debug_info    0x0000c8b0      0xafd ./Drivers/STM32N6xx_HAL_Driver/stm32n6xx_hal_gpio.o
 .debug_info    0x0000d3ad      0xd08 ./Drivers/STM32N6xx_HAL_Driver/stm32n6xx_hal_pwr_ex.o
 .debug_info    0x0000e0b5     0x2161 ./Drivers/STM32N6xx_HAL_Driver/stm32n6xx_hal_rcc.o
 .debug_info    0x00010216     0x3841 ./Drivers/STM32N6xx_HAL_Driver/stm32n6xx_hal_rcc_ex.o
 .debug_info    0x00013a57     0x2c1c ./Drivers/STM32N6xx_HAL_Driver/stm32n6xx_hal_xspi.o
 .debug_info    0x00016673      0x8a7 ./Middlewares/STM32_ExtMem_Manager/stm32_boot_lrun.o
 .debug_info    0x00016f1a     0x170d ./Middlewares/STM32_ExtMem_Manager/stm32_extmem.o
 .debug_info    0x00018627     0x1089 ./Middlewares/STM32_ExtMem_Manager/stm32_psram_driver.o
 .debug_info    0x000196b0     0x1692 ./Middlewares/STM32_ExtMem_Manager/stm32_sal_xspi.o
 .debug_info    0x0001ad42     0x3b58 ./Middlewares/STM32_ExtMem_Manager/stm32_sfdp_data.o
 .debug_info    0x0001e89a     0x1dd0 ./Middlewares/STM32_ExtMem_Manager/stm32_sfdp_driver.o

.debug_abbrev   0x00000000     0x2fb9
 .debug_abbrev  0x00000000      0x1cc ./Application/User/Core/extmem_manager.o
 .debug_abbrev  0x000001cc      0x3fb ./Application/User/Core/main.o
 .debug_abbrev  0x000005c7      0x267 ./Application/User/Core/stm32n6xx_hal_msp.o
 .debug_abbrev  0x0000082e       0x73 ./Application/User/Core/stm32n6xx_it.o
 .debug_abbrev  0x000008a1       0x24 ./Application/User/Startup/startup_stm32n657x0hxq_fsbl.o
 .debug_abbrev  0x000008c5      0x164 ./Drivers/CMSIS/system_stm32n6xx_fsbl.o
 .debug_abbrev  0x00000a29      0x300 ./Drivers/STM32N6xx_HAL_Driver/stm32n6xx_hal.o
 .debug_abbrev  0x00000d29      0x330 ./Drivers/STM32N6xx_HAL_Driver/stm32n6xx_hal_cortex.o
 .debug_abbrev  0x00001059      0x1dd ./Drivers/STM32N6xx_HAL_Driver/stm32n6xx_hal_dma.o
 .debug_abbrev  0x00001236      0x24d ./Drivers/STM32N6xx_HAL_Driver/stm32n6xx_hal_gpio.o
 .debug_abbrev  0x00001483      0x265 ./Drivers/STM32N6xx_HAL_Driver/stm32n6xx_hal_pwr_ex.o
 .debug_abbrev  0x000016e8      0x36a ./Drivers/STM32N6xx_HAL_Driver/stm32n6xx_hal_rcc.o
 .debug_abbrev  0x00001a52      0x305 ./Drivers/STM32N6xx_HAL_Driver/stm32n6xx_hal_rcc_ex.o
 .debug_abbrev  0x00001d57      0x2b7 ./Drivers/STM32N6xx_HAL_Driver/stm32n6xx_hal_xspi.o
 .debug_abbrev  0x0000200e      0x2af ./Middlewares/STM32_ExtMem_Manager/stm32_boot_lrun.o
 .debug_abbrev  0x000022bd      0x28b ./Middlewares/STM32_ExtMem_Manager/stm32_extmem.o
 .debug_abbrev  0x00002548      0x1ec ./Middlewares/STM32_ExtMem_Manager/stm32_psram_driver.o
 .debug_abbrev  0x00002734      0x268 ./Middlewares/STM32_ExtMem_Manager/stm32_sal_xspi.o
 .debug_abbrev  0x0000299c      0x2c0 ./Middlewares/STM32_ExtMem_Manager/stm32_sfdp_data.o
 .debug_abbrev  0x00002c5c      0x35d ./Middlewares/STM32_ExtMem_Manager/stm32_sfdp_driver.o

.debug_aranges  0x00000000     0x18e0
 .debug_aranges
                0x00000000       0x20 ./Application/User/Core/extmem_manager.o
 .debug_aranges
                0x00000020       0x68 ./Application/User/Core/main.o
 .debug_aranges
                0x00000088       0x48 ./Application/User/Core/stm32n6xx_hal_msp.o
 .debug_aranges
                0x000000d0       0x68 ./Application/User/Core/stm32n6xx_it.o
 .debug_aranges
                0x00000138       0x28 ./Application/User/Startup/startup_stm32n657x0hxq_fsbl.o
 .debug_aranges
                0x00000160       0x30 ./Drivers/CMSIS/system_stm32n6xx_fsbl.o
 .debug_aranges
                0x00000190      0x3d8 ./Drivers/STM32N6xx_HAL_Driver/stm32n6xx_hal.o
 .debug_aranges
                0x00000568      0x178 ./Drivers/STM32N6xx_HAL_Driver/stm32n6xx_hal_cortex.o
 .debug_aranges
                0x000006e0       0xb8 ./Drivers/STM32N6xx_HAL_Driver/stm32n6xx_hal_dma.o
 .debug_aranges
                0x00000798       0xa8 ./Drivers/STM32N6xx_HAL_Driver/stm32n6xx_hal_gpio.o
 .debug_aranges
                0x00000840      0x260 ./Drivers/STM32N6xx_HAL_Driver/stm32n6xx_hal_pwr_ex.o
 .debug_aranges
                0x00000aa0      0x2a0 ./Drivers/STM32N6xx_HAL_Driver/stm32n6xx_hal_rcc.o
 .debug_aranges
                0x00000d40      0x758 ./Drivers/STM32N6xx_HAL_Driver/stm32n6xx_hal_rcc_ex.o
 .debug_aranges
                0x00001498      0x1a8 ./Drivers/STM32N6xx_HAL_Driver/stm32n6xx_hal_xspi.o
 .debug_aranges
                0x00001640       0x48 ./Middlewares/STM32_ExtMem_Manager/stm32_boot_lrun.o
 .debug_aranges
                0x00001688       0x68 ./Middlewares/STM32_ExtMem_Manager/stm32_extmem.o
 .debug_aranges
                0x000016f0       0x40 ./Middlewares/STM32_ExtMem_Manager/stm32_psram_driver.o
 .debug_aranges
                0x00001730       0xb8 ./Middlewares/STM32_ExtMem_Manager/stm32_sal_xspi.o
 .debug_aranges
                0x000017e8       0x80 ./Middlewares/STM32_ExtMem_Manager/stm32_sfdp_data.o
 .debug_aranges
                0x00001868       0x78 ./Middlewares/STM32_ExtMem_Manager/stm32_sfdp_driver.o

.debug_rnglists
                0x00000000     0x12e1
 .debug_rnglists
                0x00000000       0x14 ./Application/User/Core/extmem_manager.o
 .debug_rnglists
                0x00000014       0x4f ./Application/User/Core/main.o
 .debug_rnglists
                0x00000063       0x33 ./Application/User/Core/stm32n6xx_hal_msp.o
 .debug_rnglists
                0x00000096       0x49 ./Application/User/Core/stm32n6xx_it.o
 .debug_rnglists
                0x000000df       0x19 ./Application/User/Startup/startup_stm32n657x0hxq_fsbl.o
 .debug_rnglists
                0x000000f8       0x21 ./Drivers/CMSIS/system_stm32n6xx_fsbl.o
 .debug_rnglists
                0x00000119      0x2e0 ./Drivers/STM32N6xx_HAL_Driver/stm32n6xx_hal.o
 .debug_rnglists
                0x000003f9      0x115 ./Drivers/STM32N6xx_HAL_Driver/stm32n6xx_hal_cortex.o
 .debug_rnglists
                0x0000050e       0x91 ./Drivers/STM32N6xx_HAL_Driver/stm32n6xx_hal_dma.o
 .debug_rnglists
                0x0000059f       0x80 ./Drivers/STM32N6xx_HAL_Driver/stm32n6xx_hal_gpio.o
 .debug_rnglists
                0x0000061f      0x1c9 ./Drivers/STM32N6xx_HAL_Driver/stm32n6xx_hal_pwr_ex.o
 .debug_rnglists