Archive member included to satisfy reference by file (symbol)

C:/ST/STM32CubeIDE_2.0.0/STM32CubeIDE/plugins/com.st.stm32cube.ide.mcu.externaltools.gnu-tools-for-stm32.13.3.rel1.win32_1.0.100.202509120712/tools/bin/../lib/gcc/arm-none-eabi/13.3.1/../../../../arm-none-eabi/lib/thumb/v8-m.main+dp/hard\libc_nano.a(libc_a-exit.o)
                              C:/ST/STM32CubeIDE_2.0.0/STM32CubeIDE/plugins/com.st.stm32cube.ide.mcu.externaltools.gnu-tools-for-stm32.13.3.rel1.win32_1.0.100.202509120712/tools/bin/../lib/gcc/arm-none-eabi/13.3.1/../../../../arm-none-eabi/lib/thumb/v8-m.main+dp/hard/crt0.o (exit)
C:/ST/STM32CubeIDE_2.0.0/STM32CubeIDE/plugins/com.st.stm32cube.ide.mcu.externaltools.gnu-tools-for-stm32.13.3.rel1.win32_1.0.100.202509120712/tools/bin/../lib/gcc/arm-none-eabi/13.3.1/../../../../arm-none-eabi/lib/thumb/v8-m.main+dp/hard\libc_nano.a(libc_a-findfp.o)
                              C:/ST/STM32CubeIDE_2.0.0/STM32CubeIDE/plugins/com.st.stm32cube.ide.mcu.externaltools.gnu-tools-for-stm32.13.3.rel1.win32_1.0.100.202509120712/tools/bin/../lib/gcc/arm-none-eabi/13.3.1/../../../../arm-none-eabi/lib/thumb/v8-m.main+dp/hard\libc_nano.a(libc_a-exit.o) (__stdio_exit_handler)
C:/ST/STM32CubeIDE_2.0.0/STM32CubeIDE/plugins/com.st.stm32cube.ide.mcu.externaltools.gnu-tools-for-stm32.13.3.rel1.win32_1.0.100.202509120712/tools/bin/../lib/gcc/arm-none-eabi/13.3.1/../../../../arm-none-eabi/lib/thumb/v8-m.main+dp/hard\libc_nano.a(libc_a-fwalk.o)
                              C:/ST/STM32CubeIDE_2.0.0/STM32CubeIDE/plugins/com.st.stm32cube.ide.mcu.externaltools.gnu-tools-for-stm32.13.3.rel1.win32_1.0.100.202509120712/tools/bin/../lib/gcc/arm-none-eabi/13.3.1/../../../../arm-none-eabi/lib/thumb/v8-m.main+dp/hard\libc_nano.a(libc_a-findfp.o) (_fwalk_sglue)
C:/ST/STM32CubeIDE_2.0.0/STM32CubeIDE/plugins/com.st.stm32cube.ide.mcu.externaltools.gnu-tools-for-stm32.13.3.rel1.win32_1.0.100.202509120712/tools/bin/../lib/gcc/arm-none-eabi/13.3.1/../../../../arm-none-eabi/lib/thumb/v8-m.main+dp/hard\libc_nano.a(libc_a-stdio.o)
                              C:/ST/STM32CubeIDE_2.0.0/STM32CubeIDE/plugins/com.st.stm32cube.ide.mcu.externaltools.gnu-tools-for-stm32.13.3.rel1.win32_1.0.100.202509120712/tools/bin/../lib/gcc/arm-none-eabi/13.3.1/../../../../arm-none-eabi/lib/thumb/v8-m.main+dp/hard\libc_nano.a(libc_a-findfp.o) (__sread)
C:/ST/STM32CubeIDE_2.0.0/STM32CubeIDE/plugins/com.st.stm32cube.ide.mcu.externaltools.gnu-tools-for-stm32.13.3.rel1.win32_1.0.100.202509120712/tools/bin/../lib/gcc/arm-none-eabi/13.3.1/../../../../arm-none-eabi/lib/thumb/v8-m.main+dp/hard\libc_nano.a(libc_a-memset.o)
                              C:/ST/STM32CubeIDE_2.0.0/STM32CubeIDE/plugins/com.st.stm32cube.ide.mcu.externaltools.gnu-tools-for-stm32.13.3.rel1.win32_1.0.100.202509120712/tools/bin/../lib/gcc/arm-none-eabi/13.3.1/../../../../arm-none-eabi/lib/thumb/v8-m.main+dp/hard/crt0.o (memset)
C:/ST/STM32CubeIDE_2.0.0/STM32CubeIDE/plugins/com.st.stm32cube.ide.mcu.externaltools.gnu-tools-for-stm32.13.3.rel1.win32_1.0.100.202509120712/tools/bin/../lib/gcc/arm-none-eabi/13.3.1/../../../../arm-none-eabi/lib/thumb/v8-m.main+dp/hard\libc_nano.a(libc_a-closer.o)
                              C:/ST/STM32CubeIDE_2.0.0/STM32CubeIDE/plugins/com.st.stm32cube.ide.mcu.externaltools.gnu-tools-for-stm32.13.3.rel1.win32_1.0.100.202509120712/tools/bin/../lib/gcc/arm-none-eabi/13.3.1/../../../../arm-none-eabi/lib/thumb/v8-m.main+dp/hard\libc_nano.a(libc_a-stdio.o) (_close_r)
C:/ST/STM32CubeIDE_2.0.0/STM32CubeIDE/plugins/com.st.stm32cube.ide.mcu.externaltools.gnu-tools-for-stm32.13.3.rel1.win32_1.0.100.202509120712/tools/bin/../lib/gcc/arm-none-eabi/13.3.1/../../../../arm-none-eabi/lib/thumb/v8-m.main+dp/hard\libc_nano.a(libc_a-reent.o)
                              C:/ST/STM32CubeIDE_2.0.0/STM32CubeIDE/plugins/com.st.stm32cube.ide.mcu.externaltools.gnu-tools-for-stm32.13.3.rel1.win32_1.0.100.202509120712/tools/bin/../lib/gcc/arm-none-eabi/13.3.1/../../../../arm-none-eabi/lib/thumb/v8-m.main+dp/hard\libc_nano.a(libc_a-closer.o) (errno)
C:/ST/STM32CubeIDE_2.0.0/STM32CubeIDE/plugins/com.st.stm32cube.ide.mcu.externaltools.gnu-tools-for-stm32.13.3.rel1.win32_1.0.100.202509120712/tools/bin/../lib/gcc/arm-none-eabi/13.3.1/../../../../arm-none-eabi/lib/thumb/v8-m.main+dp/hard\libc_nano.a(libc_a-impure.o)
                              C:/ST/STM32CubeIDE_2.0.0/STM32CubeIDE/plugins/com.st.stm32cube.ide.mcu.externaltools.gnu-tools-for-stm32.13.3.rel1.win32_1.0.100.202509120712/tools/bin/../lib/gcc/arm-none-eabi/13.3.1/../../../../arm-none-eabi/lib/thumb/v8-m.main+dp/hard\libc_nano.a(libc_a-reent.o) (_impure_ptr)
C:/ST/STM32CubeIDE_2.0.0/STM32CubeIDE/plugins/com.st.stm32cube.ide.mcu.externaltools.gnu-tools-for-stm32.13.3.rel1.win32_1.0.100.202509120712/tools/bin/../lib/gcc/arm-none-eabi/13.3.1/../../../../arm-none-eabi/lib/thumb/v8-m.main+dp/hard\libc_nano.a(libc_a-lseekr.o)
[...]
Memory Configuration

Name             Origin             Length             Attributes
ROM              0x34180400         0x0003fc00         xrw
RAM              0x341c0000         0x00040000         xrw
*default*        0x00000000         0xffffffff

Linker script and memory map

LOAD C:/ST/STM32CubeIDE_2.0.0/STM32CubeIDE/plugins/com.st.stm32cube.ide.mcu.externaltools.gnu-tools-for-stm32.13.3.rel1.win32_1.0.100.202509120712/tools/bin/../lib/gcc/arm-none-eabi/13.3.1/thumb/v8-m.main+dp/hard/crti.o
LOAD C:/ST/STM32CubeIDE_2.0.0/STM32CubeIDE/plugins/com.st.stm32cube.ide.mcu.externaltools.gnu-tools-for-stm32.13.3.rel1.win32_1.0.100.202509120712/tools/bin/../lib/gcc/arm-none-eabi/13.3.1/thumb/v8-m.main+dp/hard/crtbegin.o
LOAD C:/ST/STM32CubeIDE_2.0.0/STM32CubeIDE/plugins/com.st.stm32cube.ide.mcu.externaltools.gnu-tools-for-stm32.13.3.rel1.win32_1.0.100.202509120712/tools/bin/../lib/gcc/arm-none-eabi/13.3.1/../../../../arm-none-eabi/lib/thumb/v8-m.main+dp/hard/crt0.o
LOAD ./Application/User/Core/extmem_manager.o
LOAD ./Application/User/Core/main.o
LOAD ./Application/User/Core/stm32n6xx_hal_msp.o
LOAD ./Application/User/Core/stm32n6xx_it.o
LOAD ./Application/User/Core/syscalls.o
LOAD ./Application/User/Core/sysmem.o
LOAD ./Application/User/Startup/startup_stm32n657x0hxq_fsbl.o
LOAD ./Drivers/CMSIS/system_stm32n6xx_fsbl.o
LOAD ./Drivers/STM32N6xx_HAL_Driver/stm32n6xx_hal.o
LOAD ./Drivers/STM32N6xx_HAL_Driver/stm32n6xx_hal_cortex.o
LOAD ./Drivers/STM32N6xx_HAL_Driver/stm32n6xx_hal_dma.o
LOAD ./Drivers/STM32N6xx_HAL_Driver/stm32n6xx_hal_dma_ex.o
LOAD ./Drivers/STM32N6xx_HAL_Driver/stm32n6xx_hal_exti.o
LOAD ./Drivers/STM32N6xx_HAL_Driver/stm32n6xx_hal_gpio.o
LOAD ./Drivers/STM32N6xx_HAL_Driver/stm32n6xx_hal_pwr.o
LOAD ./Drivers/STM32N6xx_HAL_Driver/stm32n6xx_hal_pwr_ex.o
LOAD ./Drivers/STM32N6xx_HAL_Driver/stm32n6xx_hal_rcc.o
LOAD ./Drivers/STM32N6xx_HAL_Driver/stm32n6xx_hal_rcc_ex.o
LOAD ./Drivers/STM32N6xx_HAL_Driver/stm32n6xx_hal_xspi.o
LOAD ./Middlewares/STM32_ExtMem_Manager/stm32_boot_lrun.o
LOAD ./Middlewares/STM32_ExtMem_Manager/stm32_extmem.o
LOAD ./Middlewares/STM32_ExtMem_Manager/stm32_psram_driver.o
LOAD ./Middlewares/STM32_ExtMem_Manager/stm32_sal_sd.o
LOAD ./Middlewares/STM32_ExtMem_Manager/stm32_sal_xspi.o
LOAD ./Middlewares/STM32_ExtMem_Manager/stm32_sdcard_driver.o
LOAD ./Middlewares/STM32_ExtMem_Manager/stm32_sfdp_data.o
LOAD ./Middlewares/STM32_ExtMem_Manager/stm32_sfdp_driver.o
LOAD ./Middlewares/STM32_ExtMem_Manager/stm32_user_driver.o
START GROUP
LOAD C:/ST/STM32CubeIDE_2.0.0/STM32CubeIDE/plugins/com.st.stm32cube.ide.mcu.externaltools.gnu-tools-for-stm32.13.3.rel1.win32_1.0.100.202509120712/tools/bin/../lib/gcc/arm-none-eabi/13.3.1/../../../../arm-none-eabi/lib/thumb/v8-m.main+dp/hard\libc_nano.a
LOAD C:/ST/STM32CubeIDE_2.0.0/STM32CubeIDE/plugins/com.st.stm32cube.ide.mcu.externaltools.gnu-tools-for-stm32.13.3.rel1.win32_1.0.100.202509120712/tools/bin/../lib/gcc/arm-none-eabi/13.3.1/../../../../arm-none-eabi/lib/thumb/v8-m.main+dp/hard\libm.a
END GROUP
START GROUP
LOAD C:/ST/STM32CubeIDE_2.0.0/STM32CubeIDE/plugins/com.st.stm32cube.ide.mcu.externaltools.gnu-tools-for-stm32.13.3.rel1.win32_1.0.100.202509120712/tools/bin/../lib/gcc/arm-none-eabi/13.3.1/thumb/v8-m.main+dp/hard\libgcc.a
LOAD C:/ST/STM32CubeIDE_2.0.0/STM32CubeIDE/plugins/com.st.stm32cube.ide.mcu.externaltools.gnu-tools-for-stm32.13.3.rel1.win32_1.0.100.202509120712/tools/bin/../lib/gcc/arm-none-eabi/13.3.1/../../../../arm-none-eabi/lib/thumb/v8-m.main+dp/hard\libc_nano.a
END GROUP
START GROUP
LOAD C:/ST/STM32CubeIDE_2.0.0/STM32CubeIDE/plugins/com.st.stm32cube.ide.mcu.externaltools.gnu-tools-for-stm32.13.3.rel1.win32_1.0.100.202509120712/tools/bin/../lib/gcc/arm-none-eabi/13.3.1/thumb/v8-m.main+dp/hard\libgcc.a
LOAD C:/ST/STM32CubeIDE_2.0.0/STM32CubeIDE/plugins/com.st.stm32cube.ide.mcu.externaltools.gnu-tools-for-stm32.13.3.rel1.win32_1.0.100.202509120712/tools/bin/../lib/gcc/arm-none-eabi/13.3.1/../../../../arm-none-eabi/lib/thumb/v8-m.main+dp/hard\libc_nano.a
LOAD C:/ST/STM32CubeIDE_2.0.0/STM32CubeIDE/plugins/com.st.stm32cube.ide.mcu.externaltools.gnu-tools-for-stm32.13.3.rel1.win32_1.0.100.202509120712/tools/bin/../lib/gcc/arm-none-eabi/13.3.1/../../../../arm-none-eabi/lib/thumb/v8-m.main+dp/hard\libnosys.a
END GROUP
START GROUP
LOAD C:/ST/STM32CubeIDE_2.0.0/STM32CubeIDE/plugins/com.st.stm32cube.ide.mcu.externaltools.gnu-tools-for-stm32.13.3.rel1.win32_1.0.100.202509120712/tools/bin/../lib/gcc/arm-none-eabi/13.3.1/thumb/v8-m.main+dp/hard\libgcc.a
LOAD C:/ST/STM32CubeIDE_2.0.0/STM32CubeIDE/plugins/com.st.stm32cube.ide.mcu.externaltools.gnu-tools-for-stm32.13.3.rel1.win32_1.0.100.202509120712/tools/bin/../lib/gcc/arm-none-eabi/13.3.1/../../../../arm-none-eabi/lib/thumb/v8-m.main+dp/hard\libc_nano.a
LOAD C:/ST/STM32CubeIDE_2.0.0/STM32CubeIDE/plugins/com.st.stm32cube.ide.mcu.externaltools.gnu-tools-for-stm32.13.3.rel1.win32_1.0.100.202509120712/tools/bin/../lib/gcc/arm-none-eabi/13.3.1/../../../../arm-none-eabi/lib/thumb/v8-m.main+dp/hard\libnosys.a
END GROUP
LOAD C:/ST/STM32CubeIDE_2.0.0/STM32CubeIDE/plugins/com.st.stm32cube.ide.mcu.externaltools.gnu-tools-for-stm32.13.3.rel1.win32_1.0.100.202509120712/tools/bin/../lib/gcc/arm-none-eabi/13.3.1/thumb/v8-m.main+dp/hard/crtend.o
LOAD C:/ST/STM32CubeIDE_2.0.0/STM32CubeIDE/plugins/com.st.stm32cube.ide.mcu.externaltools.gnu-tools-for-stm32.13.3.rel1.win32_1.0.100.202509120712/tools/bin/../lib/gcc/arm-none-eabi/13.3.1/thumb/v8-m.main+dp/hard/crtn.o
                0x34200000                        _estack = (ORIGIN (RAM) + LENGTH (RAM))
                0x341ff800                        _sstack = (_estack - _Min_Stack_Size)
                0x00000200                        _Min_Heap_Size = 0x200
                0x00000800                        _Min_Stack_Size = 0x800

.isr_vector     0x34180400      0x34c
                0x34180400                        . = ALIGN (0x4)
 *(.isr_vector)
 .isr_vector    0x34180400      0x34c ./Application/User/Startup/startup_stm32n657x0hxq_fsbl.o
                0x34180400                g_pfnVectors
                0x3418074c                        . = ALIGN (0x4)

.text           0x3418074c     0xf780
                0x3418074c                        . = ALIGN (0x4)
 *(.text)
 .text          0x3418074c       0x40 C:/ST/STM32CubeIDE_2.0.0/STM32CubeIDE/plugins/com.st.stm32cube.ide.mcu.externaltools.gnu-tools-for-stm32.13.3.rel1.win32_1.0.100.202509120712/tools/bin/../lib/gcc/arm-none-eabi/13.3.1/thumb/v8-m.main+dp/hard/crtbegin.o
 *(.text*)
 .text.MX_EXTMEM_MANAGER_Init
                0x3418078c       0xf4 ./Application/User/Core/extmem_manager.o
                0x3418078c                MX_EXTMEM_MANAGER_Init
 .text.LL_AHB4_GRP1_EnableClock
                0x34180880       0x2c ./Application/User/Core/main.o
 .text.main     0x341808ac      0x100 ./Application/User/Core/main.o
                0x341808ac                main
 .text.SystemClock_Config
                0x341809ac      0x1da ./Application/User/Core/main.o
                0x341809ac                SystemClock_Config
 *fill*         0x34180b86        0x2 
 .text.MX_XSPI1_Init
                0x34180b88       0xb8 ./Application/User/Core/main.o
 .text.MX_XSPI2_Init
                0x34180c40       0xb8 ./Application/User/Core/main.o
 .text.MX_GPIO_Init
                0x34180cf8      0x2c0 ./Application/User/Core/main.o
 .text.MPU_Config
                0x34180fb8       0xb0 ./Application/User/Core/main.o
 .text.Error_Handler
                0x34181068        0xc ./Application/User/Core/main.o
                0x34181068                Error_Handler
 .text.LL_AHB4_GRP1_EnableClock
                0x34181074       0x2c ./Application/User/Core/stm32n6xx_hal_msp.o
 .text.LL_AHB5_GRP1_EnableClock
                0x341810a0       0x2c ./Application/User/Core/stm32n6xx_hal_msp.o
 .text.HAL_MspInit
                0x341810cc       0x18 ./Application/User/Core/stm32n6xx_hal_msp.o
                0x341810cc                HAL_MspInit
 .text.HAL_XSPI_MspInit
                0x341810e4      0x204 ./Application/User/Core/stm32n6xx_hal_msp.o
                0x341810e4                HAL_XSPI_MspInit
 .text.NMI_Handler
                0x341812e8        0x8 ./Application/User/Core/stm32n6xx_it.o
                0x341812e8                NMI_Handler
 .text.HardFault_Handler
                0x341812f0        0x8 ./Application/User/Core/stm32n6xx_it.o
                0x341812f0                HardFault_Handler
 .text.MemManage_Handler
                0x341812f8        0x8 ./Application/User/Core/stm32n6xx_it.o
                0x341812f8                MemManage_Handler
 .text.BusFault_Handler
                0x34181300        0x8 ./Application/User/Core/stm32n6xx_it.o
                0x34181300                BusFault_Handler
 .text.UsageFault_Handler
                0x34181308        0x8 ./Application/User/Core/stm32n6xx_it.o
                0x34181308                UsageFault_Handler
 .text.SecureFault_Handler
                0x34181310        0x8 ./Application/User/Core/stm32n6xx_it.o
                0x34181310                SecureFault_Handler
 .text.SVC_Handler
                0x34181318        0xe ./Application/User/Core/stm32n6xx_it.o
                0x34181318                SVC_Handler
 .text.DebugMon_Handler
                0x34181326        0xe ./Application/User/Core/stm32n6xx_it.o
                0x34181326                DebugMon_Handler
 .text.PendSV_Handler
                0x34181334        0xe ./Application/User/Core/stm32n6xx_it.o
                0x34181334                PendSV_Handler
 .text.SysTick_Handler
                0x34181342        0xc ./Application/User/Core/stm32n6xx_it.o
                0x34181342                SysTick_Handler
 *fill*         0x3418134e        0x2 
 .text.Reset_Handler
                0x34181350       0x5c ./Application/User/Startup/startup_stm32n657x0hxq_fsbl.o
                0x34181350                Reset_Handler
 .text.Default_Handler
                0x341813ac        0x2 ./Application/User/Startup/startup_stm32n657x0hxq_fsbl.o
                0x341813ac                HPDMA1_Channel13_IRQHandler
                0x341813ac                EXTI2_IRQHandler
                0x341813ac                MCE2_IRQHandler
                0x341813ac                TIM8_CC_IRQHandler
                0x341813ac                USB2_OTG_HS_IRQHandler
                0x341813ac                SAI1_A_IRQHandler
                0x341813ac                EXTI5_IRQHandler
                0x341813ac                I3C1_ER_IRQHandler
                0x341813ac                UART8_IRQHandler
                0x341813ac                CTI_INT0_IRQHandler
                0x341813ac                SPI4_IRQHandler
                0x341813ac                LTDC_LO_IRQHandler
                0x341813ac                NPU2_IRQHandler
                0x341813ac                FDCAN3_IT0_IRQHandler
                0x341813ac                EXTI13_IRQHandler
                0x341813ac                TIM1_CC_IRQHandler
                0x341813ac                XSPI1_IRQHandler
                0x341813ac                TIM10_IRQHandler
                0x341813ac                JPEG_IRQHandler
                0x341813ac                TAMP_IRQHandler
                0x341813ac                CACHE_ECC_IRQHandler
                0x341813ac                TIM6_IRQHandler
                0x341813ac                CSI_IRQHandler
                0x341813ac                EXTI12_IRQHandler
                0x341813ac                GFXTIM_IRQHandler
                0x341813ac                EXTI3_IRQHandler
                0x341813ac                LPTIM4_IRQHandler
                0x341813ac                GPDMA1_Channel5_IRQHandler
                0x341813ac                EXTI8_IRQHandler
                0x341813ac                LPTIM2_IRQHandler
                0x341813ac                GFXMMU_IRQHandler
                0x341813ac                LTDC_LO_ERR_IRQHandler
                0x341813ac                I2C3_ER_IRQHandler
                0x341813ac                RIFSC_TAMPER_IRQHandler
                0x341813ac                USART10_IRQHandler
                0x341813ac                MDF1_FLT2_IRQHandler
                0x341813ac                LPTIM3_IRQHandler
                0x341813ac                SAI2_A_IRQHandler
                0x341813ac                EXTI0_IRQHandler
                0x341813ac                HPDMA1_Channel9_IRQHandler
                0x341813ac                I2C2_EV_IRQHandler
                0x341813ac                GPU2D_IRQHandler
                0x341813ac                FPU_IRQHandler
                0x341813ac                GPDMA1_Channel3_IRQHandler
                0x341813ac                GPDMA1_Channel7_IRQHandler
                0x341813ac                MDF1_FLT4_IRQHandler
                0x341813ac                FDCAN1_IT1_IRQHandler
                0x341813ac                HPDMA1_Channel3_IRQHandler
                0x341813ac                ADC1_2_IRQHandler
                0x341813ac                GPDMA1_Channel9_IRQHandler
                0x341813ac                SPI1_IRQHandler
                0x341813ac                CACHEAXI_IRQHandler
                0x341813ac                SAI1_B_IRQHandler
                0x341813ac                GPDMA1_Channel2_IRQHandler
                0x341813ac                PAHB_ERR_IRQHandler
                0x341813ac                TIM8_UP_IRQHandler
                0x341813ac                RCC_S_IRQHandler
                0x341813ac                MDF1_FLT1_IRQHandler
                0x341813ac                LTDC_UP_IRQHandler
                0x341813ac                LOCKUP_IRQHandler
                0x341813ac                PKA_IRQHandler
                0x341813ac                USART6_IRQHandler
                0x341813ac                HPDMA1_Channel2_IRQHandler
                0x341813ac                MDF1_FLT5_IRQHandler
                0x341813ac                MCE4_IRQHandler
                0x341813ac                I3C2_ER_IRQHandler
                0x341813ac                EXTI15_IRQHandler
                0x341813ac                TIM17_IRQHandler
                0x341813ac                USART3_IRQHandler
                0x341813ac                HPDMA1_Channel6_IRQHandler
                0x341813ac                CRYP_IRQHandler
                0x341813ac                RTC_IRQHandler
                0x341813ac                XSPI2_IRQHandler
                0x341813ac                EXTI9_IRQHandler
                0x341813ac                IAC_IRQHandler
                0x341813ac                HPDMA1_Channel0_IRQHandler
                0x341813ac                LPTIM5_IRQHandler
                0x341813ac                HPDMA1_Channel1_IRQHandler
                0x341813ac                UART5_IRQHandler
                0x341813ac                TIM4_IRQHandler
                0x341813ac                NPU3_IRQHandler
                0x341813ac                I3C2_EV_IRQHandler
                0x341813ac                I2C1_EV_IRQHandler
                0x341813ac                FDCAN_CU_IRQHandler
                0x341813ac                GPDMA1_Channel12_IRQHandler
                0x341813ac                HPDMA1_Channel7_IRQHandler
                0x341813ac                GPDMA1_Channel1_IRQHandler
                0x341813ac                TIM16_IRQHandler
                0x341813ac                GPDMA1_Channel15_IRQHandler
                0x341813ac                UART4_IRQHandler
                0x341813ac                TCM_ECC_IRQHandler
                0x341813ac                TIM3_IRQHandler
                0x341813ac                RCC_IRQHandler
                0x341813ac                UART9_IRQHandler
                0x341813ac                NPU1_IRQHandler
                0x341813ac                SAI2_B_IRQHandler
                0x341813ac                Default_Handler
                0x341813ac                GPDMA1_Channel8_IRQHandler
                0x341813ac                HPDMA1_Channel8_IRQHandler
                0x341813ac                TIM18_IRQHandler
                0x341813ac                TIM14_IRQHandler
                0x341813ac                TIM13_IRQHandler
                0x341813ac                CTI_INT1_IRQHandler
                0x341813ac                GPDMA1_Channel11_IRQHandler
                0x341813ac                GPU2D_ER_IRQHandler
                0x341813ac                SPI5_IRQHandler
                0x341813ac                TIM12_IRQHandler
                0x341813ac                TIM7_IRQHandler
                0x341813ac                FDCAN3_IT1_IRQHandler
                0x341813ac                HPDMA1_Channel10_IRQHandler
                0x341813ac                SDMMC1_IRQHandler
                0x341813ac                SAES_IRQHandler
                0x341813ac                TIM5_IRQHandler
                0x341813ac                UCPD1_IRQHandler
                0x341813ac                GPDMA1_Channel0_IRQHandler
                0x341813ac                I3C1_EV_IRQHandler
                0x341813ac                HPDMA1_Channel5_IRQHandler
                0x341813ac                TIM15_IRQHandler
                0x341813ac                I2C3_EV_IRQHandler
                0x341813ac                HPDMA1_Channel4_IRQHandler
                0x341813ac                HPDMA1_Channel15_IRQHandler
                0x341813ac                TIM9_IRQHandler
                0x341813ac                ETH1_IRQHandler
                0x341813ac                USB1_OTG_HS_IRQHandler
                0x341813ac                PVD_PVM_IRQHandler
                0x341813ac                SPI2_IRQHandler
                0x341813ac                TIM1_TRG_CCU_IRQHandler
                0x341813ac                HPDMA1_Channel11_IRQHandler
                0x341813ac                EXTI14_IRQHandler
                0x341813ac                EXTI11_IRQHandler
                0x341813ac                VENC_IRQHandler
                0x341813ac                GPDMA1_Channel14_IRQHandler
                0x341813ac                EXTI4_IRQHandler
                0x341813ac                RTC_S_IRQHandler
                0x341813ac                GPDMA1_Channel13_IRQHandler
                0x341813ac                RNG_IRQHandler
                0x341813ac                XSPI3_IRQHandler
                0x341813ac                FDCAN2_IT1_IRQHandler
                0x341813ac                TIM1_UP_IRQHandler
                0x341813ac                NPU0_IRQHandler
                0x341813ac                BCK_ECC_IRQHandler
                0x341813ac                WWDG_IRQHandler
                0x341813ac                SPI6_IRQHandler
                0x341813ac                MDIOS_IRQHandler
                0x341813ac                I2C4_EV_IRQHandler
                0x341813ac                FDCAN2_IT0_IRQHandler
                0x341813ac                IWDG_IRQHandler
                0x341813ac                HPDMA1_Channel14_IRQHandler
                0x341813ac                LPUART1_IRQHandler
                0x341813ac                FDCAN1_IT0_IRQHandler
                0x341813ac                MDF1_FLT0_IRQHandler
                0x341813ac                TIM2_IRQHandler
                0x341813ac                MCE3_IRQHandler
                0x341813ac                GPDMA1_Channel4_IRQHandler
                0x341813ac                EXTI7_IRQHandler
                0x341813ac                DMA2D_IRQHandler
                0x341813ac                TIM1_BRK_IRQHandler
                0x341813ac                EXTI1_IRQHandler
                0x341813ac                SDMMC2_IRQHandler
                0x341813ac                TIM11_IRQHandler
                0x341813ac                LTDC_UP_ERR_IRQHandler
                0x341813ac                UART7_IRQHandler
                0x341813ac                DTS_IRQHandler
                0x341813ac                MDF1_FLT3_IRQHandler
                0x341813ac                USART2_IRQHandler
                0x341813ac                GPDMA1_Channel6_IRQHandler
                0x341813ac                ADF1_FLT0_IRQHandler
                0x341813ac                I2C2_ER_IRQHandler
                0x341813ac                MCE1_IRQHandler
                0x341813ac                SPDIFRX_IRQHandler
                0x341813ac                TIM8_BRK_IRQHandler
                0x341813ac                HPDMA1_Channel12_IRQHandler
                0x341813ac                USART1_IRQHandler
                0x341813ac                EXTI10_IRQHandler
                0x341813ac                SPI3_IRQHandler
                0x341813ac                WAKEUP_PIN_IRQHandler
                0x341813ac                DCMIPP_IRQHandler
                0x341813ac                I2C1_ER_IRQHandler
                0x341813ac                FMC_IRQHandler
                0x341813ac                EXTI6_IRQHandler
                0x341813ac                LPTIM1_IRQHandler
                0x341813ac                DCMI_PSSI_IRQHandler
                0x341813ac                TIM8_TRG_CCU_IRQHandler
                0x341813ac                I2C4_ER_IRQHandler
                0x341813ac                GPDMA1_Channel10_IRQHandler
                0x341813ac                ICACHE_IRQHandler
                0x341813ac                HASH_IRQHandler
 *fill*         0x341813ae        0x2 
 .text.SystemInit
                0x341813b0      0x218 ./Drivers/CMSIS/system_stm32n6xx_fsbl.o
                0x341813b0                SystemInit
 .text.SystemCoreClockUpdate
                0x341815c8      0x350 ./Drivers/CMSIS/system_stm32n6xx_fsbl.o
                0x341815c8                SystemCoreClockUpdate
 .text.SECURE_SystemCoreClockUpdate
                0x34181918       0x2c ./Drivers/CMSIS/system_stm32n6xx_fsbl.o
                0x34181918                __acle_se_SECURE_SystemCoreClockUpdate
 .text.HAL_Init
                0x34181944       0x28 ./Drivers/STM32N6xx_HAL_Driver/stm32n6xx_hal.o
                0x34181944                HAL_Init
 .text.HAL_InitTick
                0x3418196c       0x6c ./Drivers/STM32N6xx_HAL_Driver/stm32n6xx_hal.o
                0x3418196c                HAL_InitTick
 .text.HAL_IncTick
                0x341819d8       0x28 ./Drivers/STM32N6xx_HAL_Driver/stm32n6xx_hal.o
                0x341819d8                HAL_IncTick
 .text.HAL_GetTick
                0x34181a00       0x18 ./Drivers/STM32N6xx_HAL_Driver/stm32n6xx_hal.o
                0x34181a00                HAL_GetTick
 .text.HAL_Delay
                0x34181a18       0x48 ./Drivers/STM32N6xx_HAL_Driver/stm32n6xx_hal.o
                0x34181a18                HAL_Delay
 .text.HAL_SuspendTick
                0x34181a60       0x20 ./Drivers/STM32N6xx_HAL_Driver/stm32n6xx_hal.o
                0x34181a60                HAL_SuspendTick
 .text.__NVIC_SetPriorityGrouping
                0x34181a80       0x48 ./Drivers/STM32N6xx_HAL_Driver/stm32n6xx_hal_cortex.o
 .text.__NVIC_GetPriorityGrouping
                0x34181ac8       0x1c ./Drivers/STM32N6xx_HAL_Driver/stm32n6xx_hal_cortex.o
 .text.__NVIC_SetPriority
                0x34181ae4       0x54 ./Drivers/STM32N6xx_HAL_Driver/stm32n6xx_hal_cortex.o
 .text.NVIC_EncodePriority
                0x34181b38       0x66 ./Drivers/STM32N6xx_HAL_Driver/stm32n6xx_hal_cortex.o
 *fill*         0x34181b9e        0x2 
 .text.SysTick_Config
                0x34181ba0       0x44 ./Drivers/STM32N6xx_HAL_Driver/stm32n6xx_hal_cortex.o
 .text.HAL_NVIC_SetPriorityGrouping
                0x34181be4       0x16 ./Drivers/STM32N6xx_HAL_Driver/stm32n6xx_hal_cortex.o
                0x34181be4                HAL_NVIC_SetPriorityGrouping
 .text.HAL_NVIC_SetPriority
                0x34181bfa       0x3a ./Drivers/STM32N6xx_HAL_Driver/stm32n6xx_hal_cortex.o
                0x34181bfa                HAL_NVIC_SetPriority
 .text.HAL_SYSTICK_Config
                0x34181c34       0x18 ./Drivers/STM32N6xx_HAL_Driver/stm32n6xx_hal_cortex.o
                0x34181c34                HAL_SYSTICK_Config
 .text.HAL_MPU_Enable
                0x34181c4c       0x44 ./Drivers/STM32N6xx_HAL_Driver/stm32n6xx_hal_cortex.o
                0x34181c4c                HAL_MPU_Enable
 .text.HAL_MPU_Disable
                0x34181c90       0x40 ./Drivers/STM32N6xx_HAL_Driver/stm32n6xx_hal_cortex.o
                0x34181c90                HAL_MPU_Disable
 .text.HAL_MPU_ConfigRegion
                0x34181cd0       0x1c ./Drivers/STM32N6xx_HAL_Driver/stm32n6xx_hal_cortex.o
                0x34181cd0                HAL_MPU_ConfigRegion
 .text.HAL_MPU_ConfigMemoryAttributes
                0x34181cec       0x1c ./Drivers/STM32N6xx_HAL_Driver/stm32n6xx_hal_cortex.o
                0x34181cec                HAL_MPU_ConfigMemoryAttributes
 .text.MPU_ConfigRegion
                0x34181d08       0x70 ./Drivers/STM32N6xx_HAL_Driver/stm32n6xx_hal_cortex.o
 .text.MPU_ConfigMemoryAttributes
                0x34181d78       0x66 ./Drivers/STM32N6xx_HAL_Driver/stm32n6xx_hal_cortex.o
 .text.HAL_DMA_Abort
                0x34181dde       0xf8 ./Drivers/STM32N6xx_HAL_Driver/stm32n6xx_hal_dma.o
                0x34181dde                HAL_DMA_Abort
 *fill*         0x34181ed6        0x2 
 .text.HAL_GPIO_Init
                0x34181ed8      0x364 ./Drivers/STM32N6xx_HAL_Driver/stm32n6xx_hal_gpio.o
                0x34181ed8                HAL_GPIO_Init
 .text.HAL_PWREx_ConfigSupply
                0x3418223c       0x50 ./Drivers/STM32N6xx_HAL_Driver/stm32n6xx_hal_pwr_ex.o
                0x3418223c                HAL_PWREx_ConfigSupply
 .text.HAL_PWREx_ControlVoltageScaling
                0x3418228c       0x50 ./Drivers/STM32N6xx_HAL_Driver/stm32n6xx_hal_pwr_ex.o
                0x3418228c                HAL_PWREx_ControlVoltageScaling
 .text.HAL_PWREx_EnableVddIO2
                0x341822dc       0x20 ./Drivers/STM32N6xx_HAL_Driver/stm32n6xx_hal_pwr_ex.o
                0x341822dc                HAL_PWREx_EnableVddIO2
 .text.HAL_PWREx_EnableVddIO3
                0x341822fc       0x20 ./Drivers/STM32N6xx_HAL_Driver/stm32n6xx_hal_pwr_ex.o
                0x341822fc                HAL_PWREx_EnableVddIO3
 .text.HAL_PWREx_EnableVddIO4
                0x3418231c       0x20 ./Drivers/STM32N6xx_HAL_Driver/stm32n6xx_hal_pwr_ex.o
                0x3418231c                HAL_PWREx_EnableVddIO4
 .text.HAL_PWREx_EnableVddIO5
                0x3418233c       0x20 ./Drivers/STM32N6xx_HAL_Driver/stm32n6xx_hal_pwr_ex.o
                0x3418233c                HAL_PWREx_EnableVddIO5
 .text.LL_AHB4_GRP1_EnableClock
                0x3418235c       0x2c ./Drivers/STM32N6xx_HAL_Driver/stm32n6xx_hal_rcc.o
 .text.LL_RCC_HSE_IsReady
                0x34182388       0x24 ./Drivers/STM32N6xx_HAL_Driver/stm32n6xx_hal_rcc.o
 .text.LL_RCC_HSI_Enable
                0x341823ac       0x1c ./Drivers/STM32N6xx_HAL_Driver/stm32n6xx_hal_rcc.o
 .text.LL_RCC_HSI_Disable
                0x341823c8       0x20 ./Drivers/STM32N6xx_HAL_Driver/stm32n6xx_hal_rcc.o
 .text.LL_RCC_HSI_IsReady
                0x341823e8       0x24 ./Drivers/STM32N6xx_HAL_Driver/stm32n6xx_hal_rcc.o
 .text.LL_RCC_HSI_SetDivider
                0x3418240c       0x28 ./Drivers/STM32N6xx_HAL_Driver/stm32n6xx_hal_rcc.o
 .text.LL_RCC_HSI_GetDivider
                0x34182434       0x1c ./Drivers/STM32N6xx_HAL_Driver/stm32n6xx_hal_rcc.o
 .text.LL_RCC_HSI_SetCalibTrimming
                0x34182450       0x2c ./Drivers/STM32N6xx_HAL_Driver/stm32n6xx_hal_rcc.o
 .text.LL_RCC_MSI_Enable
                0x3418247c       0x1c ./Drivers/STM32N6xx_HAL_Driver/stm32n6xx_hal_rcc.o
 .text.LL_RCC_MSI_Disable
                0x34182498       0x20 ./Drivers/STM32N6xx_HAL_Driver/stm32n6xx_hal_rcc.o
 .text.LL_RCC_MSI_IsReady
                0x341824b8       0x24 ./Drivers/STM32N6xx_HAL_Driver/stm32n6xx_hal_rcc.o
 .text.LL_RCC_MSI_SetFrequency
                0x341824dc       0x28 ./Drivers/STM32N6xx_HAL_Driver/stm32n6xx_hal_rcc.o
 .text.LL_RCC_MSI_SetCalibTrimming
                0x34182504       0x2c ./Drivers/STM32N6xx_HAL_Driver/stm32n6xx_hal_rcc.o
 .text.LL_RCC_LSE_IsReady
                0x34182530       0x24 ./Drivers/STM32N6xx_HAL_Driver/stm32n6xx_hal_rcc.o
 .text.LL_RCC_LSI_Enable
                0x34182554       0x1c ./Drivers/STM32N6xx_HAL_Driver/stm32n6xx_hal_rcc.o
 .text.LL_RCC_LSI_Disable
                0x34182570       0x20 ./Drivers/STM32N6xx_HAL_Driver/stm32n6xx_hal_rcc.o
 .text.LL_RCC_LSI_IsReady
                0x34182590       0x1c ./Drivers/STM32N6xx_HAL_Driver/stm32n6xx_hal_rcc.o
 .text.LL_RCC_GetCpuClkSource
                0x341825ac       0x1c ./Drivers/STM32N6xx_HAL_Driver/stm32n6xx_hal_rcc.o
 .text.LL_RCC_GetSysClkSource
                0x341825c8       0x1c ./Drivers/STM32N6xx_HAL_Driver/stm32n6xx_hal_rcc.o
 .text.LL_RCC_EnableMCO
                0x341825e4       0x20 ./Drivers/STM32N6xx_HAL_Driver/stm32n6xx_hal_rcc.o
 .text.LL_RCC_ConfigMCO
                0x34182604       0x48 ./Drivers/STM32N6xx_HAL_Driver/stm32n6xx_hal_rcc.o
 .text.LL_RCC_PLL1_GetSource
                0x3418264c       0x1c ./Drivers/STM32N6xx_HAL_Driver/stm32n6xx_hal_rcc.o
 .text.LL_RCC_PLL1_IsReady
                0x34182668       0x28 ./Drivers/STM32N6xx_HAL_Driver/stm32n6xx_hal_rcc.o
 .text.LL_RCC_PLL1_IsEnabledBypass
                0x34182690       0x28 ./Drivers/STM32N6xx_HAL_Driver/stm32n6xx_hal_rcc.o
 .text.LL_RCC_PLL2_GetSource
                0x341826b8       0x1c ./Drivers/STM32N6xx_HAL_Driver/stm32n6xx_hal_rcc.o
 .text.LL_RCC_PLL2_IsReady
                0x341826d4       0x28 ./Drivers/STM32N6xx_HAL_Driver/stm32n6xx_hal_rcc.o
 .text.LL_RCC_PLL2_IsEnabledBypass
                0x341826fc       0x28 ./Drivers/STM32N6xx_HAL_Driver/stm32n6xx_hal_rcc.o
 .text.LL_RCC_PLL3_GetSource
                0x34182724       0x1c ./Drivers/STM32N6xx_HAL_Driver/stm32n6xx_hal_rcc.o
 .text.LL_RCC_PLL3_IsReady
                0x34182740       0x28 ./Drivers/STM32N6xx_HAL_Driver/stm32n6xx_hal_rcc.o
 .text.LL_RCC_PLL3_IsEnabledBypass
                0x34182768       0x28 ./Drivers/STM32N6xx_HAL_Driver/stm32n6xx_hal_rcc.o
 .text.LL_RCC_PLL4_GetSource
                0x34182790       0x1c ./Drivers/STM32N6xx_HAL_Driver/stm32n6xx_hal_rcc.o
 .text.LL_RCC_PLL4_IsReady
                0x341827ac       0x28 ./Drivers/STM32N6xx_HAL_Driver/stm32n6xx_hal_rcc.o
 .text.LL_RCC_PLL4_IsEnabledBypass
                0x341827d4       0x28 ./Drivers/STM32N6xx_HAL_Driver/stm32n6xx_hal_rcc.o
 .text.LL_RCC_IC1_Enable
                0x341827fc       0x1c ./Drivers/STM32N6xx_HAL_Driver/stm32n6xx_hal_rcc.o
 .text.LL_RCC_IC1_GetSource
                0x34182818       0x1c ./Drivers/STM32N6xx_HAL_Driver/stm32n6xx_hal_rcc.o
 .text.LL_RCC_IC1_GetDivider
                0x34182834       0x20 ./Drivers/STM32N6xx_HAL_Driver/stm32n6xx_hal_rcc.o
 .text.LL_RCC_IC2_GetSource
                0x34182854       0x1c ./Drivers/STM32N6xx_HAL_Driver/stm32n6xx_hal_rcc.o
 .text.LL_RCC_IC2_GetDivider
                0x34182870       0x20 ./Drivers/STM32N6xx_HAL_Driver/stm32n6xx_hal_rcc.o
 .text.LL_RCC_IC5_Enable
                0x34182890       0x1c ./Drivers/STM32N6xx_HAL_Driver/stm32n6xx_hal_rcc.o
 .text.LL_RCC_IC6_GetSource
                0x341828ac       0x1c ./Drivers/STM32N6xx_HAL_Driver/stm32n6xx_hal_rcc.o
 .text.LL_RCC_IC10_Enable
                0x341828c8       0x1c ./Drivers/STM32N6xx_HAL_Driver/stm32n6xx_hal_rcc.o
 .text.LL_RCC_IC11_GetSource
                0x341828e4       0x1c ./Drivers/STM32N6xx_HAL_Driver/stm32n6xx_hal_rcc.o
 .text.LL_RCC_IC15_Enable
                0x34182900       0x1c ./Drivers/STM32N6xx_HAL_Driver/stm32n6xx_hal_rcc.o
 .text.LL_RCC_IC20_Enable
                0x3418291c       0x1c ./Drivers/STM32N6xx_HAL_Driver/stm32n6xx_hal_rcc.o
 .text.HAL_RCC_OscConfig
                0x34182938      0x7c0 ./Drivers/STM32N6xx_HAL_Driver/stm32n6xx_hal_rcc.o
                0x34182938                HAL_RCC_OscConfig
 .text.HAL_RCC_ClockConfig
                0x341830f8      0x408 ./Drivers/STM32N6xx_HAL_Driver/stm32n6xx_hal_rcc.o
                0x341830f8                HAL_RCC_ClockConfig
 .text.HAL_RCC_MCOConfig
                0x34183500       0xe0 ./Drivers/STM32N6xx_HAL_Driver/stm32n6xx_hal_rcc.o
                0x34183500                HAL_RCC_MCOConfig
 .text.HAL_RCC_GetCpuClockFreq
                0x341835e0      0x100 ./Drivers/STM32N6xx_HAL_Driver/stm32n6xx_hal_rcc.o
                0x341835e0                HAL_RCC_GetCpuClockFreq
 .text.HAL_RCC_GetSysClockFreq
                0x341836e0       0x1e ./Drivers/STM32N6xx_HAL_Driver/stm32n6xx_hal_rcc.o
                0x341836e0                HAL_RCC_GetSysClockFreq
 *fill*         0x341836fe        0x2 
 .text.HAL_RCC_GetClockConfig
                0x34183700       0xec ./Drivers/STM32N6xx_HAL_Driver/stm32n6xx_hal_rcc.o
                0x34183700                HAL_RCC_GetClockConfig
 .text.RCC_GetSysClockFreq
                0x341837ec      0x104 ./Drivers/STM32N6xx_HAL_Driver/stm32n6xx_hal_rcc.o
 .text.RCC_PLL_Config
                0x341838f0      0x260 ./Drivers/STM32N6xx_HAL_Driver/stm32n6xx_hal_rcc.o
 .text.RCC_PLL_Enable
                0x34183b50       0x58 ./Drivers/STM32N6xx_HAL_Driver/stm32n6xx_hal_rcc.o
 .text.RCC_PLL_IsNewConfig
                0x34183ba8       0xf4 ./Drivers/STM32N6xx_HAL_Driver/stm32n6xx_hal_rcc.o
 .text.RCC_PLL_Source_IsReady
                0x34183c9c       0x74 ./Drivers/STM32N6xx_HAL_Driver/stm32n6xx_hal_rcc.o
 .text.RCC_IC_CheckPLLSources
                0x34183d10      0x170 ./Drivers/STM32N6xx_HAL_Driver/stm32n6xx_hal_rcc.o
 .text.LL_RCC_HSE_SelectHSEAsDiv2Clock
                0x34183e80       0x20 ./Drivers/STM32N6xx_HAL_Driver/stm32n6xx_hal_rcc_ex.o
 .text.LL_RCC_HSE_SelectHSEDiv2AsDiv2Clock
                0x34183ea0       0x20 ./Drivers/STM32N6xx_HAL_Driver/stm32n6xx_hal_rcc_ex.o
 .text.LL_RCC_HSE_IsSelectedHSEDiv2AsDiv2Clock
                0x34183ec0       0x24 ./Drivers/STM32N6xx_HAL_Driver/stm32n6xx_hal_rcc_ex.o
 .text.LL_RCC_HSE_IsReady
                0x34183ee4       0x24 ./Drivers/STM32N6xx_HAL_Driver/stm32n6xx_hal_rcc_ex.o
 .text.LL_RCC_HSI_IsReady
                0x34183f08       0x24 ./Drivers/STM32N6xx_HAL_Driver/stm32n6xx_hal_rcc_ex.o
 .text.LL_RCC_HSI_GetDivider
                0x34183f2c       0x1c ./Drivers/STM32N6xx_HAL_Driver/stm32n6xx_hal_rcc_ex.o
 .text.LL_RCC_MSI_IsReady
                0x34183f48       0x24 ./Drivers/STM32N6xx_HAL_Driver/stm32n6xx_hal_rcc_ex.o
 .text.LL_RCC_MSI_GetFrequency
                0x34183f6c       0x1c ./Drivers/STM32N6xx_HAL_Driver/stm32n6xx_hal_rcc_ex.o
 .text.LL_RCC_LSE_IsReady
                0x34183f88       0x24 ./Drivers/STM32N6xx_HAL_Driver/stm32n6xx_hal_rcc_ex.o
 .text.LL_RCC_LSI_IsReady
                0x34183fac       0x1c ./Drivers/STM32N6xx_HAL_Driver/stm32n6xx_hal_rcc_ex.o
 .text.LL_RCC_GetAHBPrescaler
                0x34183fc8       0x1c ./Drivers/STM32N6xx_HAL_Driver/stm32n6xx_hal_rcc_ex.o
 .text.LL_RCC_GetAPB1Prescaler
                0x34183fe4       0x1c ./Drivers/STM32N6xx_HAL_Driver/stm32n6xx_hal_rcc_ex.o
 .text.LL_RCC_GetAPB2Prescaler
                0x34184000       0x1c ./Drivers/STM32N6xx_HAL_Driver/stm32n6xx_hal_rcc_ex.o
 .text.LL_RCC_GetAPB4Prescaler
                0x3418401c       0x1c ./Drivers/STM32N6xx_HAL_Driver/stm32n6xx_hal_rcc_ex.o
 .text.LL_RCC_GetAPB5Prescaler
                0x34184038       0x1c ./Drivers/STM32N6xx_HAL_Driver/stm32n6xx_hal_rcc_ex.o
 .text.LL_RCC_SetClockSource
                0x34184054       0x54 ./Drivers/STM32N6xx_HAL_Driver/stm32n6xx_hal_rcc_ex.o
 .text.LL_RCC_GetADCPrescaler
                0x341840a8       0x1c ./Drivers/STM32N6xx_HAL_Driver/stm32n6xx_hal_rcc_ex.o
 .text.LL_RCC_SetADFClockSource
                0x341840c4       0x2c ./Drivers/STM32N6xx_HAL_Driver/stm32n6xx_hal_rcc_ex.o
 .text.LL_RCC_SetCLKPClockSource
                0x341840f0       0x2c ./Drivers/STM32N6xx_HAL_Driver/stm32n6xx_hal_rcc_ex.o
 .text.LL_RCC_SetDCMIPPClockSource
                0x3418411c       0x2c ./Drivers/STM32N6xx_HAL_Driver/stm32n6xx_hal_rcc_ex.o
 .text.LL_RCC_SetETHClockSource
                0x34184148       0x2c ./Drivers/STM32N6xx_HAL_Driver/stm32n6xx_hal_rcc_ex.o
 .text.LL_RCC_SetETHPHYInterface
                0x34184174       0x2c ./Drivers/STM32N6xx_HAL_Driver/stm32n6xx_hal_rcc_ex.o
 .text.LL_RCC_GetETH1PTPDivider
                0x341841a0       0x1c ./Drivers/STM32N6xx_HAL_Driver/stm32n6xx_hal_rcc_ex.o
 .text.LL_RCC_SetETHREFRXClockSource
                0x341841bc       0x2c ./Drivers/STM32N6xx_HAL_Driver/stm32n6xx_hal_rcc_ex.o
 .text.LL_RCC_SetETHREFTXClockSource
                0x341841e8       0x2c ./Drivers/STM32N6xx_HAL_Driver/stm32n6xx_hal_rcc_ex.o
 .text.LL_RCC_SetFDCANClockSource
                0x34184214       0x2c ./Drivers/STM32N6xx_HAL_Driver/stm32n6xx_hal_rcc_ex.o
 .text.LL_RCC_SetFMCClockSource
                0x34184240       0x2c ./Drivers/STM32N6xx_HAL_Driver/stm32n6xx_hal_rcc_ex.o
 .text.LL_RCC_SetI2CClockSource
                0x3418426c       0x16 ./Drivers/STM32N6xx_HAL_Driver/stm32n6xx_hal_rcc_ex.o
 .text.LL_RCC_SetI3CClockSource
                0x34184282       0x16 ./Drivers/STM32N6xx_HAL_Driver/stm32n6xx_hal_rcc_ex.o
 .text.LL_RCC_SetLPTIMClockSource
                0x34184298       0x16 ./Drivers/STM32N6xx_HAL_Driver/stm32n6xx_hal_rcc_ex.o
 *fill*         0x341842ae        0x2 
 .text.LL_RCC_SetLPUARTClockSource
                0x341842b0       0x2c ./Drivers/STM32N6xx_HAL_Driver/stm32n6xx_hal_rcc_ex.o
 .text.LL_RCC_SetLTDCClockSource
                0x341842dc       0x2c ./Drivers/STM32N6xx_HAL_Driver/stm32n6xx_hal_rcc_ex.o
 .text.LL_RCC_SetMDFClockSource
                0x34184308       0x2c ./Drivers/STM32N6xx_HAL_Driver/stm32n6xx_hal_rcc_ex.o
 .text.LL_RCC_SetOTGPHYClockSource
                0x34184334       0x16 ./Drivers/STM32N6xx_HAL_Driver/stm32n6xx_hal_rcc_ex.o
 .text.LL_RCC_SetOTGPHYCKREFClockSource
                0x3418434a       0x16 ./Drivers/STM32N6xx_HAL_Driver/stm32n6xx_hal_rcc_ex.o
 .text.LL_RCC_SetPSSIClockSource
                0x34184360       0x2c ./Drivers/STM32N6xx_HAL_Driver/stm32n6xx_hal_rcc_ex.o
 .text.LL_RCC_SetSAIClockSource
                0x3418438c       0x16 ./Drivers/STM32N6xx_HAL_Driver/stm32n6xx_hal_rcc_ex.o
 .text.LL_RCC_SetSDMMCClockSource
                0x341843a2       0x16 ./Drivers/STM32N6xx_HAL_Driver/stm32n6xx_hal_rcc_ex.o
 .text.LL_RCC_SetSPDIFRXClockSource
                0x341843b8       0x2c ./Drivers/STM32N6xx_HAL_Driver/stm32n6xx_hal_rcc_ex.o
 .text.LL_RCC_SetSPIClockSource
                0x341843e4       0x16 ./Drivers/STM32N6xx_HAL_Driver/stm32n6xx_hal_rcc_ex.o
 .text.LL_RCC_SetUSARTClockSource
                0x341843fa       0x16 ./Drivers/STM32N6xx_HAL_Driver/stm32n6xx_hal_rcc_ex.o
 .text.LL_RCC_SetXSPIClockSource
                0x34184410       0x16 ./Drivers/STM32N6xx_HAL_Driver/stm32n6xx_hal_rcc_ex.o
 *fill*         0x34184426        0x2 
 .text.LL_RCC_GetClockSource
                0x34184428       0x4c ./Drivers/STM32N6xx_HAL_Driver/stm32n6xx_hal_rcc_ex.o
 .text.LL_RCC_GetADCClockSource
                0x34184474       0x24 ./Drivers/STM32N6xx_HAL_Driver/stm32n6xx_hal_rcc_ex.o
 .text.LL_RCC_GetADFClockSource
                0x34184498       0x24 ./Drivers/STM32N6xx_HAL_Driver/stm32n6xx_hal_rcc_ex.o
 .text.LL_RCC_GetCLKPClockSource
                0x341844bc       0x24 ./Drivers/STM32N6xx_HAL_Driver/stm32n6xx_hal_rcc_ex.o
 .text.LL_RCC_GetDCMIPPClockSource
                0x341844e0       0x24 ./Drivers/STM32N6xx_HAL_Driver/stm32n6xx_hal_rcc_ex.o
 .text.LL_RCC_GetETHClockSource
                0x34184504       0x24 ./Drivers/STM32N6xx_HAL_Driver/stm32n6xx_hal_rcc_ex.o
 .text.LL_RCC_GetETHPTPClockSource
                0x34184528       0x24 ./Drivers/STM32N6xx_HAL_Driver/stm32n6xx_hal_rcc_ex.o
 .text.LL_RCC_GetFDCANClockSource
                0x3418454c       0x24 ./Drivers/STM32N6xx_HAL_Driver/stm32n6xx_hal_rcc_ex.o
 .text.LL_RCC_GetFMCClockSource
                0x34184570       0x24 ./Drivers/STM32N6xx_HAL_Driver/stm32n6xx_hal_rcc_ex.o
 .text.LL_RCC_GetI2CClockSource
                0x34184594       0x18 ./Drivers/STM32N6xx_HAL_Driver/stm32n6xx_hal_rcc_ex.o
 .text.LL_RCC_GetI3CClockSource
                0x341845ac       0x18 ./Drivers/STM32N6xx_HAL_Driver/stm32n6xx_hal_rcc_ex.o
 .text.LL_RCC_GetLPTIMClockSource
                0x341845c4       0x18 ./Drivers/STM32N6xx_HAL_Driver/stm32n6xx_hal_rcc_ex.o
 .text.LL_RCC_GetLPUARTClockSource
                0x341845dc       0x24 ./Drivers/STM32N6xx_HAL_Driver/stm32n6xx_hal_rcc_ex.o
 .text.LL_RCC_GetLTDCClockSource
                0x34184600       0x24 ./Drivers/STM32N6xx_HAL_Driver/stm32n6xx_hal_rcc_ex.o
 .text.LL_RCC_GetMDFClockSource
                0x34184624       0x24 ./Drivers/STM32N6xx_HAL_Driver/stm32n6xx_hal_rcc_ex.o
 .text.LL_RCC_GetPSSIClockSource
                0x34184648       0x24 ./Drivers/STM32N6xx_HAL_Driver/stm32n6xx_hal_rcc_ex.o
 .text.LL_RCC_GetSAIClockSource
                0x3418466c       0x18 ./Drivers/STM32N6xx_HAL_Driver/stm32n6xx_hal_rcc_ex.o
 .text.LL_RCC_GetSDMMCClockSource
                0x34184684       0x18 ./Drivers/STM32N6xx_HAL_Driver/stm32n6xx_hal_rcc_ex.o
 .text.LL_RCC_GetSPDIFRXClockSource
                0x3418469c       0x24 ./Drivers/STM32N6xx_HAL_Driver/stm32n6xx_hal_rcc_ex.o
 .text.LL_RCC_GetSPIClockSource
                0x341846c0       0x18 ./Drivers/STM32N6xx_HAL_Driver/stm32n6xx_hal_rcc_ex.o
 .text.LL_RCC_GetUSARTClockSource
                0x341846d8       0x18 ./Drivers/STM32N6xx_HAL_Driver/stm32n6xx_hal_rcc_ex.o
 .text.LL_RCC_GetUARTClockSource
                0x341846f0       0x18 ./Drivers/STM32N6xx_HAL_Driver/stm32n6xx_hal_rcc_ex.o
 .text.LL_RCC_GetUSBClockSource
                0x34184708       0x18 ./Drivers/STM32N6xx_HAL_Driver/stm32n6xx_hal_rcc_ex.o
 .text.LL_RCC_GetXSPIClockSource
                0x34184720       0x18 ./Drivers/STM32N6xx_HAL_Driver/stm32n6xx_hal_rcc_ex.o
 .text.LL_RCC_SetRTCClockSource
                0x34184738       0x2c ./Drivers/STM32N6xx_HAL_Driver/stm32n6xx_hal_rcc_ex.o
 .text.LL_RCC_GetRTCClockSource
                0x34184764       0x1c ./Drivers/STM32N6xx_HAL_Driver/stm32n6xx_hal_rcc_ex.o
 .text.LL_RCC_SetRTC_HSEPrescaler
                0x34184780       0x2c ./Drivers/STM32N6xx_HAL_Driver/stm32n6xx_hal_rcc_ex.o
 .text.LL_RCC_SetTIMPrescaler
                0x341847ac       0x2c ./Drivers/STM32N6xx_HAL_Driver/stm32n6xx_hal_rcc_ex.o
 .text.LL_RCC_GetTIMPrescaler
                0x341847d8       0x1c ./Drivers/STM32N6xx_HAL_Driver/stm32n6xx_hal_rcc_ex.o
 .text.LL_RCC_PLL1_GetSource
                0x341847f4       0x1c ./Drivers/STM32N6xx_HAL_Driver/stm32n6xx_hal_rcc_ex.o
 .text.LL_RCC_PLL1_IsReady
                0x34184810       0x28 ./Drivers/STM32N6xx_HAL_Driver/stm32n6xx_hal_rcc_ex.o
 .text.LL_RCC_PLL1_IsEnabledBypass
                0x34184838       0x28 ./Drivers/STM32N6xx_HAL_Driver/stm32n6xx_hal_rcc_ex.o
 .text.LL_RCC_PLL1_GetN
                0x34184860       0x20 ./Drivers/STM32N6xx_HAL_Driver/stm32n6xx_hal_rcc_ex.o
 .text.LL_RCC_PLL1_GetM
                0x34184880       0x20 ./Drivers/STM32N6xx_HAL_Driver/stm32n6xx_hal_rcc_ex.o
 .text.LL_RCC_PLL1_GetP1
                0x341848a0       0x20 ./Drivers/STM32N6xx_HAL_Driver/stm32n6xx_hal_rcc_ex.o
 .text.LL_RCC_PLL1_GetP2
                0x341848c0       0x20 ./Drivers/STM32N6xx_HAL_Driver/stm32n6xx_hal_rcc_ex.o
 .text.LL_RCC_PLL1P_IsEnabled
                0x341848e0       0x28 ./Drivers/STM32N6xx_HAL_Driver/stm32n6xx_hal_rcc_ex.o
 .text.LL_RCC_PLL1_GetFRACN
                0x34184908       0x1c ./Drivers/STM32N6xx_HAL_Driver/stm32n6xx_hal_rcc_ex.o
 .text.LL_RCC_PLL2_GetSource
                0x34184924       0x1c ./Drivers/STM32N6xx_HAL_Driver/stm32n6xx_hal_rcc_ex.o
 .text.LL_RCC_PLL2_IsReady
                0x34184940       0x28 ./Drivers/STM32N6xx_HAL_Driver/stm32n6xx_hal_rcc_ex.o
 .text.LL_RCC_PLL2_IsEnabledBypass
                0x34184968       0x28 ./Drivers/STM32N6xx_HAL_Driver/stm32n6xx_hal_rcc_ex.o
 .text.LL_RCC_PLL2_GetN
                0x34184990       0x20 ./Drivers/STM32N6xx_HAL_Driver/stm32n6xx_hal_rcc_ex.o
 .text.LL_RCC_PLL2_GetM
                0x341849b0       0x20 ./Drivers/STM32N6xx_HAL_Driver/stm32n6xx_hal_rcc_ex.o
 .text.LL_RCC_PLL2_GetP1
                0x341849d0       0x20 ./Drivers/STM32N6xx_HAL_Driver/stm32n6xx_hal_rcc_ex.o
 .text.LL_RCC_PLL2_GetP2
                0x341849f0       0x20 ./Drivers/STM32N6xx_HAL_Driver/stm32n6xx_hal_rcc_ex.o
 .text.LL_RCC_PLL2P_IsEnabled
                0x34184a10       0x28 ./Drivers/STM32N6xx_HAL_Driver/stm32n6xx_hal_rcc_ex.o
 .text.LL_RCC_PLL2_GetFRACN
                0x34184a38       0x1c ./Drivers/STM32N6xx_HAL_Driver/stm32n6xx_hal_rcc_ex.o
 .text.LL_RCC_PLL3_GetSource
                0x34184a54       0x1c ./Drivers/STM32N6xx_HAL_Driver/stm32n6xx_hal_rcc_ex.o
 .text.LL_RCC_PLL3_IsReady
                0x34184a70       0x28 ./Drivers/STM32N6xx_HAL_Driver/stm32n6xx_hal_rcc_ex.o
 .text.LL_RCC_PLL3_IsEnabledBypass
                0x34184a98       0x28 ./Drivers/STM32N6xx_HAL_Driver/stm32n6xx_hal_rcc_ex.o
 .text.LL_RCC_PLL3_GetN
                0x34184ac0       0x20 ./Drivers/STM32N6xx_HAL_Driver/stm32n6xx_hal_rcc_ex.o
 .text.LL_RCC_PLL3_GetM
                0x34184ae0       0x20 ./Drivers/STM32N6xx_HAL_Driver/stm32n6xx_hal_rcc_ex.o
 .text.LL_RCC_PLL3_GetP1
                0x34184b00       0x20 ./Drivers/STM32N6xx_HAL_Driver/stm32n6xx_hal_rcc_ex.o
 .text.LL_RCC_PLL3_GetP2
                0x34184b20       0x20 ./Drivers/STM32N6xx_HAL_Driver/stm32n6xx_hal_rcc_ex.o
 .text.LL_RCC_PLL3P_IsEnabled
                0x34184b40       0x28 ./Drivers/STM32N6xx_HAL_Driver/stm32n6xx_hal_rcc_ex.o
 .text.LL_RCC_PLL3_GetFRACN
                0x34184b68       0x1c ./Drivers/STM32N6xx_HAL_Driver/stm32n6xx_hal_rcc_ex.o
 .text.LL_RCC_PLL4_GetSource
                0x34184b84       0x1c ./Drivers/STM32N6xx_HAL_Driver/stm32n6xx_hal_rcc_ex.o
 .text.LL_RCC_PLL4_IsReady
                0x34184ba0       0x28 ./Drivers/STM32N6xx_HAL_Driver/stm32n6xx_hal_rcc_ex.o
 .text.LL_RCC_PLL4_IsEnabledBypass
                0x34184bc8       0x28 ./Drivers/STM32N6xx_HAL_Driver/stm32n6xx_hal_rcc_ex.o
 .text.LL_RCC_PLL4_GetN
                0x34184bf0       0x20 ./Drivers/STM32N6xx_HAL_Driver/stm32n6xx_hal_rcc_ex.o
 .text.LL_RCC_PLL4_GetM
                0x34184c10       0x20 ./Drivers/STM32N6xx_HAL_Driver/stm32n6xx_hal_rcc_ex.o
 .text.LL_RCC_PLL4_GetP1
                0x34184c30       0x20 ./Drivers/STM32N6xx_HAL_Driver/stm32n6xx_hal_rcc_ex.o
 .text.LL_RCC_PLL4_GetP2
                0x34184c50       0x20 ./Drivers/STM32N6xx_HAL_Driver/stm32n6xx_hal_rcc_ex.o
 .text.LL_RCC_PLL4P_IsEnabled
                0x34184c70       0x28 ./Drivers/STM32N6xx_HAL_Driver/stm32n6xx_hal_rcc_ex.o
 .text.LL_RCC_PLL4_GetFRACN
                0x34184c98       0x1c ./Drivers/STM32N6xx_HAL_Driver/stm32n6xx_hal_rcc_ex.o
 .text.LL_RCC_IC3_Enable
                0x34184cb4       0x1c ./Drivers/STM32N6xx_HAL_Driver/stm32n6xx_hal_rcc_ex.o
 .text.LL_RCC_IC3_IsEnabled
                0x34184cd0       0x28 ./Drivers/STM32N6xx_HAL_Driver/stm32n6xx_hal_rcc_ex.o
 .text.LL_RCC_IC3_GetSource
                0x34184cf8       0x1c ./Drivers/STM32N6xx_HAL_Driver/stm32n6xx_hal_rcc_ex.o
 .text.LL_RCC_IC3_GetDivider
                0x34184d14       0x20 ./Drivers/STM32N6xx_HAL_Driver/stm32n6xx_hal_rcc_ex.o
 .text.LL_RCC_IC4_Enable
                0x34184d34       0x1c ./Drivers/STM32N6xx_HAL_Driver/stm32n6xx_hal_rcc_ex.o
 .text.LL_RCC_IC4_IsEnabled
                0x34184d50       0x28 ./Drivers/STM32N6xx_HAL_Driver/stm32n6xx_hal_rcc_ex.o
 .text.LL_RCC_IC4_GetSource
                0x34184d78       0x1c ./Drivers/STM32N6xx_HAL_Driver/stm32n6xx_hal_rcc_ex.o
 .text.LL_RCC_IC4_GetDivider
                0x34184d94       0x20 ./Drivers/STM32N6xx_HAL_Driver/stm32n6xx_hal_rcc_ex.o
 .text.LL_RCC_IC5_Enable
                0x34184db4       0x1c ./Drivers/STM32N6xx_HAL_Driver/stm32n6xx_hal_rcc_ex.o
 .text.LL_RCC_IC5_IsEnabled
                0x34184dd0       0x28 ./Drivers/STM32N6xx_HAL_Driver/stm32n6xx_hal_rcc_ex.o
 .text.LL_RCC_IC5_GetSource
                0x34184df8       0x1c ./Drivers/STM32N6xx_HAL_Driver/stm32n6xx_hal_rcc_ex.o
 .text.LL_RCC_IC5_GetDivider
                0x34184e14       0x20 ./Drivers/STM32N6xx_HAL_Driver/stm32n6xx_hal_rcc_ex.o
 .text.LL_RCC_IC7_Enable
                0x34184e34       0x1c ./Drivers/STM32N6xx_HAL_Driver/stm32n6xx_hal_rcc_ex.o
 .text.LL_RCC_IC7_IsEnabled
                0x34184e50       0x28 ./Drivers/STM32N6xx_HAL_Driver/stm32n6xx_hal_rcc_ex.o
 .text.LL_RCC_IC7_GetSource
                0x34184e78       0x1c ./Drivers/STM32N6xx_HAL_Driver/stm32n6xx_hal_rcc_ex.o
 .text.LL_RCC_IC7_GetDivider
                0x34184e94       0x20 ./Drivers/STM32N6xx_HAL_Driver/stm32n6xx_hal_rcc_ex.o
 .text.LL_RCC_IC8_Enable
                0x34184eb4       0x1c ./Drivers/STM32N6xx_HAL_Driver/stm32n6xx_hal_rcc_ex.o
 .text.LL_RCC_IC8_IsEnabled
                0x34184ed0       0x28 ./Drivers/STM32N6xx_HAL_Driver/stm32n6xx_hal_rcc_ex.o
 .text.LL_RCC_IC8_GetSource
                0x34184ef8       0x1c ./Drivers/STM32N6xx_HAL_Driver/stm32n6xx_hal_rcc_ex.o
 .text.LL_RCC_IC8_GetDivider
                0x34184f14       0x20 ./Drivers/STM32N6xx_HAL_Driver/stm32n6xx_hal_rcc_ex.o
 .text.LL_RCC_IC9_Enable
                0x34184f34       0x1c ./Drivers/STM32N6xx_HAL_Driver/stm32n6xx_hal_rcc_ex.o
 .text.LL_RCC_IC9_IsEnabled
                0x34184f50       0x28 ./Drivers/STM32N6xx_HAL_Driver/stm32n6xx_hal_rcc_ex.o
 .text.LL_RCC_IC9_GetSource
                0x34184f78       0x1c ./Drivers/STM32N6xx_HAL_Driver/stm32n6xx_hal_rcc_ex.o
 .text.LL_RCC_IC9_GetDivider
                0x34184f94       0x20 ./Drivers/STM32N6xx_HAL_Driver/stm32n6xx_hal_rcc_ex.o
 .text.LL_RCC_IC10_Enable
                0x34184fb4       0x1c ./Drivers/STM32N6xx_HAL_Driver/stm32n6xx_hal_rcc_ex.o
 .text.LL_RCC_IC10_IsEnabled
                0x34184fd0       0x28 ./Drivers/STM32N6xx_HAL_Driver/stm32n6xx_hal_rcc_ex.o
 .text.LL_RCC_IC10_GetSource
                0x34184ff8       0x1c ./Drivers/STM32N6xx_HAL_Driver/stm32n6xx_hal_rcc_ex.o
 .text.LL_RCC_IC10_GetDivider
                0x34185014       0x20 ./Drivers/STM32N6xx_HAL_Driver/stm32n6xx_hal_rcc_ex.o
 .text.LL_RCC_IC12_Enable
                0x34185034       0x1c ./Drivers/STM32N6xx_HAL_Driver/stm32n6xx_hal_rcc_ex.o
 .text.LL_RCC_IC12_IsEnabled
                0x34185050       0x28 ./Drivers/STM32N6xx_HAL_Driver/stm32n6xx_hal_rcc_ex.o
 .text.LL_RCC_IC12_GetSource
                0x34185078       0x1c ./Drivers/STM32N6xx_HAL_Driver/stm32n6xx_hal_rcc_ex.o
 .text.LL_RCC_IC12_GetDivider
                0x34185094       0x20 ./Drivers/STM32N6xx_HAL_Driver/stm32n6xx_hal_rcc_ex.o
 .text.LL_RCC_IC13_Enable
                0x341850b4       0x1c ./Drivers/STM32N6xx_HAL_Driver/stm32n6xx_hal_rcc_ex.o
 .text.LL_RCC_IC13_IsEnabled
                0x341850d0       0x28 ./Drivers/STM32N6xx_HAL_Driver/stm32n6xx_hal_rcc_ex.o
 .text.LL_RCC_IC13_GetSource
                0x341850f8       0x1c ./Drivers/STM32N6xx_HAL_Driver/stm32n6xx_hal_rcc_ex.o
 .text.LL_RCC_IC13_GetDivider
                0x34185114       0x20 ./Drivers/STM32N6xx_HAL_Driver/stm32n6xx_hal_rcc_ex.o
 .text.LL_RCC_IC14_Enable
                0x34185134       0x1c ./Drivers/STM32N6xx_HAL_Driver/stm32n6xx_hal_rcc_ex.o
 .text.LL_RCC_IC14_IsEnabled
                0x34185150       0x28 ./Drivers/STM32N6xx_HAL_Driver/stm32n6xx_hal_rcc_ex.o
 .text.LL_RCC_IC14_GetSource
                0x34185178       0x1c ./Drivers/STM32N6xx_HAL_Driver/stm32n6xx_hal_rcc_ex.o
 .text.LL_RCC_IC14_GetDivider
                0x34185194       0x20 ./Drivers/STM32N6xx_HAL_Driver/stm32n6xx_hal_rcc_ex.o
 .text.LL_RCC_IC15_Enable
                0x341851b4       0x1c ./Drivers/STM32N6xx_HAL_Driver/stm32n6xx_hal_rcc_ex.o
 .text.LL_RCC_IC15_IsEnabled
                0x341851d0       0x28 ./Drivers/STM32N6xx_HAL_Driver/stm32n6xx_hal_rcc_ex.o
 .text.LL_RCC_IC15_GetSource
                0x341851f8       0x1c ./Drivers/STM32N6xx_HAL_Driver/stm32n6xx_hal_rcc_ex.o
 .text.LL_RCC_IC15_GetDivider
                0x34185214       0x20 ./Drivers/STM32N6xx_HAL_Driver/stm32n6xx_hal_rcc_ex.o
 .text.LL_RCC_IC16_Enable
                0x34185234       0x1c ./Drivers/STM32N6xx_HAL_Driver/stm32n6xx_hal_rcc_ex.o
 .text.LL_RCC_IC16_IsEnabled
                0x34185250       0x28 ./Drivers/STM32N6xx_HAL_Driver/stm32n6xx_hal_rcc_ex.o
 .text.LL_RCC_IC16_GetSource
                0x34185278       0x1c ./Drivers/STM32N6xx_HAL_Driver/stm32n6xx_hal_rcc_ex.o
 .text.LL_RCC_IC16_GetDivider
                0x34185294       0x20 ./Drivers/STM32N6xx_HAL_Driver/stm32n6xx_hal_rcc_ex.o
 .text.LL_RCC_IC17_Enable
                0x341852b4       0x1c ./Drivers/STM32N6xx_HAL_Driver/stm32n6xx_hal_rcc_ex.o
 .text.LL_RCC_IC17_IsEnabled
                0x341852d0       0x28 ./Drivers/STM32N6xx_HAL_Driver/stm32n6xx_hal_rcc_ex.o
 .text.LL_RCC_IC17_GetSource
                0x341852f8       0x1c ./Drivers/STM32N6xx_HAL_Driver/stm32n6xx_hal_rcc_ex.o
 .text.LL_RCC_IC17_GetDivider
                0x34185314       0x20 ./Drivers/STM32N6xx_HAL_Driver/stm32n6xx_hal_rcc_ex.o
 .text.LL_RCC_IC18_Enable
                0x34185334       0x1c ./Drivers/STM32N6xx_HAL_Driver/stm32n6xx_hal_rcc_ex.o
 .text.LL_RCC_IC18_IsEnabled
                0x34185350       0x28 ./Drivers/STM32N6xx_HAL_Driver/stm32n6xx_hal_rcc_ex.o
 .text.LL_RCC_IC18_GetSource
                0x34185378       0x1c ./Drivers/STM32N6xx_HAL_Driver/stm32n6xx_hal_rcc_ex.o
 .text.LL_RCC_IC18_GetDivider
                0x34185394       0x20 ./Drivers/STM32N6xx_HAL_Driver/stm32n6xx_hal_rcc_ex.o
 .text.LL_RCC_IC19_Enable
                0x341853b4       0x1c ./Drivers/STM32N6xx_HAL_Driver/stm32n6xx_hal_rcc_ex.o
 .text.LL_RCC_IC19_IsEnabled
                0x341853d0       0x28 ./Drivers/STM32N6xx_HAL_Driver/stm32n6xx_hal_rcc_ex.o
 .text.LL_RCC_IC19_GetSource
                0x341853f8       0x1c ./Drivers/STM32N6xx_HAL_Driver/stm32n6xx_hal_rcc_ex.o
 .text.LL_RCC_IC19_GetDivider
                0x34185414       0x20 ./Drivers/STM32N6xx_HAL_Driver/stm32n6xx_hal_rcc_ex.o
 .text.LL_RCC_IC20_Enable
                0x34185434       0x1c ./Drivers/STM32N6xx_HAL_Driver/stm32n6xx_hal_rcc_ex.o
 .text.LL_RCC_IC20_IsEnabled
                0x34185450       0x28 ./Drivers/STM32N6xx_HAL_Driver/stm32n6xx_hal_rcc_ex.o
 .text.LL_RCC_IC20_GetSource
                0x34185478       0x1c ./Drivers/STM32N6xx_HAL_Driver/stm32n6xx_hal_rcc_ex.o
 .text.LL_RCC_IC20_GetDivider
                0x34185494       0x20 ./Drivers/STM32N6xx_HAL_Driver/stm32n6xx_hal_rcc_ex.o
 .text.LL_RCC_CLKP_Enable
                0x341854b4       0x1c ./Drivers/STM32N6xx_HAL_Driver/stm32n6xx_hal_rcc_ex.o
 .text.LL_RCC_CLKP_IsEnabled
                0x341854d0       0x28 ./Drivers/STM32N6xx_HAL_Driver/stm32n6xx_hal_rcc_ex.o
 .text.HAL_RCCEx_PeriphCLKConfig
                0x341854f8     0x25c8 ./Drivers/STM32N6xx_HAL_Driver/stm32n6xx_hal_rcc_ex.o
                0x341854f8                HAL_RCCEx_PeriphCLKConfig
 .text.HAL_RCCEx_GetPeriphCLKFreq
                0x34187ac0      0x938 ./Drivers/STM32N6xx_HAL_Driver/stm32n6xx_hal_rcc_ex.o
                0x34187ac0                HAL_RCCEx_GetPeriphCLKFreq
 .text.HAL_RCCEx_GetPLL1CLKFreq
                0x341883f8       0x8c ./Drivers/STM32N6xx_HAL_Driver/stm32n6xx_hal_rcc_ex.o
                0x341883f8                HAL_RCCEx_GetPLL1CLKFreq
 .text.HAL_RCCEx_GetPLL2CLKFreq
                0x34188484       0x8c ./Drivers/STM32N6xx_HAL_Driver/stm32n6xx_hal_rcc_ex.o
                0x34188484                HAL_RCCEx_GetPLL2CLKFreq
 .text.HAL_RCCEx_GetPLL3CLKFreq
                0x34188510       0x8c ./Drivers/STM32N6xx_HAL_Driver/stm32n6xx_hal_rcc_ex.o
                0x34188510                HAL_RCCEx_GetPLL3CLKFreq
 .text.HAL_RCCEx_GetPLL4CLKFreq
                0x3418859c       0x8c ./Drivers/STM32N6xx_HAL_Driver/stm32n6xx_hal_rcc_ex.o
                0x3418859c                HAL_RCCEx_GetPLL4CLKFreq
 .text.RCCEx_GetHCLKFreq
                0x34188628       0x22 ./Drivers/STM32N6xx_HAL_Driver/stm32n6xx_hal_rcc_ex.o
 .text.RCCEx_GetPCLK1Freq
                0x3418864a       0x20 ./Drivers/STM32N6xx_HAL_Driver/stm32n6xx_hal_rcc_ex.o
 .text.RCCEx_GetPCLK2Freq
                0x3418866a       0x22 ./Drivers/STM32N6xx_HAL_Driver/stm32n6xx_hal_rcc_ex.o
 .text.RCCEx_GetPCLK4Freq
                0x3418868c       0x22 ./Drivers/STM32N6xx_HAL_Driver/stm32n6xx_hal_rcc_ex.o
 .text.RCCEx_GetPCLK5Freq
                0x341886ae       0x22 ./Drivers/STM32N6xx_HAL_Driver/stm32n6xx_hal_rcc_ex.o
 .text.RCCEx_GetPLLSourceFreq
                0x341886d0       0xbc ./Drivers/STM32N6xx_HAL_Driver/stm32n6xx_hal_rcc_ex.o
 .text.RCCEx_CalcPLLFreq
                0x3418878c       0x98 ./Drivers/STM32N6xx_HAL_Driver/stm32n6xx_hal_rcc_ex.o
 .text.RCCEx_GetADCCLKFreq
                0x34188824      0x204 ./Drivers/STM32N6xx_HAL_Driver/stm32n6xx_hal_rcc_ex.o
 .text.RCCEx_GetADFCLKFreq
                0x34188a28      0x1d8 ./Drivers/STM32N6xx_HAL_Driver/stm32n6xx_hal_rcc_ex.o
 .text.RCCEx_GetCLKPCLKFreq
                0x34188c00      0x36c ./Drivers/STM32N6xx_HAL_Driver/stm32n6xx_hal_rcc_ex.o
 .text.RCCEx_GetCSICLKFreq
                0x34188f6c       0x98 ./Drivers/STM32N6xx_HAL_Driver/stm32n6xx_hal_rcc_ex.o
 .text.RCCEx_GetDCMIPPCLKFreq
                0x34189004      0x114 ./Drivers/STM32N6xx_HAL_Driver/stm32n6xx_hal_rcc_ex.o
 .text.RCCEx_GetETH1CLKFreq
                0x34189118      0x100 ./Drivers/STM32N6xx_HAL_Driver/stm32n6xx_hal_rcc_ex.o
 .text.RCCEx_GetETH1PTPCLKFreq
                0x34189218      0x108 ./Drivers/STM32N6xx_HAL_Driver/stm32n6xx_hal_rcc_ex.o
 .text.RCCEx_GetFDCANCLKFreq
                0x34189320      0x100 ./Drivers/STM32N6xx_HAL_Driver/stm32n6xx_hal_rcc_ex.o
 .text.RCCEx_GetFMCCLKFreq
                0x34189420      0x16e ./Drivers/STM32N6xx_HAL_Driver/stm32n6xx_hal_rcc_ex.o
 *fill*         0x3418958e        0x2 
 .text.RCCEx_GetI2CCLKFreq
                0x34189590      0x350 ./Drivers/STM32N6xx_HAL_Driver/stm32n6xx_hal_rcc_ex.o
 .text.RCCEx_GetI3CCLKFreq
                0x341898e0      0x268 ./Drivers/STM32N6xx_HAL_Driver/stm32n6xx_hal_rcc_ex.o
 .text.RCCEx_GetLPTIMCLKFreq
                0x34189b48      0x354 ./Drivers/STM32N6xx_HAL_Driver/stm32n6xx_hal_rcc_ex.o
 .text.RCCEx_GetLPUARTCLKFreq
                0x34189e9c      0x204 ./Drivers/STM32N6xx_HAL_Driver/stm32n6xx_hal_rcc_ex.o
 .text.RCCEx_GetLTDCCLKFreq
                0x3418a0a0      0x114 ./Drivers/STM32N6xx_HAL_Driver/stm32n6xx_hal_rcc_ex.o
 .text.RCCEx_GetMDFCLKFreq
                0x3418a1b4      0x214 ./Drivers/STM32N6xx_HAL_Driver/stm32n6xx_hal_rcc_ex.o
 .text.RCCEx_GetPSSICLKFreq
                0x3418a3c8      0x104 ./Drivers/STM32N6xx_HAL_Driver/stm32n6xx_hal_rcc_ex.o
 .text.RCCEx_GetRTCCLKFreq
                0x3418a4cc       0xa4 ./Drivers/STM32N6xx_HAL_Driver/stm32n6xx_hal_rcc_ex.o
 .text.RCCEx_GetSAICLKFreq
                0x3418a570      0x2cc ./Drivers/STM32N6xx_HAL_Driver/stm32n6xx_hal_rcc_ex.o
 .text.RCCEx_GetSDMMCCLKFreq
                0x3418a83c      0x1d4 ./Drivers/STM32N6xx_HAL_Driver/stm32n6xx_hal_rcc_ex.o
 .text.RCCEx_GetSPDIFRXCLKFreq
                0x3418aa10      0x1c8 ./Drivers/STM32N6xx_HAL_Driver/stm32n6xx_hal_rcc_ex.o
 .text.RCCEx_GetSPICLKFreq
                0x3418abd8      0x5a4 ./Drivers/STM32N6xx_HAL_Driver/stm32n6xx_hal_rcc_ex.o
 .text.RCCEx_GetUARTCLKFreq
                0x3418b17c      0x454 ./Drivers/STM32N6xx_HAL_Driver/stm32n6xx_hal_rcc_ex.o
 .text.RCCEx_GetUSARTCLKFreq
                0x3418b5d0      0x454 ./Drivers/STM32N6xx_HAL_Driver/stm32n6xx_hal_rcc_ex.o
 .text.RCCEx_GetOTGPHYCLKFreq
                0x3418ba24      0x16c ./Drivers/STM32N6xx_HAL_Driver/stm32n6xx_hal_rcc_ex.o
 .text.RCCEx_GetOTGPHYCKREFCLKFreq
                0x3418bb90       0xa0 ./Drivers/STM32N6xx_HAL_Driver/stm32n6xx_hal_rcc_ex.o
 .text.RCCEx_GetXSPICLKFreq
                0x3418bc30      0x220 ./Drivers/STM32N6xx_HAL_Driver/stm32n6xx_hal_rcc_ex.o
 .text.LL_AHB5_GRP1_IsEnabledClock
                0x3418be50       0x30 ./Drivers/STM32N6xx_HAL_Driver/stm32n6xx_hal_xspi.o
 .text.HAL_XSPI_Init
                0x3418be80      0x220 ./Drivers/STM32N6xx_HAL_Driver/stm32n6xx_hal_xspi.o
                0x3418be80                HAL_XSPI_Init
 .text.HAL_XSPI_Command
                0x3418c0a0      0x120 ./Drivers/STM32N6xx_HAL_Driver/stm32n6xx_hal_xspi.o
                0x3418c0a0                HAL_XSPI_Command
 .text.HAL_XSPI_Transmit
                0x3418c1c0       0xe6 ./Drivers/STM32N6xx_HAL_Driver/stm32n6xx_hal_xspi.o
                0x3418c1c0                HAL_XSPI_Transmit
 .text.HAL_XSPI_Receive
                0x3418c2a6      0x146 ./Drivers/STM32N6xx_HAL_Driver/stm32n6xx_hal_xspi.o
                0x3418c2a6                HAL_XSPI_Receive
 .text.HAL_XSPI_AutoPolling
                0x3418c3ec      0x114 ./Drivers/STM32N6xx_HAL_Driver/stm32n6xx_hal_xspi.o
                0x3418c3ec                HAL_XSPI_AutoPolling
 .text.HAL_XSPI_MemoryMapped
                0x3418c500       0xd8 ./Drivers/STM32N6xx_HAL_Driver/stm32n6xx_hal_xspi.o
                0x3418c500                HAL_XSPI_MemoryMapped
 .text.HAL_XSPI_Abort
                0x3418c5d8      0x10e ./Drivers/STM32N6xx_HAL_Driver/stm32n6xx_hal_xspi.o
                0x3418c5d8                HAL_XSPI_Abort
 .text.HAL_XSPI_SetTimeout
                0x3418c6e6       0x1e ./Drivers/STM32N6xx_HAL_Driver/stm32n6xx_hal_xspi.o
                0x3418c6e6                HAL_XSPI_SetTimeout
 .text.HAL_XSPIM_Config
                0x3418c704      0x258 ./Drivers/STM32N6xx_HAL_Driver/stm32n6xx_hal_xspi.o
                0x3418c704                HAL_XSPIM_Config
 .text.XSPI_WaitFlagStateUntilTimeout
                0x3418c95c       0x6c ./Drivers/STM32N6xx_HAL_Driver/stm32n6xx_hal_xspi.o
 .text.XSPI_ConfigCmd
                0x3418c9c8      0x314 ./Drivers/STM32N6xx_HAL_Driver/stm32n6xx_hal_xspi.o
 .text.XSPIM_GetConfig
                0x3418ccdc       0xc8 ./Drivers/STM32N6xx_HAL_Driver/stm32n6xx_hal_xspi.o
 .text.BOOT_Application
                0x3418cda4       0x34 ./Middlewares/STM32_ExtMem_Manager/stm32_boot_lrun.o
                0x3418cda4                BOOT_Application
 .text.MapMemory
                0x3418cdd8       0x64 ./Middlewares/STM32_ExtMem_Manager/stm32_boot_lrun.o
                0x3418cdd8                MapMemory
 .text.CopyApplication
                0x3418ce3c       0xaa ./Middlewares/STM32_ExtMem_Manager/stm32_boot_lrun.o
                0x3418ce3c                CopyApplication
 *fill*         0x3418cee6        0x2 
 .text.JumpToApplication
                0x3418cee8      0x148 ./Middlewares/STM32_ExtMem_Manager/stm32_boot_lrun.o
                0x3418cee8                JumpToApplication
 .text.BOOT_GetApplicationSize
                0x3418d030       0x18 ./Middlewares/STM32_ExtMem_Manager/stm32_boot_lrun.o
                0x3418d030                BOOT_GetApplicationSize
 .text.BOOT_GetApplicationVectorTable
                0x3418d048       0x36 ./Middlewares/STM32_ExtMem_Manager/stm32_boot_lrun.o
                0x3418d048                BOOT_GetApplicationVectorTable
 *fill*         0x3418d07e        0x2 
 .text.EXTMEM_Init
                0x3418d080       0xd0 ./Middlewares/STM32_ExtMem_Manager/stm32_extmem.o
                0x3418d080                EXTMEM_Init
 .text.EXTMEM_Read
                0x3418d150       0x78 ./Middlewares/STM32_ExtMem_Manager/stm32_extmem.o
                0x3418d150                EXTMEM_Read
 .text.EXTMEM_MemoryMappedMode
                0x3418d1c8       0xe4 ./Middlewares/STM32_ExtMem_Manager/stm32_extmem.o
                0x3418d1c8                EXTMEM_MemoryMappedMode
 .text.EXTMEM_GetMapAddress
                0x3418d2ac       0xc0 ./Middlewares/STM32_ExtMem_Manager/stm32_extmem.o
                0x3418d2ac                EXTMEM_GetMapAddress
 .text.EXTMEM_DRIVER_PSRAM_Init
                0x3418d36c       0xe4 ./Middlewares/STM32_ExtMem_Manager/stm32_psram_driver.o
                0x3418d36c                EXTMEM_DRIVER_PSRAM_Init
 .text.EXTMEM_DRIVER_PSRAM_Enable_MemoryMappedMode
                0x3418d450       0x62 ./Middlewares/STM32_ExtMem_Manager/stm32_psram_driver.o
                0x3418d450                EXTMEM_DRIVER_PSRAM_Enable_MemoryMappedMode
 .text.EXTMEM_DRIVER_PSRAM_Disable_MemoryMappedMode
                0x3418d4b2       0x2a ./Middlewares/STM32_ExtMem_Manager/stm32_psram_driver.o
                0x3418d4b2                EXTMEM_DRIVER_PSRAM_Disable_MemoryMappedMode
 .text.PSRAM_ExecuteCommand
                0x3418d4dc       0xde ./Middlewares/STM32_ExtMem_Manager/stm32_psram_driver.o
                0x3418d4dc                PSRAM_ExecuteCommand
 .text.SAL_XSPI_SetClock
                0x3418d5ba       0x7e ./Middlewares/STM32_ExtMem_Manager/stm32_sal_xspi.o
                0x3418d5ba                SAL_XSPI_SetClock
 .text.SAL_XSPI_Init
                0x3418d638       0x66 ./Middlewares/STM32_ExtMem_Manager/stm32_sal_xspi.o
                0x3418d638                SAL_XSPI_Init
 *fill*         0x3418d69e        0x2 
 .text.SAL_XSPI_MemoryConfig
                0x3418d6a0      0x2a4 ./Middlewares/STM32_ExtMem_Manager/stm32_sal_xspi.o
                0x3418d6a0                SAL_XSPI_MemoryConfig
 .text.SAL_XSPI_GetSFDP
                0x3418d944       0xc0 ./Middlewares/STM32_ExtMem_Manager/stm32_sal_xspi.o
                0x3418d944                SAL_XSPI_GetSFDP
 .text.SAL_XSPI_GetId
                0x3418da04      0x100 ./Middlewares/STM32_ExtMem_Manager/stm32_sal_xspi.o
                0x3418da04                SAL_XSPI_GetId
 .text.SAL_XSPI_Read
                0x3418db04       0xd0 ./Middlewares/STM32_ExtMem_Manager/stm32_sal_xspi.o
                0x3418db04                SAL_XSPI_Read
 .text.SAL_XSPI_Write
                0x3418dbd4       0x92 ./Middlewares/STM32_ExtMem_Manager/stm32_sal_xspi.o
                0x3418dbd4                SAL_XSPI_Write
 .text.SAL_XSPI_CommandSendData
                0x3418dc66       0xa8 ./Middlewares/STM32_ExtMem_Manager/stm32_sal_xspi.o
                0x3418dc66                SAL_XSPI_CommandSendData
 .text.SAL_XSPI_SendReadCommand
                0x3418dd0e       0xa8 ./Middlewares/STM32_ExtMem_Manager/stm32_sal_xspi.o
                0x3418dd0e                SAL_XSPI_SendReadCommand
 .text.SAL_XSPI_CommandSendReadAddress
                0x3418ddb6       0xca ./Middlewares/STM32_ExtMem_Manager/stm32_sal_xspi.o
                0x3418ddb6                SAL_XSPI_CommandSendReadAddress
 .text.SAL_XSPI_CheckStatusRegister
                0x3418de80       0xf2 ./Middlewares/STM32_ExtMem_Manager/stm32_sal_xspi.o
                0x3418de80                SAL_XSPI_CheckStatusRegister
 .text.SAL_XSPI_ConfigureWrappMode
                0x3418df72       0x78 ./Middlewares/STM32_ExtMem_Manager/stm32_sal_xspi.o
                0x3418df72                SAL_XSPI_ConfigureWrappMode
 .text.SAL_XSPI_EnableMapMode
                0x3418dfea       0xf2 ./Middlewares/STM32_ExtMem_Manager/stm32_sal_xspi.o
                0x3418dfea                SAL_XSPI_EnableMapMode
 .text.SAL_XSPI_DisableMapMode
                0x3418e0dc       0x22 ./Middlewares/STM32_ExtMem_Manager/stm32_sal_xspi.o
                0x3418e0dc                SAL_XSPI_DisableMapMode
 .text.SAL_XSPI_UpdateMemoryType
                0x3418e0fe       0x70 ./Middlewares/STM32_ExtMem_Manager/stm32_sal_xspi.o
                0x3418e0fe                SAL_XSPI_UpdateMemoryType
 .text.SAL_XSPI_Abort
                0x3418e16e       0x1c ./Middlewares/STM32_ExtMem_Manager/stm32_sal_xspi.o
                0x3418e16e                SAL_XSPI_Abort
 .text.XSPI_FormatCommand
                0x3418e18a       0x52 ./Middlewares/STM32_ExtMem_Manager/stm32_sal_xspi.o
                0x3418e18a                XSPI_FormatCommand
 .text.XSPI_Transmit
                0x3418e1dc       0x26 ./Middlewares/STM32_ExtMem_Manager/stm32_sal_xspi.o
                0x3418e1dc                XSPI_Transmit
 .text.XSPI_Receive
                0x3418e202       0x26 ./Middlewares/STM32_ExtMem_Manager/stm32_sal_xspi.o
                0x3418e202                XSPI_Receive
 .text.SFDP_ReadHeader
                0x3418e228       0x7a ./Middlewares/STM32_ExtMem_Manager/stm32_sfdp_data.o
                0x3418e228                SFDP_ReadHeader
 *fill*         0x3418e2a2        0x2 
 .text.SFDP_GetHeader
                0x3418e2a4       0xbc ./Middlewares/STM32_ExtMem_Manager/stm32_sfdp_data.o
                0x3418e2a4                SFDP_GetHeader
 .text.SFDP_CollectData
                0x3418e360      0x1b8 ./Middlewares/STM32_ExtMem_Manager/stm32_sfdp_data.o
                0x3418e360                SFDP_CollectData
 .text.SFDP_MemoryReset
                0x3418e518      0x1b8 ./Middlewares/STM32_ExtMem_Manager/stm32_sfdp_data.o
                0x3418e518                SFDP_MemoryReset
 .text.SFDP_BuildGenericDriver
                0x3418e6d0      0xca4 ./Middlewares/STM32_ExtMem_Manager/stm32_sfdp_data.o
                0x3418e6d0                SFDP_BuildGenericDriver
 .text.driver_check_FlagBUSY
                0x3418f374       0x7c ./Middlewares/STM32_ExtMem_Manager/stm32_sfdp_data.o
                0x3418f374                driver_check_FlagBUSY
 .text.sfdp_getfrequencevalue
                0x3418f3f0       0x4c ./Middlewares/STM32_ExtMem_Manager/stm32_sfdp_data.o
                0x3418f3f0                sfdp_getfrequencevalue
 .text.sfdp_get_paraminfo
                0x3418f43c      0x1f8 ./Middlewares/STM32_ExtMem_Manager/stm32_sfdp_data.o
                0x3418f43c                sfdp_get_paraminfo
 .text.sfdp_enter_octal_mode
                0x3418f634      0x1c8 ./Middlewares/STM32_ExtMem_Manager/stm32_sfdp_data.o
                0x3418f634                sfdp_enter_octal_mode
 .text.sfdp_set_dummycycle
                0x3418f7fc      0x1c8 ./Middlewares/STM32_ExtMem_Manager/stm32_sfdp_data.o
                0x3418f7fc                sfdp_set_dummycycle
 .text.JEDEC_Basic_ManageQuadEnableRequirement
                0x3418f9c4      0x178 ./Middlewares/STM32_ExtMem_Manager/stm32_sfdp_data.o
                0x3418f9c4                JEDEC_Basic_ManageQuadEnableRequirement
 .text.JEDEC_Basic_Manage4S4S4SEnableSequence
                0x3418fb3c       0x80 ./Middlewares/STM32_ExtMem_Manager/stm32_sfdp_data.o
                0x3418fb3c                JEDEC_Basic_Manage4S4S4SEnableSequence
 .text.CheckSFDP_Signature
                0x3418fbbc       0x54 ./Middlewares/STM32_ExtMem_Manager/stm32_sfdp_data.o
                0x3418fbbc                CheckSFDP_Signature
 .text.EXTMEM_DRIVER_NOR_SFDP_Init
                0x3418fc10      0x168 ./Middlewares/STM32_ExtMem_Manager/stm32_sfdp_driver.o
                0x3418fc10                EXTMEM_DRIVER_NOR_SFDP_Init
 .text.EXTMEM_DRIVER_NOR_SFDP_Read
                0x3418fd78       0x5a ./Middlewares/STM32_ExtMem_Manager/stm32_sfdp_driver.o
                0x3418fd78                EXTMEM_DRIVER_NOR_SFDP_Read
 .text.EXTMEM_DRIVER_NOR_SFDP_Enable_MemoryMappedMode
                0x3418fdd2       0x42 ./Middlewares/STM32_ExtMem_Manager/stm32_sfdp_driver.o
                0x3418fdd2                EXTMEM_DRIVER_NOR_SFDP_Enable_MemoryMappedMode
 .text.EXTMEM_DRIVER_NOR_SFDP_Disable_MemoryMappedMode
                0x3418fe14       0x2c ./Middlewares/STM32_ExtMem_Manager/stm32_sfdp_driver.o
                0x3418fe14                EXTMEM_DRIVER_NOR_SFDP_Disable_MemoryMappedMode
 .text.memset   0x3418fe40       0x10 C:/ST/STM32CubeIDE_2.0.0/STM32CubeIDE/plugins/com.st.stm32cube.ide.mcu.externaltools.gnu-tools-for-stm32.13.3.rel1.win32_1.0.100.202509120712/tools/bin/../lib/gcc/arm-none-eabi/13.3.1/../../../../arm-none-eabi/lib/thumb/v8-m.main+dp/hard\libc_nano.a(libc_a-memset.o)
                0x3418fe40                memset
 .text.__libc_init_array
                0x3418fe50       0x48 C:/ST/STM32CubeIDE_2.0.0/STM32CubeIDE/plugins/com.st.stm32cube.ide.mcu.externaltools.gnu-tools-for-stm32.13.3.rel1.win32_1.0.100.202509120712/tools/bin/../lib/gcc/arm-none-eabi/13.3.1/../../../../arm-none-eabi/lib/thumb/v8-m.main+dp/hard\libc_nano.a(libc_a-init.o)
                0x3418fe50                __libc_init_array
 .text.memcpy   0x3418fe98       0x1a C:/ST/STM32CubeIDE_2.0.0/STM32CubeIDE/plugins/com.st.stm32cube.ide.mcu.externaltools.gnu-tools-for-stm32.13.3.rel1.win32_1.0.100.202509120712/tools/bin/../lib/gcc/arm-none-eabi/13.3.1/../../../../arm-none-eabi/lib/thumb/v8-m.main+dp/hard\libc_nano.a(libc_a-memcpy-stub.o)
                0x3418fe98                memcpy
 *(.glue_7)
 .glue_7        0x3418feb2        0x0 linker stubs
 *(.glue_7t)
 .glue_7t       0x3418feb2        0x0 linker stubs
 *(.eh_frame)
 *fill*         0x3418feb2        0x2 
 .eh_frame      0x3418feb4        0x0 C:/ST/STM32CubeIDE_2.0.0/STM32CubeIDE/plugins/com.st.stm32cube.ide.mcu.externaltools.gnu-tools-for-stm32.13.3.rel1.win32_1.0.100.202509120712/tools/bin/../lib/gcc/arm-none-eabi/13.3.1/thumb/v8-m.main+dp/hard/crtbegin.o
 *(.RamFunc)
 *(.RamFunc*)
 *(.init)
 .init          0x3418feb4        0x4 C:/ST/STM32CubeIDE_2.0.0/STM32CubeIDE/plugins/com.st.stm32cube.ide.mcu.externaltools.gnu-tools-for-stm32.13.3.rel1.win32_1.0.100.202509120712/tools/bin/../lib/gcc/arm-none-eabi/13.3.1/thumb/v8-m.main+dp/hard/crti.o
                0x3418feb4                _init
 .init          0x3418feb8        0x8 C:/ST/STM32CubeIDE_2.0.0/STM32CubeIDE/plugins/com.st.stm32cube.ide.mcu.externaltools.gnu-tools-for-stm32.13.3.rel1.win32_1.0.100.202509120712/tools/bin/../lib/gcc/arm-none-eabi/13.3.1/thumb/v8-m.main+dp/hard/crtn.o
 *(.fini)
 .fini          0x3418fec0        0x4 C:/ST/STM32CubeIDE_2.0.0/STM32CubeIDE/plugins/com.st.stm32cube.ide.mcu.externaltools.gnu-tools-for-stm32.13.3.rel1.win32_1.0.100.202509120712/tools/bin/../lib/gcc/arm-none-eabi/13.3.1/thumb/v8-m.main+dp/hard/crti.o
                0x3418fec0                _fini
 .fini          0x3418fec4        0x8 C:/ST/STM32CubeIDE_2.0.0/STM32CubeIDE/plugins/com.st.stm32cube.ide.mcu.externaltools.gnu-tools-for-stm32.13.3.rel1.win32_1.0.100.202509120712/tools/bin/../lib/gcc/arm-none-eabi/13.3.1/thumb/v8-m.main+dp/hard/crtn.o
                0x3418fecc                        . = ALIGN (0x4)
                0x3418fecc                        _etext = .

.vfp11_veneer   0x3418fecc        0x0
 .vfp11_veneer  0x3418fecc        0x0 linker stubs

.v4_bx          0x3418fecc        0x0
 .v4_bx         0x3418fecc        0x0 linker stubs

.iplt           0x3418fecc        0x0
 .iplt          0x3418fecc        0x0 C:/ST/STM32CubeIDE_2.0.0/STM32CubeIDE/plugins/com.st.stm32cube.ide.mcu.externaltools.gnu-tools-for-stm32.13.3.rel1.win32_1.0.100.202509120712/tools/bin/../lib/gcc/arm-none-eabi/13.3.1/thumb/v8-m.main+dp/hard/crtbegin.o

.rodata         0x3418fecc       0x44
                0x3418fecc                        . = ALIGN (0x4)
 *(.rodata)
 .rodata        0x3418fecc       0x2a ./Middlewares/STM32_ExtMem_Manager/stm32_sfdp_data.o
 *(.rodata*)
 *fill*         0x3418fef6        0x2 
 .rodata.block_erase_unit.1
                0x3418fef8        0x8 ./Middlewares/STM32_ExtMem_Manager/stm32_sfdp_data.o
 .rodata.chip_erase_unit.0
                0x3418ff00       0x10 ./Middlewares/STM32_ExtMem_Manager/stm32_sfdp_data.o
                0x3418ff10                        . = ALIGN (0x4)

.ARM.extab      0x3418ff10        0x0
                0x3418ff10                        . = ALIGN (0x4)
 *(.ARM.extab* .gnu.linkonce.armextab.*)
                0x3418ff10                        . = ALIGN (0x4)

.ARM            0x3418ff10        0x0
                0x3418ff10                        . = ALIGN (0x4)
                0x3418ff10                        __exidx_start = .
 *(.ARM.exidx*)
                0x3418ff10                        __exidx_end = .
                0x3418ff10                        . = ALIGN (0x4)

.preinit_array  0x3418ff10        0x0
                0x3418ff10                        . = ALIGN (0x4)
                0x3418ff10                        PROVIDE (__preinit_array_start = .)
 *(.preinit_array*)
                0x3418ff10                        PROVIDE (__preinit_array_end = .)
                0x3418ff10                        . = ALIGN (0x4)

.init_array     0x3418ff10        0x4
                0x3418ff10                        . = ALIGN (0x4)
                0x3418ff10                        PROVIDE (__init_array_start = .)
 *(SORT_BY_NAME(.init_array.*))
 *(.init_array*)
 .init_array    0x3418ff10        0x4 C:/ST/STM32CubeIDE_2.0.0/STM32CubeIDE/plugins/com.st.stm32cube.ide.mcu.externaltools.gnu-tools-for-stm32.13.3.rel1.win32_1.0.100.202509120712/tools/bin/../lib/gcc/arm-none-eabi/13.3.1/thumb/v8-m.main+dp/hard/crtbegin.o
                0x3418ff14                        PROVIDE (__init_array_end = .)
                0x3418ff14                        . = ALIGN (0x4)

.fini_array     0x3418ff14        0x4
                0x3418ff14                        . = ALIGN (0x4)
                [!provide]                        PROVIDE (__fini_array_start = .)
 *(SORT_BY_NAME(.fini_array.*))
 *(.fini_array*)
 .fini_array    0x3418ff14        0x4 C:/ST/STM32CubeIDE_2.0.0/STM32CubeIDE/plugins/com.st.stm32cube.ide.mcu.externaltools.gnu-tools-for-stm32.13.3.rel1.win32_1.0.100.202509120712/tools/bin/../lib/gcc/arm-none-eabi/13.3.1/thumb/v8-m.main+dp/hard/crtbegin.o
                [!provide]                        PROVIDE (__fini_array_end = .)
                0x3418ff18                        . = ALIGN (0x4)
                0x3418ff18                        _sidata = LOADADDR (.data)

.rel.dyn        0x3418ff18        0x0
 .rel.iplt      0x3418ff18        0x0 C:/ST/STM32CubeIDE_2.0.0/STM32CubeIDE/plugins/com.st.stm32cube.ide.mcu.externaltools.gnu-tools-for-stm32.13.3.rel1.win32_1.0.100.202509120712/tools/bin/../lib/gcc/arm-none-eabi/13.3.1/thumb/v8-m.main+dp/hard/crtbegin.o

.data           0x341c0000        0xc load address 0x3418ff18
                0x341c0000                        . = ALIGN (0x4)
                0x341c0000                        _sdata = .
 *(.data)
 *(.data*)
 .data.SystemCoreClock
                0x341c0000        0x4 ./Drivers/CMSIS/system_stm32n6xx_fsbl.o
                0x341c0000                SystemCoreClock
 .data.uwTickPrio
                0x341c0004        0x4 ./Drivers/STM32N6xx_HAL_Driver/stm32n6xx_hal.o
                0x341c0004                uwTickPrio
 .data.uwTickFreq
                0x341c0008        0x1 ./Drivers/STM32N6xx_HAL_Driver/stm32n6xx_hal.o
                0x341c0008                uwTickFreq
                0x341c000c                        . = ALIGN (0x4)
 *fill*         0x341c0009        0x3 
                0x341c000c                        _edata = .

.igot.plt       0x341c000c        0x0 load address 0x3418ff24
 .igot.plt      0x341c000c        0x0 C:/ST/STM32CubeIDE_2.0.0/STM32CubeIDE/plugins/com.st.stm32cube.ide.mcu.externaltools.gnu-tools-for-stm32.13.3.rel1.win32_1.0.100.202509120712/tools/bin/../lib/gcc/arm-none-eabi/13.3.1/thumb/v8-m.main+dp/hard/crtbegin.o

.noncacheable   0x341c000c        0x4 load address 0x3418ff24
                0x341c0010                        . = ALIGN (0x8)
 *fill*         0x341c000c        0x4 
                0x341c0010                        __snoncacheable = .
 *(.noncacheable)
                0x341c0010                        . = ALIGN (0x8)
                0x341c0010                        __enoncacheable = .

.gnu.sgstubs    0x3418ff40       0x20
                0x3418ff40                        . = ALIGN (0x4)
 *(.gnu.sgstubs*)
                0x3418ff40                        . = ALIGN (0x4)
 .gnu.sgstubs.__stub
                0x3418ff40        0x8 linker stubs
                0x3418ff40                SECURE_SystemCoreClockUpdate
                0x3418ff48                        . = ALIGN (0x4)

.bss            0x341c0010      0x3d0
                0x341c0010                        _sbss = .
                0x341c0010                        __bss_start__ = _sbss
 *(.bss)
 .bss           0x341c0010       0x1c C:/ST/STM32CubeIDE_2.0.0/STM32CubeIDE/plugins/com.st.stm32cube.ide.mcu.externaltools.gnu-tools-for-stm32.13.3.rel1.win32_1.0.100.202509120712/tools/bin/../lib/gcc/arm-none-eabi/13.3.1/thumb/v8-m.main+dp/hard/crtbegin.o
 *(.bss*)
 .bss.hxspi1    0x341c002c       0x64 ./Application/User/Core/main.o
                0x341c002c                hxspi1
 .bss.hxspi2    0x341c0090       0x64 ./Application/User/Core/main.o
                0x341c0090                hxspi2
 .bss.HAL_RCC_XSPIM_CLK_ENABLED
                0x341c00f4        0x4 ./Application/User/Core/stm32n6xx_hal_msp.o
 .bss.uwTick    0x341c00f8        0x4 ./Drivers/STM32N6xx_HAL_Driver/stm32n6xx_hal.o
                0x341c00f8                uwTick
 .bss.JumpToApp.0
                0x341c00fc        0x4 ./Middlewares/STM32_ExtMem_Manager/stm32_boot_lrun.o
 .bss.extmem_list_config
                0x341c0100      0x158 ./Middlewares/STM32_ExtMem_Manager/stm32_extmem.o
                0x341c0100                extmem_list_config
 .bss.sfdp_param_info
                0x341c0258       0x78 ./Middlewares/STM32_ExtMem_Manager/stm32_sfdp_data.o
 .bss.JEDEC_Basic
                0x341c02d0       0x60 ./Middlewares/STM32_ExtMem_Manager/stm32_sfdp_data.o
 .bss.JEDEC_Address4Bytes
                0x341c0330        0x8 ./Middlewares/STM32_ExtMem_Manager/stm32_sfdp_data.o
 .bss.JEDEC_XSPI10
                0x341c0338       0x18 ./Middlewares/STM32_ExtMem_Manager/stm32_sfdp_data.o
 .bss.JEDEC_SCCR_Map
                0x341c0350       0x70 ./Middlewares/STM32_ExtMem_Manager/stm32_sfdp_data.o
 .bss.JEDEC_OctalDdr
                0x341c03c0       0x20 ./Middlewares/STM32_ExtMem_Manager/stm32_sfdp_data.o
 *(COMMON)
                0x341c03e0                        . = ALIGN (0x4)
                0x341c03e0                        _ebss = .
                0x341c03e0                        __bss_end__ = _ebss

._user_heap_stack
                0x341c03e0      0xa00
                0x341c03e0                        . = ALIGN (0x8)
                [!provide]                        PROVIDE (end = .)
                0x341c03e0                        PROVIDE (_end = .)
                0x341c05e0                        . = (. + _Min_Heap_Size)
 *fill*         0x341c03e0      0x200 
                0x341c0de0                        . = (. + _Min_Stack_Size)
 *fill*         0x341c05e0      0x800 
                0x341c0de0                        . = ALIGN (0x8)

/DISCARD/
 libc.a(*)
 libm.a(*)
 libgcc.a(*)

.ARM.attributes
                0x00000000       0x3a
 *(.ARM.attributes)
 .ARM.attributes
                0x00000000       0x24 C:/ST/STM32CubeIDE_2.0.0/STM32CubeIDE/plugins/com.st.stm32cube.ide.mcu.externaltools.gnu-tools-for-stm32.13.3.rel1.win32_1.0.100.202509120712/tools/bin/../lib/gcc/arm-none-eabi/13.3.1/thumb/v8-m.main+dp/hard/crti.o
 .ARM.attributes
                0x00000024       0x36 C:/ST/STM32CubeIDE_2.0.0/STM32CubeIDE/plugins/com.st.stm32cube.ide.mcu.externaltools.gnu-tools-for-stm32.13.3.rel1.win32_1.0.100.202509120712/tools/bin/../lib/gcc/arm-none-eabi/13.3.1/thumb/v8-m.main+dp/hard/crtbegin.o
 .ARM.attributes
                0x0000005a       0x3e ./Application/User/Core/extmem_manager.o
 .ARM.attributes
                0x00000098       0x3e ./Application/User/Core/main.o
 .ARM.attributes
                0x000000d6       0x3e ./Application/User/Core/stm32n6xx_hal_msp.o
 .ARM.attributes
                0x00000114       0x3e ./Application/User/Core/stm32n6xx_it.o
 .ARM.attributes
                0x00000152       0x22 ./Application/User/Startup/startup_stm32n657x0hxq_fsbl.o
 .ARM.attributes
                0x00000174       0x3e ./Drivers/CMSIS/system_stm32n6xx_fsbl.o
 .ARM.attributes
                0x000001b2       0x3e ./Drivers/STM32N6xx_HAL_Driver/stm32n6xx_hal.o
 .ARM.attributes
                0x000001f0       0x3e ./Drivers/STM32N6xx_HAL_Driver/stm32n6xx_hal_cortex.o
 .ARM.attributes
                0x0000022e       0x3e ./Drivers/STM32N6xx_HAL_Driver/stm32n6xx_hal_dma.o
 .ARM.attributes
                0x0000026c       0x3e ./Drivers/STM32N6xx_HAL_Driver/stm32n6xx_hal_gpio.o
 .ARM.attributes
                0x000002aa       0x3e ./Drivers/STM32N6xx_HAL_Driver/stm32n6xx_hal_pwr_ex.o
 .ARM.attributes
                0x000002e8       0x3e ./Drivers/STM32N6xx_HAL_Driver/stm32n6xx_hal_rcc.o
 .ARM.attributes
                0x00000326       0x3e ./Drivers/STM32N6xx_HAL_Driver/stm32n6xx_hal_rcc_ex.o
 .ARM.attributes
                0x00000364       0x3e ./Drivers/STM32N6xx_HAL_Driver/stm32n6xx_hal_xspi.o
 .ARM.attributes
                0x000003a2       0x3e ./Middlewares/STM32_ExtMem_Manager/stm32_boot_lrun.o
 .ARM.attributes
                0x000003e0       0x3e ./Middlewares/STM32_ExtMem_Manager/stm32_extmem.o
 .ARM.attributes
                0x0000041e       0x3e ./Middlewares/STM32_ExtMem_Manager/stm32_psram_driver.o
 .ARM.attributes
                0x0000045c       0x3e ./Middlewares/STM32_ExtMem_Manager/stm32_sal_xspi.o
 .ARM.attributes
                0x0000049a       0x3e ./Middlewares/STM32_ExtMem_Manager/stm32_sfdp_data.o
 .ARM.attributes
                0x000004d8       0x3e ./Middlewares/STM32_ExtMem_Manager/stm32_sfdp_driver.o
 .ARM.attributes
                0x00000516       0x36 C:/ST/STM32CubeIDE_2.0.0/STM32CubeIDE/plugins/com.st.stm32cube.ide.mcu.externaltools.gnu-tools-for-stm32.13.3.rel1.win32_1.0.100.202509120712/tools/bin/../lib/gcc/arm-none-eabi/13.3.1/../../../../arm-none-eabi/lib/thumb/v8-m.main+dp/hard\libc_nano.a(libc_a-memset.o)
 .ARM.attributes
                0x0000054c       0x36 C:/ST/STM32CubeIDE_2.0.0/STM32CubeIDE/plugins/com.st.stm32cube.ide.mcu.externaltools.gnu-tools-for-stm32.13.3.rel1.win32_1.0.100.202509120712/tools/bin/../lib/gcc/arm-none-eabi/13.3.1/../../../../arm-none-eabi/lib/thumb/v8-m.main+dp/hard\libc_nano.a(libc_a-init.o)
 .ARM.attributes
                0x00000582       0x36 C:/ST/STM32CubeIDE_2.0.0/STM32CubeIDE/plugins/com.st.stm32cube.ide.mcu.externaltools.gnu-tools-for-stm32.13.3.rel1.win32_1.0.100.202509120712/tools/bin/../lib/gcc/arm-none-eabi/13.3.1/../../../../arm-none-eabi/lib/thumb/v8-m.main+dp/hard\libc_nano.a(libc_a-memcpy-stub.o)
 .ARM.attributes
                0x000005b8       0x24 C:/ST/STM32CubeIDE_2.0.0/STM32CubeIDE/plugins/com.st.stm32cube.ide.mcu.externaltools.gnu-tools-for-stm32.13.3.rel1.win32_1.0.100.202509120712/tools/bin/../lib/gcc/arm-none-eabi/13.3.1/thumb/v8-m.main+dp/hard/crtn.o
OUTPUT(STM32N6-Blink_FSBL.elf elf32-littlearm)
LOAD linker stubs
LOAD C:/ST/STM32CubeIDE_2.0.0/STM32CubeIDE/plugins/com.st.stm32cube.ide.mcu.externaltools.gnu-tools-for-stm32.13.3.rel1.win32_1.0.100.202509120712/tools/bin/../lib/gcc/arm-none-eabi/13.3.1/../../../../arm-none-eabi/lib/thumb/v8-m.main+dp/hard\libc.a
LOAD C:/ST/STM32CubeIDE_2.0.0/STM32CubeIDE/plugins/com.st.stm32cube.ide.mcu.externaltools.gnu-tools-for-stm32.13.3.rel1.win32_1.0.100.202509120712/tools/bin/../lib/gcc/arm-none-eabi/13.3.1/../../../../arm-none-eabi/lib/thumb/v8-m.main+dp/hard\libm.a
LOAD C:/ST/STM32CubeIDE_2.0.0/STM32CubeIDE/plugins/com.st.stm32cube.ide.mcu.externaltools.gnu-tools-for-stm32.13.3.rel1.win32_1.0.100.202509120712/tools/bin/../lib/gcc/arm-none-eabi/13.3.1/thumb/v8-m.main+dp/hard\libgcc.a

.debug_info     0x00000000    0x1fe2f
 .debug_info    0x00000000     0x111f ./Application/User/Core/extmem_manager.o
 .debug_info    0x0000111f     0x2885 ./Application/User/Core/main.o
 .debug_info    0x000039a4     0x2279 ./Application/User/Core/stm32n6xx_hal_msp.o
 .debug_info    0x00005c1d      0x138 ./Application/User/Core/stm32n6xx_it.o
 .debug_info    0x00005d55       0x30 ./Application/User/Startup/startup_stm32n657x0hxq_fsbl.o
 .debug_info    0x00005d85     0x1a83 ./Drivers/CMSIS/system_stm32n6xx_fsbl.o
 .debug_info    0x00007808     0x27e2 ./Drivers/STM32N6xx_HAL_Driver/stm32n6xx_hal.o
 .debug_info    0x00009fea     0x1491 ./Drivers/STM32N6xx_HAL_Driver/stm32n6xx_hal_cortex.o
 .debug_info    0x0000b47b      0xbfa ./Drivers/STM32N6xx_HAL_Driver/stm32n6xx_hal_dma.o
 .debug_info    0x0000c075      0xafd ./Drivers/STM32N6xx_HAL_Driver/stm32n6xx_hal_gpio.o
 .debug_info    0x0000cb72      0xd08 ./Drivers/STM32N6xx_HAL_Driver/stm32n6xx_hal_pwr_ex.o
 .debug_info    0x0000d87a     0x2161 ./Drivers/STM32N6xx_HAL_Driver/stm32n6xx_hal_rcc.o
 .debug_info    0x0000f9db     0x3841 ./Drivers/STM32N6xx_HAL_Driver/stm32n6xx_hal_rcc_ex.o
 .debug_info    0x0001321c     0x2c1c ./Drivers/STM32N6xx_HAL_Driver/stm32n6xx_hal_xspi.o
 .debug_info    0x00015e38      0x8a7 ./Middlewares/STM32_ExtMem_Manager/stm32_boot_lrun.o
 .debug_info    0x000166df     0x170d ./Middlewares/STM32_ExtMem_Manager/stm32_extmem.o
 .debug_info    0x00017dec     0x1089 ./Middlewares/STM32_ExtMem_Manager/stm32_psram_driver.o
 .debug_info    0x00018e75     0x1692 ./Middlewares/STM32_ExtMem_Manager/stm32_sal_xspi.o
 .debug_info    0x0001a507     0x3b58 ./Middlewares/STM32_ExtMem_Manager/stm32_sfdp_data.o
 .debug_info    0x0001e05f     0x1dd0 ./Middlewares/STM32_ExtMem_Manager/stm32_sfdp_driver.o

.debug_abbrev   0x00000000     0x2f45
 .debug_abbrev  0x00000000      0x1cc ./Application/User/Core/extmem_manager.o
 .debug_abbrev  0x000001cc      0x3c9 ./Application/User/Core/main.o
 .debug_abbrev  0x00000595      0x268 ./Application/User/Core/stm32n6xx_hal_msp.o
 .debug_abbrev  0x000007fd       0x73 ./Application/User/Core/stm32n6xx_it.o
 .debug_abbrev  0x00000870       0x24 ./Application/User/Startup/startup_stm32n657x0hxq_fsbl.o
 .debug_abbrev  0x00000894      0x164 ./Drivers/CMSIS/system_stm32n6xx_fsbl.o
 .debug_abbrev  0x000009f8      0x2bd ./Drivers/STM32N6xx_HAL_Driver/stm32n6xx_hal.o
 .debug_abbrev  0x00000cb5      0x330 ./Drivers/STM32N6xx_HAL_Driver/stm32n6xx_hal_cortex.o
 .debug_abbrev  0x00000fe5      0x1dd ./Drivers/STM32N6xx_HAL_Driver/stm32n6xx_hal_dma.o
 .debug_abbrev  0x000011c2      0x24d ./Drivers/STM32N6xx_HAL_Driver/stm32n6xx_hal_gpio.o
 .debug_abbrev  0x0000140f      0x265 ./Drivers/STM32N6xx_HAL_Driver/stm32n6xx_hal_pwr_ex.o
 .debug_abbrev  0x00001674      0x36a ./Drivers/STM32N6xx_HAL_Driver/stm32n6xx_hal_rcc.o
 .debug_abbrev  0x000019de      0x305 ./Drivers/STM32N6xx_HAL_Driver/stm32n6xx_hal_rcc_ex.o
 .debug_abbrev  0x00001ce3      0x2b7 ./Drivers/STM32N6xx_HAL_Driver/stm32n6xx_hal_xspi.o
 .debug_abbrev  0x00001f9a      0x2af ./Middlewares/STM32_ExtMem_Manager/stm32_boot_lrun.o
 .debug_abbrev  0x00002249      0x28b ./Middlewares/STM32_ExtMem_Manager/stm32_extmem.o
 .debug_abbrev  0x000024d4      0x1ec ./Middlewares/STM32_ExtMem_Manager/stm32_psram_driver.o
 .debug_abbrev  0x000026c0      0x268 ./Middlewares/STM32_ExtMem_Manager/stm32_sal_xspi.o
 .debug_abbrev  0x00002928      0x2c0 ./Middlewares/STM32_ExtMem_Manager/stm32_sfdp_data.o
 .debug_abbrev  0x00002be8      0x35d ./Middlewares/STM32_ExtMem_Manager/stm32_sfdp_driver.o

.debug_aranges  0x00000000     0x18c8
 .debug_aranges
                0x00000000       0x20 ./Application/User/Core/extmem_manager.o
 .debug_aranges
                0x00000020       0x58 ./Application/User/Core/main.o
 .debug_aranges
                0x00000078       0x48 ./Application/User/Core/stm32n6xx_hal_msp.o
 .debug_aranges
                0x000000c0       0x68 ./Application/User/Core/stm32n6xx_it.o
 .debug_aranges
                0x00000128       0x28 ./Application/User/Startup/startup_stm32n657x0hxq_fsbl.o
 .debug_aranges
                0x00000150       0x30 ./Drivers/CMSIS/system_stm32n6xx_fsbl.o
 .debug_aranges
                0x00000180      0x3d0 ./Drivers/STM32N6xx_HAL_Driver/stm32n6xx_hal.o
 .debug_aranges
                0x00000550      0x178 ./Drivers/STM32N6xx_HAL_Driver/stm32n6xx_hal_cortex.o
 .debug_aranges
                0x000006c8       0xb8 ./Drivers/STM32N6xx_HAL_Driver/stm32n6xx_hal_dma.o
 .debug_aranges
                0x00000780       0xa8 ./Drivers/STM32N6xx_HAL_Driver/stm32n6xx_hal_gpio.o
 .debug_aranges
                0x00000828      0x260 ./Drivers/STM32N6xx_HAL_Driver/stm32n6xx_hal_pwr_ex.o
 .debug_aranges
                0x00000a88      0x2a0 ./Drivers/STM32N6xx_HAL_Driver/stm32n6xx_hal_rcc.o
 .debug_aranges
                0x00000d28      0x758 ./Drivers/STM32N6xx_HAL_Driver/stm32n6xx_hal_rcc_ex.o
 .debug_aranges
                0x00001480      0x1a8 ./Drivers/STM32N6xx_HAL_Driver/stm32n6xx_hal_xspi.o
 .debug_aranges
                0x00001628       0x48 ./Middlewares/STM32_ExtMem_Manager/stm32_boot_lrun.o
 .debug_aranges
                0x00001670       0x68 ./Middlewares/STM32_ExtMem_Manager/stm32_extmem.o
 .debug_aranges
                0x000016d8       0x40 ./Middlewares/STM32_ExtMem_Manager/stm32_psram_driver.o
 .debug_aranges
                0x00001718       0xb8 ./Middlewares/STM32_ExtMem_Manager/stm32_sal_xspi.o
 .debug_aranges
                0x000017d0       0x80 ./Middlewares/STM32_ExtMem_Manager/stm32_sfdp_data.o
 .debug_aranges
                0x00001850       0x78 ./Middlewares/STM32_ExtMem_Manager/stm32_sfdp_driver.o

.debug_rnglists
                0x00000000     0x12cf
 .debug_rnglists
                0x00000000       0x14 ./Application/User/Core/extmem_manager.o
 .debug_rnglists
                0x00000014       0x43 ./Application/User/Core/main.o
 .debug_rnglists
                0x00000057       0x33 ./Application/User/Core/stm32n6xx_hal_msp.o
 .debug_rnglists
                0x0000008a       0x49 ./Application/User/Core/stm32n6xx_it.o
 .debug_rnglists
                0x000000d3       0x19 ./Application/User/Startup/startup_stm32n657x0hxq_fsbl.o
 .debug_rnglists
                0x000000ec       0x21 ./Drivers/CMSIS/system_stm32n6xx_fsbl.o
 .debug_rnglists
                0x0000010d      0x2da ./Drivers/STM32N6xx_HAL_Driver/stm32n6xx_hal.o
 .debug_rnglists
                0x000003e7      0x115 ./Drivers/STM32N6xx_HAL_Driver/stm32n6xx_hal_cortex.o
 .debug_rnglists
                0x000004fc       0x91 ./Drivers/STM32N6xx_HAL_Driver/stm32n6xx_hal_dma.o
 .debug_rnglists
                0x0000058d       0x80 ./Drivers/STM32N6xx_HAL_Driver/stm32n6xx_hal_gpio.o
 .debug_rnglists
                0x0000060d      0x1c9 ./Drivers/STM32N6xx_HAL_Driver/stm32n6xx_hal_pwr_ex.o
 .debug_rnglists
                0x000007d6      0x201 ./Drivers/STM32N6xx_HAL_Driver/stm32n6xx_hal_rcc.o
 .debug_rnglists
                0x000009d7      0x5a1 ./Drivers/STM32N6xx_HAL_Driver/stm32n6xx_hal_rcc_ex.o
 .debug_rnglists
                0x00000f78      0x14f ./Drivers/STM32N6xx_HAL_Driver/stm32n6xx_hal_xspi.o
 .debug_rnglists
                0x000010c7       0x33 ./Middlewares/STM32_ExtMem_Manager/stm32_boot_lrun.o
 .debug_rnglists
                0x000010fa       0x4d ./Middlewares/STM32_ExtMem_Manager/stm32_extmem.o
 .debug_rnglists
                0x00001147       0x39 ./Middlewares/STM32_ExtMem_Manager/stm32_psram_driver.o
 .debug_rnglists
                0x00001180       0x90 ./Middlewares/STM32_ExtMem_Manager/stm32_sal_xspi.o
 .debug_rnglists